Archive member included to satisfy reference by file (symbol)

/Users/gulda/Documents/risc-v/toolchain-gd32v-v200-osx/compiler/bin/../lib/gcc/riscv64-unknown-elf/8.3.0/rv32imac/ilp32/libgcc.a(divdf3.o)
                              build/tf_card.o (__divdf3)
/Users/gulda/Documents/risc-v/toolchain-gd32v-v200-osx/compiler/bin/../lib/gcc/riscv64-unknown-elf/8.3.0/rv32imac/ilp32/libgcc.a(ledf2.o)
                              build/tf_card.o (__ltdf2)
/Users/gulda/Documents/risc-v/toolchain-gd32v-v200-osx/compiler/bin/../lib/gcc/riscv64-unknown-elf/8.3.0/rv32imac/ilp32/libgcc.a(muldf3.o)
                              build/tf_card.o (__muldf3)
/Users/gulda/Documents/risc-v/toolchain-gd32v-v200-osx/compiler/bin/../lib/gcc/riscv64-unknown-elf/8.3.0/rv32imac/ilp32/libgcc.a(fixdfsi.o)
                              build/main.o (__fixdfsi)
/Users/gulda/Documents/risc-v/toolchain-gd32v-v200-osx/compiler/bin/../lib/gcc/riscv64-unknown-elf/8.3.0/rv32imac/ilp32/libgcc.a(floatsidf.o)
                              build/gd32v_mpu6500_if.o (__floatsidf)
/Users/gulda/Documents/risc-v/toolchain-gd32v-v200-osx/compiler/bin/../lib/gcc/riscv64-unknown-elf/8.3.0/rv32imac/ilp32/libgcc.a(floatunsidf.o)
                              build/tf_card.o (__floatunsidf)
/Users/gulda/Documents/risc-v/toolchain-gd32v-v200-osx/compiler/bin/../lib/gcc/riscv64-unknown-elf/8.3.0/rv32imac/ilp32/libgcc.a(floatundidf.o)
                              build/tf_card.o (__floatundidf)
/Users/gulda/Documents/risc-v/toolchain-gd32v-v200-osx/compiler/bin/../lib/gcc/riscv64-unknown-elf/8.3.0/rv32imac/ilp32/libgcc.a(floatsisf.o)
                              build/mpu6500_driver.o (__floatsisf)
/Users/gulda/Documents/risc-v/toolchain-gd32v-v200-osx/compiler/bin/../lib/gcc/riscv64-unknown-elf/8.3.0/rv32imac/ilp32/libgcc.a(_lshrdi3.o)
                              /Users/gulda/Documents/risc-v/toolchain-gd32v-v200-osx/compiler/bin/../lib/gcc/riscv64-unknown-elf/8.3.0/rv32imac/ilp32/libgcc.a(floatundidf.o) (__lshrdi3)
/Users/gulda/Documents/risc-v/toolchain-gd32v-v200-osx/compiler/bin/../lib/gcc/riscv64-unknown-elf/8.3.0/rv32imac/ilp32/libgcc.a(_ashldi3.o)
                              /Users/gulda/Documents/risc-v/toolchain-gd32v-v200-osx/compiler/bin/../lib/gcc/riscv64-unknown-elf/8.3.0/rv32imac/ilp32/libgcc.a(floatundidf.o) (__ashldi3)
/Users/gulda/Documents/risc-v/toolchain-gd32v-v200-osx/compiler/bin/../lib/gcc/riscv64-unknown-elf/8.3.0/rv32imac/ilp32/libgcc.a(_clzsi2.o)
                              /Users/gulda/Documents/risc-v/toolchain-gd32v-v200-osx/compiler/bin/../lib/gcc/riscv64-unknown-elf/8.3.0/rv32imac/ilp32/libgcc.a(divdf3.o) (__clzsi2)
/Users/gulda/Documents/risc-v/toolchain-gd32v-v200-osx/compiler/bin/../lib/gcc/riscv64-unknown-elf/8.3.0/rv32imac/ilp32/libgcc.a(_clz.o)
                              /Users/gulda/Documents/risc-v/toolchain-gd32v-v200-osx/compiler/bin/../lib/gcc/riscv64-unknown-elf/8.3.0/rv32imac/ilp32/libgcc.a(_clzsi2.o) (__clz_tab)
/Users/gulda/Documents/risc-v/toolchain-gd32v-v200-osx/compiler/bin/../lib/gcc/riscv64-unknown-elf/8.3.0/../../../../riscv64-unknown-elf/lib/rv32imac/ilp32/libc_nano.a(lib_a-atexit.o)
                              build/start.o (atexit)
/Users/gulda/Documents/risc-v/toolchain-gd32v-v200-osx/compiler/bin/../lib/gcc/riscv64-unknown-elf/8.3.0/../../../../riscv64-unknown-elf/lib/rv32imac/ilp32/libc_nano.a(lib_a-exit.o)
                              build/start.o (exit)
/Users/gulda/Documents/risc-v/toolchain-gd32v-v200-osx/compiler/bin/../lib/gcc/riscv64-unknown-elf/8.3.0/../../../../riscv64-unknown-elf/lib/rv32imac/ilp32/libc_nano.a(lib_a-fini.o)
                              build/start.o (__libc_fini_array)
/Users/gulda/Documents/risc-v/toolchain-gd32v-v200-osx/compiler/bin/../lib/gcc/riscv64-unknown-elf/8.3.0/../../../../riscv64-unknown-elf/lib/rv32imac/ilp32/libc_nano.a(lib_a-impure.o)
                              /Users/gulda/Documents/risc-v/toolchain-gd32v-v200-osx/compiler/bin/../lib/gcc/riscv64-unknown-elf/8.3.0/../../../../riscv64-unknown-elf/lib/rv32imac/ilp32/libc_nano.a(lib_a-exit.o) (_global_impure_ptr)
/Users/gulda/Documents/risc-v/toolchain-gd32v-v200-osx/compiler/bin/../lib/gcc/riscv64-unknown-elf/8.3.0/../../../../riscv64-unknown-elf/lib/rv32imac/ilp32/libc_nano.a(lib_a-init.o)
                              build/start.o (__libc_init_array)
/Users/gulda/Documents/risc-v/toolchain-gd32v-v200-osx/compiler/bin/../lib/gcc/riscv64-unknown-elf/8.3.0/../../../../riscv64-unknown-elf/lib/rv32imac/ilp32/libc_nano.a(lib_a-memcpy-asm.o)
                              build/gd32vf103_rcu.o (memcpy)
/Users/gulda/Documents/risc-v/toolchain-gd32v-v200-osx/compiler/bin/../lib/gcc/riscv64-unknown-elf/8.3.0/../../../../riscv64-unknown-elf/lib/rv32imac/ilp32/libc_nano.a(lib_a-memset.o)
                              build/drv_usb_core.o (memset)
[...]
Memory Configuration

Name             Origin             Length             Attributes
flash            0x0000000008000000 0x0000000000020000 axrl !w
ram              0x0000000020000000 0x0000000000008000 axw !rl
*default*        0x0000000000000000 0xffffffffffffffff

Linker script and memory map

LOAD build/gd32vf103_adc.o
LOAD build/gd32vf103_bkp.o
LOAD build/gd32vf103_can.o
LOAD build/gd32vf103_crc.o
LOAD build/gd32vf103_dac.o
LOAD build/gd32vf103_dbg.o
LOAD build/gd32vf103_dma.o
LOAD build/gd32vf103_eclic.o
LOAD build/gd32vf103_exmc.o
LOAD build/gd32vf103_exti.o
LOAD build/gd32vf103_fmc.o
LOAD build/gd32vf103_fwdgt.o
LOAD build/gd32vf103_gpio.o
LOAD build/gd32vf103_i2c.o
LOAD build/gd32vf103_pmu.o
LOAD build/gd32vf103_rcu.o
LOAD build/gd32vf103_rtc.o
LOAD build/gd32vf103_spi.o
LOAD build/gd32vf103_timer.o
LOAD build/gd32vf103_usart.o
LOAD build/gd32vf103_wwdgt.o
LOAD build/system_gd32vf103.o
LOAD build/_exit.o
LOAD build/close.o
LOAD build/fstat.o
LOAD build/isatty.o
LOAD build/lseek.o
LOAD build/read.o
LOAD build/sbrk.o
LOAD build/write.o
LOAD build/write_hex.o
LOAD build/n200_func.o
LOAD build/handlers.o
LOAD build/init.o
LOAD build/dac.o
LOAD build/dma.o
LOAD build/eclicw.o
LOAD build/ff.o
LOAD build/ffsystem.o
LOAD build/ffunicode.o
LOAD build/gd32v_tf_card_if.o
LOAD build/tf_card.o
LOAD build/tf_delay.o
LOAD build/gd32v_mpu6500_if.o
LOAD build/mpu6500_driver.o
LOAD build/systick.o
LOAD build/usart.o
LOAD build/cdc_acm_core.o
LOAD build/drv_usb_core.o
LOAD build/drv_usb_dev.o
LOAD build/drv_usbd_int.o
LOAD build/gd32vf103_hw.o
LOAD build/gd32vf103_usb_it.o
LOAD build/usb_delay.o
LOAD build/usb_serial_if.o
LOAD build/usbd_core.o
LOAD build/usbd_enum.o
LOAD build/usbd_transc.o
LOAD build/weak.o
LOAD build/adc.o
LOAD build/main.o
LOAD build/queue.o
LOAD build/radioHead.o
LOAD build/rn4871.o
LOAD build/state.o
LOAD build/start.o
LOAD build/entry.o
LOAD /Users/gulda/Documents/risc-v/toolchain-gd32v-v200-osx/compiler/bin/../lib/gcc/riscv64-unknown-elf/8.3.0/rv32imac/ilp32/libgcc.a
LOAD /Users/gulda/Documents/risc-v/toolchain-gd32v-v200-osx/compiler/bin/../lib/gcc/riscv64-unknown-elf/8.3.0/../../../../riscv64-unknown-elf/lib/rv32imac/ilp32/libc_nano.a
LOAD /Users/gulda/Documents/risc-v/toolchain-gd32v-v200-osx/compiler/bin/../lib/gcc/riscv64-unknown-elf/8.3.0/rv32imac/ilp32/libgcc.a
START GROUP
LOAD /Users/gulda/Documents/risc-v/toolchain-gd32v-v200-osx/compiler/bin/../lib/gcc/riscv64-unknown-elf/8.3.0/rv32imac/ilp32/libgcc.a
LOAD /Users/gulda/Documents/risc-v/toolchain-gd32v-v200-osx/compiler/bin/../lib/gcc/riscv64-unknown-elf/8.3.0/../../../../riscv64-unknown-elf/lib/rv32imac/ilp32/libc_nano.a
LOAD /Users/gulda/Documents/risc-v/toolchain-gd32v-v200-osx/compiler/bin/../lib/gcc/riscv64-unknown-elf/8.3.0/../../../../riscv64-unknown-elf/lib/rv32imac/ilp32/libgloss_nano.a
END GROUP
                0x0000000000001000                __stack_size = DEFINED (__stack_size)?__stack_size:0x1000
                0x0000000000000000                __dbg_stack_size = DEFINED (__dbg_stack_size)?__dbg_stack_size:0x0

.init           0x0000000008000000      0x254
 *(SORT_NONE(.init))
 .init          0x0000000008000000      0x254 build/start.o
                0x000000000800015c                _start
                0x0000000008000246                disable_mcycle_minstret
                0x000000000800024c                enable_mcycle_minstret

.ilalign        0x0000000008000254        0x0
                0x0000000008000254                . = ALIGN (0x4)
                [!provide]                        PROVIDE (_ilm_lma = .)

.ialign         0x0000000008000254        0x0
                [!provide]                        PROVIDE (_ilm = .)

.text           0x0000000008000280     0x7b46
 *(.rodata .rodata.*)
 .rodata        0x0000000008000280       0x10 build/gd32vf103_rcu.o
 .rodata._exit.str1.4
                0x0000000008000290       0x1f build/_exit.o
                                         0x23 (size before relaxing)
 *fill*         0x00000000080002af        0x1 
 .rodata.write_hex.str1.4
                0x00000000080002b0        0x3 build/write_hex.o
 *fill*         0x00000000080002b3        0x1 
 .rodata.handle_nmi.str1.4
                0x00000000080002b4        0x5 build/handlers.o
 *fill*         0x00000000080002b9        0x3 
 .rodata.handle_trap.str1.4
                0x00000000080002bc        0x6 build/handlers.o
 *fill*         0x00000000080002c2        0x2 
 .rodata.check_fs.str1.4
                0x00000000080002c4        0xa build/ff.o
 *fill*         0x00000000080002ce        0x2 
 .rodata.f_open.str1.4
                0x00000000080002d0        0xf build/ff.o
 *fill*         0x00000000080002df        0x1 
 .rodata.wait_ready.cst8
                0x00000000080002e0        0x8 build/tf_card.o
 .rodata.delay_1ms.cst8
                0x00000000080002e8        0x8 build/systick.o
 .rodata.__compound_literal.0
                0x00000000080002e8       0x18 build/cdc_acm_core.o
 .rodata.__compound_literal.1
                0x0000000008000300       0x3a build/cdc_acm_core.o
 *fill*         0x000000000800033a        0x2 
 .rodata.__compound_literal.2
                0x000000000800033c       0x30 build/cdc_acm_core.o
 .rodata.device_descriptor
                0x000000000800036c       0x12 build/cdc_acm_core.o
                0x000000000800036c                device_descriptor
 *fill*         0x000000000800037e        0x2 
 .rodata.usbd_strings
                0x0000000008000380       0x10 build/cdc_acm_core.o
                0x0000000008000380                usbd_strings
 .rodata._std_dev_req
                0x0000000008000390       0x34 build/usbd_enum.o
 *fill*         0x00000000080003c4        0x4 
 .rodata        0x00000000080003c8       0xd8 build/main.o
 .rodata        0x00000000080004a0       0x3c /Users/gulda/Documents/risc-v/toolchain-gd32v-v200-osx/compiler/bin/../lib/gcc/riscv64-unknown-elf/8.3.0/rv32imac/ilp32/libgcc.a(divdf3.o)
 .rodata        0x00000000080004dc       0x3c /Users/gulda/Documents/risc-v/toolchain-gd32v-v200-osx/compiler/bin/../lib/gcc/riscv64-unknown-elf/8.3.0/rv32imac/ilp32/libgcc.a(muldf3.o)
 .rodata        0x0000000008000518      0x100 /Users/gulda/Documents/risc-v/toolchain-gd32v-v200-osx/compiler/bin/../lib/gcc/riscv64-unknown-elf/8.3.0/rv32imac/ilp32/libgcc.a(_clz.o)
                0x0000000008000518                __clz_tab
 .rodata.__sf_fake_stderr
                0x0000000008000618       0x20 /Users/gulda/Documents/risc-v/toolchain-gd32v-v200-osx/compiler/bin/../lib/gcc/riscv64-unknown-elf/8.3.0/../../../../riscv64-unknown-elf/lib/rv32imac/ilp32/libc_nano.a(lib_a-findfp.o)
                0x0000000008000618                __sf_fake_stderr
 .rodata.__sf_fake_stdin
                0x0000000008000638       0x20 /Users/gulda/Documents/risc-v/toolchain-gd32v-v200-osx/compiler/bin/../lib/gcc/riscv64-unknown-elf/8.3.0/../../../../riscv64-unknown-elf/lib/rv32imac/ilp32/libc_nano.a(lib_a-findfp.o)
                0x0000000008000638                __sf_fake_stdin
 .rodata.__sf_fake_stdout
                0x0000000008000658       0x20 /Users/gulda/Documents/risc-v/toolchain-gd32v-v200-osx/compiler/bin/../lib/gcc/riscv64-unknown-elf/8.3.0/../../../../riscv64-unknown-elf/lib/rv32imac/ilp32/libc_nano.a(lib_a-findfp.o)
                0x0000000008000658                __sf_fake_stdout
 .rodata._svfprintf_r.str1.4
                0x0000000008000678       0x13 /Users/gulda/Documents/risc-v/toolchain-gd32v-v200-osx/compiler/bin/../lib/gcc/riscv64-unknown-elf/8.3.0/../../../../riscv64-unknown-elf/lib/rv32imac/ilp32/libc_nano.a(lib_a-nano-svfprintf.o)
 *fill*         0x000000000800068b        0x1 
 .rodata._printf_i.str1.4
                0x000000000800068c       0x28 /Users/gulda/Documents/risc-v/toolchain-gd32v-v200-osx/compiler/bin/../lib/gcc/riscv64-unknown-elf/8.3.0/../../../../riscv64-unknown-elf/lib/rv32imac/ilp32/libc_nano.a(lib_a-nano-vfprintf_i.o)
                                         0x25 (size before relaxing)
 *(.text.unlikely .text.unlikely.*)
 *(.text.startup .text.startup.*)
 .text.startup.main
                0x00000000080006b4      0x4e2 build/main.o
                0x00000000080006b4                main
 *(.text .text.*)
 .text.adc_deinit
                0x0000000008000b96       0x50 build/gd32vf103_adc.o
                0x0000000008000b96                adc_deinit
 .text.adc_mode_config
                0x0000000008000be6       0x20 build/gd32vf103_adc.o
                0x0000000008000be6                adc_mode_config
 .text.adc_data_alignment_config
                0x0000000008000c06       0x1a build/gd32vf103_adc.o
                0x0000000008000c06                adc_data_alignment_config
 .text.adc_enable
                0x0000000008000c20       0x10 build/gd32vf103_adc.o
                0x0000000008000c20                adc_enable
 .text.adc_calibration_enable
                0x0000000008000c30       0x22 build/gd32vf103_adc.o
                0x0000000008000c30                adc_calibration_enable
 .text.adc_dma_mode_enable
                0x0000000008000c52        0xa build/gd32vf103_adc.o
                0x0000000008000c52                adc_dma_mode_enable
 .text.adc_discontinuous_mode_config
                0x0000000008000c5c       0x46 build/gd32vf103_adc.o
                0x0000000008000c5c                adc_discontinuous_mode_config
 .text.adc_channel_length_config
                0x0000000008000ca2       0x4a build/gd32vf103_adc.o
                0x0000000008000ca2                adc_channel_length_config
 .text.adc_regular_channel_config
                0x0000000008000cec       0xbe build/gd32vf103_adc.o
                0x0000000008000cec                adc_regular_channel_config
 .text.adc_external_trigger_source_config
                0x0000000008000daa       0x34 build/gd32vf103_adc.o
                0x0000000008000daa                adc_external_trigger_source_config
 .text.adc_external_trigger_config
                0x0000000008000dde       0x3a build/gd32vf103_adc.o
                0x0000000008000dde                adc_external_trigger_config
 .text.adc_software_trigger_enable
                0x0000000008000e18       0x20 build/gd32vf103_adc.o
                0x0000000008000e18                adc_software_trigger_enable
 .text.adc_flag_get
                0x0000000008000e38        0xa build/gd32vf103_adc.o
                0x0000000008000e38                adc_flag_get
 .text.adc_flag_clear
                0x0000000008000e42        0xc build/gd32vf103_adc.o
                0x0000000008000e42                adc_flag_clear
 .text.dma_deinit
                0x0000000008000e4e       0x44 build/gd32vf103_dma.o
                0x0000000008000e4e                dma_deinit
 .text.dma_init
                0x0000000008000e92       0x8c build/gd32vf103_dma.o
                0x0000000008000e92                dma_init
 .text.dma_circulation_enable
                0x0000000008000f1e       0x26 build/gd32vf103_dma.o
                0x0000000008000f1e                dma_circulation_enable
 .text.dma_circulation_disable
                0x0000000008000f44       0x26 build/gd32vf103_dma.o
                0x0000000008000f44                dma_circulation_disable
 .text.dma_channel_enable
                0x0000000008000f6a       0x26 build/gd32vf103_dma.o
                0x0000000008000f6a                dma_channel_enable
 .text.eclic_global_interrupt_enable
                0x0000000008000f90        0x6 build/gd32vf103_eclic.o
                0x0000000008000f90                eclic_global_interrupt_enable
 .text.eclic_global_interrupt_disable
                0x0000000008000f96        0x6 build/gd32vf103_eclic.o
                0x0000000008000f96                eclic_global_interrupt_disable
 .text.eclic_irq_enable
                0x0000000008000f9c       0x34 build/gd32vf103_eclic.o
                0x0000000008000f9c                eclic_irq_enable
 .text.exti_interrupt_flag_clear
                0x0000000008000fd0        0xa build/gd32vf103_exti.o
                0x0000000008000fd0                exti_interrupt_flag_clear
 .text.gpio_init
                0x0000000008000fda       0xa4 build/gd32vf103_gpio.o
                0x0000000008000fda                gpio_init
 .text.gpio_bit_set
                0x000000000800107e        0x4 build/gd32vf103_gpio.o
                0x000000000800107e                gpio_bit_set
 .text.gpio_bit_reset
                0x0000000008001082        0x4 build/gd32vf103_gpio.o
                0x0000000008001082                gpio_bit_reset
 .text.gpio_bit_write
                0x0000000008001086        0xa build/gd32vf103_gpio.o
                0x0000000008001086                gpio_bit_write
 .text.rcu_periph_clock_enable
                0x0000000008001090       0x18 build/gd32vf103_rcu.o
                0x0000000008001090                rcu_periph_clock_enable
 .text.rcu_periph_reset_enable
                0x00000000080010a8       0x18 build/gd32vf103_rcu.o
                0x00000000080010a8                rcu_periph_reset_enable
 .text.rcu_periph_reset_disable
                0x00000000080010c0       0x1c build/gd32vf103_rcu.o
                0x00000000080010c0                rcu_periph_reset_disable
 .text.rcu_adc_clock_config
                0x00000000080010dc       0x40 build/gd32vf103_rcu.o
                0x00000000080010dc                rcu_adc_clock_config
 .text.rcu_usb_clock_config
                0x000000000800111c       0x14 build/gd32vf103_rcu.o
                0x000000000800111c                rcu_usb_clock_config
 .text.rcu_clock_freq_get
                0x0000000008001130      0x13a build/gd32vf103_rcu.o
                0x0000000008001130                rcu_clock_freq_get
 .text.spi_init
                0x000000000800126a       0x36 build/gd32vf103_spi.o
                0x000000000800126a                spi_init
 .text.spi_enable
                0x00000000080012a0        0xa build/gd32vf103_spi.o
                0x00000000080012a0                spi_enable
 .text.spi_i2s_data_transmit
                0x00000000080012aa        0x4 build/gd32vf103_spi.o
                0x00000000080012aa                spi_i2s_data_transmit
 .text.spi_i2s_data_receive
                0x00000000080012ae        0x8 build/gd32vf103_spi.o
                0x00000000080012ae                spi_i2s_data_receive
 .text.spi_crc_polynomial_set
                0x00000000080012b6        0xc build/gd32vf103_spi.o
                0x00000000080012b6                spi_crc_polynomial_set
 .text.spi_i2s_flag_get
                0x00000000080012c2        0xa build/gd32vf103_spi.o
                0x00000000080012c2                spi_i2s_flag_get
 .text.timer_deinit
                0x00000000080012cc       0xd2 build/gd32vf103_timer.o
                0x00000000080012cc                timer_deinit
 .text.timer_struct_para_init
                0x000000000800139e       0x18 build/gd32vf103_timer.o
                0x000000000800139e                timer_struct_para_init
 .text.timer_init
                0x00000000080013b6       0x8e build/gd32vf103_timer.o
                0x00000000080013b6                timer_init
 .text.timer_enable
                0x0000000008001444        0xa build/gd32vf103_timer.o
                0x0000000008001444                timer_enable
 .text.timer_channel_output_struct_para_init
                0x000000000800144e       0x1a build/gd32vf103_timer.o
                0x000000000800144e                timer_channel_output_struct_para_init
 .text.timer_channel_output_config
                0x0000000008001468      0x23c build/gd32vf103_timer.o
                0x0000000008001468                timer_channel_output_config
 .text.timer_channel_output_mode_config
                0x00000000080016a4       0x56 build/gd32vf103_timer.o
                0x00000000080016a4                timer_channel_output_mode_config
 .text.timer_channel_output_pulse_value_config
                0x00000000080016fa       0x26 build/gd32vf103_timer.o
                0x00000000080016fa                timer_channel_output_pulse_value_config
 .text.timer_channel_output_shadow_config
                0x0000000008001720       0x56 build/gd32vf103_timer.o
                0x0000000008001720                timer_channel_output_shadow_config
 .text.timer_interrupt_enable
                0x0000000008001776        0x8 build/gd32vf103_timer.o
                0x0000000008001776                timer_interrupt_enable
 .text.timer_interrupt_disable
                0x000000000800177e        0xc build/gd32vf103_timer.o
                0x000000000800177e                timer_interrupt_disable
 .text.timer_interrupt_flag_get
                0x000000000800178a       0x12 build/gd32vf103_timer.o
                0x000000000800178a                timer_interrupt_flag_get
 .text.timer_interrupt_flag_clear
                0x000000000800179c        0x8 build/gd32vf103_timer.o
                0x000000000800179c                timer_interrupt_flag_clear
 .text.usart_deinit
                0x00000000080017a4       0xa2 build/gd32vf103_usart.o
                0x00000000080017a4                usart_deinit
 .text.usart_baudrate_set
                0x0000000008001846       0x6c build/gd32vf103_usart.o
                0x0000000008001846                usart_baudrate_set
 .text.usart_parity_config
                0x00000000080018b2       0x10 build/gd32vf103_usart.o
                0x00000000080018b2                usart_parity_config
 .text.usart_word_length_set
                0x00000000080018c2       0x12 build/gd32vf103_usart.o
                0x00000000080018c2                usart_word_length_set
 .text.usart_stop_bit_set
                0x00000000080018d4       0x12 build/gd32vf103_usart.o
                0x00000000080018d4                usart_stop_bit_set
 .text.usart_enable
                0x00000000080018e6        0xa build/gd32vf103_usart.o
                0x00000000080018e6                usart_enable
 .text.usart_transmit_config
                0x00000000080018f0        0xa build/gd32vf103_usart.o
                0x00000000080018f0                usart_transmit_config
 .text.usart_receive_config
                0x00000000080018fa        0xa build/gd32vf103_usart.o
                0x00000000080018fa                usart_receive_config
 .text.usart_hardware_flow_rts_config
                0x0000000008001904        0xc build/gd32vf103_usart.o
                0x0000000008001904                usart_hardware_flow_rts_config
 .text.usart_hardware_flow_cts_config
                0x0000000008001910        0xc build/gd32vf103_usart.o
                0x0000000008001910                usart_hardware_flow_cts_config
 .text.usart_dma_receive_config
                0x000000000800191c        0xc build/gd32vf103_usart.o
                0x000000000800191c                usart_dma_receive_config
 .text.usart_dma_transmit_config
                0x0000000008001928        0xc build/gd32vf103_usart.o
                0x0000000008001928                usart_dma_transmit_config
 .text.SystemInit
                0x0000000008001934      0x11c build/system_gd32vf103.o
                0x0000000008001934                SystemInit
 .text.SystemCoreClockUpdate
                0x0000000008001a50       0xca build/system_gd32vf103.o
                0x0000000008001a50                SystemCoreClockUpdate
 .text._exit    0x0000000008001b1a       0x4c build/_exit.o
                0x0000000008001b1a                _exit
 .text._sbrk    0x0000000008001b66       0x2e build/sbrk.o
                0x0000000008001b66                _sbrk
 .text.write_hex
                0x0000000008001b94       0x7c build/write_hex.o
                0x0000000008001b94                write_hex
 .text.get_timer_value
                0x0000000008001c10       0x10 build/n200_func.o
                0x0000000008001c10                get_timer_value
 .text.eclic_init
                0x0000000008001c20       0x22 build/n200_func.o
                0x0000000008001c20                eclic_init
 .text.eclic_enable_interrupt
                0x0000000008001c42       0x12 build/n200_func.o
                0x0000000008001c42                eclic_enable_interrupt
 .text.eclic_get_nlbits
                0x0000000008001c54        0xe build/n200_func.o
                0x0000000008001c54                eclic_get_nlbits
 .text.eclic_set_irq_lvl_abs
                0x0000000008001c62       0x58 build/n200_func.o
                0x0000000008001c62                eclic_set_irq_lvl_abs
 .text.eclic_set_irq_priority
                0x0000000008001cba       0x52 build/n200_func.o
                0x0000000008001cba                eclic_set_irq_priority
 .text.eclic_mode_enable
                0x0000000008001d0c       0x12 build/n200_func.o
                0x0000000008001d0c                eclic_mode_enable
 .text.handle_nmi
                0x0000000008001d1e       0x22 build/handlers.o
                0x0000000008001d1e                handle_nmi
 .text.handle_trap
                0x0000000008001d40       0x38 build/handlers.o
                0x0000000008001d40                handle_trap
 .text._init    0x0000000008001d78       0x2c build/init.o
                0x0000000008001d78                _init
 .text._fini    0x0000000008001da4        0x2 build/init.o
                0x0000000008001da4                _fini
 .text.dma_config
                0x0000000008001da6       0x80 build/dma.o
                0x0000000008001da6                dma_config
 .text.eclic_mtip_handler
                0x0000000008001e26       0x52 build/eclicw.o
                0x0000000008001e26                eclic_mtip_handler
 .text.USART0_IRQHandler
                0x0000000008001e78       0x52 build/eclicw.o
                0x0000000008001e78                USART0_IRQHandler
 .text.ld_dword
                0x0000000008001eca       0x1e build/ff.o
 .text.st_dword
                0x0000000008001ee8       0x1c build/ff.o
 .text.mem_cmp  0x0000000008001f04       0x1a build/ff.o
 .text.clst2sect
                0x0000000008001f1e       0x1c build/ff.o
 .text.get_ldnumber
                0x0000000008001f3a       0x3e build/ff.o
 .text.validate
                0x0000000008001f78       0x4e build/ff.o
 .text.mem_cpy.part.0
                0x0000000008001fc6       0x1a build/ff.o
 .text.ld_clust.isra.1
                0x0000000008001fe0       0x26 build/ff.o
 .text.sync_window.part.3
                0x0000000008002006       0x64 build/ff.o
 .text.move_window
                0x000000000800206a       0x4e build/ff.o
 .text.check_fs
                0x00000000080020b8       0x92 build/ff.o
 .text.find_volume
                0x000000000800214a      0x342 build/ff.o
 .text.put_fat  0x000000000800248c      0x154 build/ff.o
 .text.get_fat.isra.7
                0x00000000080025e0       0xf6 build/ff.o
 .text.create_chain
                0x00000000080026d6      0x128 build/ff.o
 .text.dir_next
                0x00000000080027fe      0x14a build/ff.o
 .text.dir_sdi.constprop.9
                0x0000000008002948       0x98 build/ff.o
 .text.f_mount  0x00000000080029e0       0x5c build/ff.o
                0x00000000080029e0                f_mount
 .text.f_open   0x0000000008002a3c      0x526 build/ff.o
                0x0000000008002a3c                f_open
 .text.f_write  0x0000000008002f62      0x208 build/ff.o
                0x0000000008002f62                f_write
 .text.f_sync   0x000000000800316a      0x1b0 build/ff.o
                0x000000000800316a                f_sync
 .text.f_close  0x000000000800331a       0x2c build/ff.o
                0x000000000800331a                f_close
 .text.set_fattime
                0x0000000008003346       0x22 build/gd32v_tf_card_if.o
                0x0000000008003346                set_fattime
 .text.get_fattime
                0x0000000008003368       0x3a build/gd32v_tf_card_if.o
                0x0000000008003368                get_fattime
 .text.xchg_spi
                0x00000000080033a2       0x62 build/tf_card.o
 .text.deselect
                0x0000000008003404       0x22 build/tf_card.o
 .text.wait_ready
                0x0000000008003426       0xe4 build/tf_card.o
 .text._select  0x000000000800350a       0x42 build/tf_card.o
 .text.send_cmd
                0x000000000800354c       0xec build/tf_card.o
 .text.rcvr_datablock
                0x0000000008003638       0x80 build/tf_card.o
 .text.xmit_datablock.part.1
                0x00000000080036b8       0x60 build/tf_card.o
 .text.disk_initialize
                0x0000000008003718      0x27c build/tf_card.o
                0x0000000008003718                disk_initialize
 .text.disk_status
                0x0000000008003994       0x14 build/tf_card.o
                0x0000000008003994                disk_status
 .text.disk_read
                0x00000000080039a8       0xa2 build/tf_card.o
                0x00000000080039a8                disk_read
 .text.disk_write
                0x0000000008003a4a      0x108 build/tf_card.o
                0x0000000008003a4a                disk_write
 .text.disk_ioctl
                0x0000000008003b52      0x21e build/tf_card.o
                0x0000000008003b52                disk_ioctl
 .text.tf_start_timer
                0x0000000008003d70       0x5a build/tf_delay.o
                0x0000000008003d70                tf_start_timer
 .text.tf_timer_done
                0x0000000008003dca       0x3e build/tf_delay.o
                0x0000000008003dca                tf_timer_done
 .text.delay_1ms
                0x0000000008003e08       0xce build/systick.o
                0x0000000008003e08                delay_1ms
 .text.usb_txfifo_write
                0x0000000008003ed6       0x3a build/drv_usb_core.o
                0x0000000008003ed6                usb_txfifo_write
 .text.usb_rxfifo_read
                0x0000000008003f10       0x32 build/drv_usb_core.o
                0x0000000008003f10                usb_rxfifo_read
 .text.usb_txfifo_flush
                0x0000000008003f42       0x28 build/drv_usb_core.o
                0x0000000008003f42                usb_txfifo_flush
 .text.usb_devaddr_set
                0x0000000008003f6a       0x14 build/drv_usb_dev.o
                0x0000000008003f6a                usb_devaddr_set
 .text.usb_transc_active
                0x0000000008003f7e       0x9e build/drv_usb_dev.o
                0x0000000008003f7e                usb_transc_active
 .text.usb_transc_inxfer
                0x000000000800401c       0xea build/drv_usb_dev.o
                0x000000000800401c                usb_transc_inxfer
 .text.usb_transc_outxfer
                0x0000000008004106       0x8c build/drv_usb_dev.o
                0x0000000008004106                usb_transc_outxfer
 .text.usb_transc_stall
                0x0000000008004192       0x3a build/drv_usb_dev.o
                0x0000000008004192                usb_transc_stall
 .text.usb_transc_clrstall
                0x00000000080041cc       0x46 build/drv_usb_dev.o
                0x00000000080041cc                usb_transc_clrstall
 .text.usb_oepintnum_read
                0x0000000008004212       0x10 build/drv_usb_dev.o
                0x0000000008004212                usb_oepintnum_read
 .text.usb_oepintr_read
                0x0000000008004222       0x12 build/drv_usb_dev.o
                0x0000000008004222                usb_oepintr_read
 .text.usb_iepintnum_read
                0x0000000008004234        0xe build/drv_usb_dev.o
                0x0000000008004234                usb_iepintnum_read
 .text.usb_iepintr_read
                0x0000000008004242       0x20 build/drv_usb_dev.o
                0x0000000008004242                usb_iepintr_read
 .text.usb_ctlep_startout
                0x0000000008004262       0x26 build/drv_usb_dev.o
                0x0000000008004262                usb_ctlep_startout
 .text.usb_clock_active
                0x0000000008004288       0x1a build/drv_usb_dev.o
                0x0000000008004288                usb_clock_active
 .text.usbd_isr
                0x00000000080042a2      0x140 build/drv_usbd_int.o
                0x00000000080042a2                usbd_isr
 .text.usbd_int_epout
                0x00000000080043e2       0xfe build/drv_usbd_int.o
 .text.usbd_int_epin
                0x00000000080044e0       0xbc build/drv_usbd_int.o
 .text.usbd_int_rxfifo
                0x000000000800459c       0xc6 build/drv_usbd_int.o
 .text.usbd_int_reset
                0x0000000008004662       0xd2 build/drv_usbd_int.o
 .text.usbd_int_enumfinish
                0x0000000008004734       0x68 build/drv_usbd_int.o
 .text.usbd_emptytxfifo_write
                0x000000000800479c       0xe6 build/drv_usbd_int.o
 .text.usb_udelay
                0x0000000008004882        0x8 build/gd32vf103_hw.o
                0x0000000008004882                usb_udelay
 .text.USBFS_IRQHandler
                0x000000000800488a       0x10 build/gd32vf103_usb_it.o
                0x000000000800488a                USBFS_IRQHandler
 .text.USBFS_WKUP_IRQHandler
                0x000000000800489a       0x56 build/gd32vf103_usb_it.o
                0x000000000800489a                USBFS_WKUP_IRQHandler
 .text.usb_delay_1ms
                0x00000000080048f0       0x72 build/usb_delay.o
                0x00000000080048f0                usb_delay_1ms
 .text.usb_delay_1us
                0x0000000008004962       0x74 build/usb_delay.o
                0x0000000008004962                usb_delay_1us
 .text.set_usb_clock_96m_hxtal
                0x00000000080049d6       0xee build/usb_serial_if.o
                0x00000000080049d6                set_usb_clock_96m_hxtal
 .text.usbd_ep_recev
                0x0000000008004ac4       0x40 build/usbd_core.o
                0x0000000008004ac4                usbd_ep_recev
 .text.usbd_ep_send
                0x0000000008004b04       0x40 build/usbd_core.o
                0x0000000008004b04                usbd_ep_send
 .text.usbd_ep_stall
                0x0000000008004b44       0x40 build/usbd_core.o
                0x0000000008004b44                usbd_ep_stall
 .text.usbd_ep_stall_clear
                0x0000000008004b84       0x3e build/usbd_core.o
                0x0000000008004b84                usbd_ep_stall_clear
 .text.usbd_addr_set
                0x0000000008004bc2        0x8 build/usbd_core.o
                0x0000000008004bc2                usbd_addr_set
 .text._usb_std_reserved
                0x0000000008004bca        0x4 build/usbd_enum.o
 .text._usb_dev_desc_get
                0x0000000008004bce        0xe build/usbd_enum.o
 .text._usb_config_desc_get
                0x0000000008004bdc        0xe build/usbd_enum.o
 .text._usb_str_desc_get
                0x0000000008004bea       0x14 build/usbd_enum.o
 .text._usb_std_getdescriptor
                0x0000000008004bfe       0xfa build/usbd_enum.o
 .text._usb_std_setconfiguration
                0x0000000008004cf8       0xa8 build/usbd_enum.o
 .text._usb_std_getstatus
                0x0000000008004da0       0xba build/usbd_enum.o
 .text._usb_std_getconfiguration
                0x0000000008004e5a       0x3c build/usbd_enum.o
 .text._usb_std_getinterface
                0x0000000008004e96       0x2c build/usbd_enum.o
 .text._usb_std_setinterface
                0x0000000008004ec2       0x2a build/usbd_enum.o
 .text._usb_std_setaddress
                0x0000000008004eec       0x64 build/usbd_enum.o
 .text._usb_std_setfeature
                0x0000000008004f50       0x80 build/usbd_enum.o
 .text._usb_std_clearfeature
                0x0000000008004fd0       0x98 build/usbd_enum.o
 .text._usb_std_setdescriptor
                0x0000000008005068        0x4 build/usbd_enum.o
 .text._usb_std_synchframe
                0x000000000800506c        0x4 build/usbd_enum.o
 .text.usbd_standard_request
                0x0000000008005070       0x18 build/usbd_enum.o
                0x0000000008005070                usbd_standard_request
 .text.usbd_class_request
                0x0000000008005088       0x2c build/usbd_enum.o
                0x0000000008005088                usbd_class_request
 .text.usbd_vendor_request
                0x00000000080050b4        0x4 build/usbd_enum.o
                0x00000000080050b4                usbd_vendor_request
 .text.usbd_enum_error
                0x00000000080050b8       0x30 build/usbd_enum.o
                0x00000000080050b8                usbd_enum_error
 .text.usbd_ctl_send
                0x00000000080050e8       0x38 build/usbd_transc.o
                0x00000000080050e8                usbd_ctl_send
 .text.usbd_ctl_recev
                0x0000000008005120       0x38 build/usbd_transc.o
                0x0000000008005120                usbd_ctl_recev
 .text.usbd_ctl_status_send
                0x0000000008005158       0x30 build/usbd_transc.o
                0x0000000008005158                usbd_ctl_status_send
 .text.usbd_ctl_status_recev
                0x0000000008005188       0x30 build/usbd_transc.o
                0x0000000008005188                usbd_ctl_status_recev
 .text.usbd_setup_transc
                0x00000000080051b8       0x94 build/usbd_transc.o
                0x00000000080051b8                usbd_setup_transc
 .text.usbd_out_transc
                0x000000000800524c       0xe6 build/usbd_transc.o
                0x000000000800524c                usbd_out_transc
 .text.usbd_in_transc
                0x0000000008005332      0x10c build/usbd_transc.o
                0x0000000008005332                usbd_in_transc
 .text.init_ADC_A0_A7
                0x000000000800543e      0x1a4 build/adc.o
                0x000000000800543e                init_ADC_A0_A7
 .text.write_handle_raw
                0x00000000080055e2       0xc4 build/main.o
                0x00000000080055e2                write_handle_raw
 .text.send_data_to_phone
                0x00000000080056a6       0x26 build/main.o
                0x00000000080056a6                send_data_to_phone
 .text.stagger_data_to_phone
                0x00000000080056cc       0x2e build/main.o
                0x00000000080056cc                stagger_data_to_phone
 .text.reboot_BT
                0x00000000080056fa       0x26 build/main.o
                0x00000000080056fa                reboot_BT
 .text.TIMER1_IRQHandler
                0x0000000008005720      0x1b2 build/main.o
                0x0000000008005720                TIMER1_IRQHandler
 .text.ledInit  0x00000000080058d2       0x2a build/main.o
                0x00000000080058d2                ledInit
 .text.led_on_B1
                0x00000000080058fc       0x14 build/main.o
                0x00000000080058fc                led_on_B1
 .text.led_off_B1
                0x0000000008005910       0x14 build/main.o
                0x0000000008005910                led_off_B1
 .text.led_on_B0
                0x0000000008005924       0x14 build/main.o
                0x0000000008005924                led_on_B0
 .text.led_off_B0
                0x0000000008005938       0x14 build/main.o
                0x0000000008005938                led_off_B0
 .text.timer_interrupt_config
                0x000000000800594c       0xfa build/main.o
                0x000000000800594c                timer_interrupt_config
 .text.formatTime
                0x0000000008005a46       0x7c build/main.o
                0x0000000008005a46                formatTime
 .text.int_to_string
                0x0000000008005ac2       0x88 build/main.o
                0x0000000008005ac2                int_to_string
 .text.append_int_to_string
                0x0000000008005b4a       0x30 build/main.o
                0x0000000008005b4a                append_int_to_string
 .text.append_newLine
                0x0000000008005b7a        0xe build/main.o
                0x0000000008005b7a                append_newLine
 .text.millis   0x0000000008005b88       0x62 build/main.o
                0x0000000008005b88                millis
 .text.init_q   0x0000000008005bea       0x20 build/queue.o
                0x0000000008005bea                init_q
 .text.enqueue_string
                0x0000000008005c0a       0x6c build/queue.o
                0x0000000008005c0a                enqueue_string
 .text.queue_str_len
                0x0000000008005c76        0xc build/queue.o
                0x0000000008005c76                queue_str_len
 .text.fuseStrings
                0x0000000008005c82       0x26 build/queue.o
                0x0000000008005c82                fuseStrings
 .text.dequeue_string
                0x0000000008005ca8       0x7c build/queue.o
                0x0000000008005ca8                dequeue_string
 .text.empty_string_queue
                0x0000000008005d24       0x6c build/queue.o
                0x0000000008005d24                empty_string_queue
 .text.clear_queues
                0x0000000008005d90       0x3e build/queue.o
                0x0000000008005d90                clear_queues
 .text.init_radio
                0x0000000008005dce      0x172 build/radioHead.o
                0x0000000008005dce                init_radio
 .text.send_radio
                0x0000000008005f40       0x9c build/radioHead.o
                0x0000000008005f40                send_radio
 .text.enter_command_mode
                0x0000000008005fdc       0x4a build/rn4871.o
                0x0000000008005fdc                enter_command_mode
 .text.lio_init_bt
                0x0000000008006026      0x172 build/rn4871.o
                0x0000000008006026                lio_init_bt
 .text.lio_read_bt
                0x0000000008006198       0xb6 build/rn4871.o
                0x0000000008006198                lio_read_bt
 .text.lio_send_bt
                0x000000000800624e       0x9c build/rn4871.o
                0x000000000800624e                lio_send_bt
 .text.get_state
                0x00000000080062ea        0xa build/state.o
                0x00000000080062ea                get_state
 .text.set_state
                0x00000000080062f4        0xa build/state.o
                0x00000000080062f4                set_state
 *fill*         0x00000000080062fe        0x2 
 .text.trap     0x0000000008006300       0x82 build/entry.o
                0x0000000008006300                trap_entry
 *fill*         0x0000000008006382        0x2 
 .text.irq      0x0000000008006384       0x72 build/entry.o
                0x0000000008006384                irq_entry
 .text          0x00000000080063f6      0x546 /Users/gulda/Documents/risc-v/toolchain-gd32v-v200-osx/compiler/bin/../lib/gcc/riscv64-unknown-elf/8.3.0/rv32imac/ilp32/libgcc.a(divdf3.o)
                0x00000000080063f6                __divdf3
 .text          0x000000000800693c       0xa4 /Users/gulda/Documents/risc-v/toolchain-gd32v-v200-osx/compiler/bin/../lib/gcc/riscv64-unknown-elf/8.3.0/rv32imac/ilp32/libgcc.a(ledf2.o)
                0x000000000800693c                __ltdf2
                0x000000000800693c                __ledf2
 .text          0x00000000080069e0      0x44c /Users/gulda/Documents/risc-v/toolchain-gd32v-v200-osx/compiler/bin/../lib/gcc/riscv64-unknown-elf/8.3.0/rv32imac/ilp32/libgcc.a(muldf3.o)
                0x00000000080069e0                __muldf3
 .text          0x0000000008006e2c       0x64 /Users/gulda/Documents/risc-v/toolchain-gd32v-v200-osx/compiler/bin/../lib/gcc/riscv64-unknown-elf/8.3.0/rv32imac/ilp32/libgcc.a(fixdfsi.o)
                0x0000000008006e2c                __fixdfsi
 .text          0x0000000008006e90       0x56 /Users/gulda/Documents/risc-v/toolchain-gd32v-v200-osx/compiler/bin/../lib/gcc/riscv64-unknown-elf/8.3.0/rv32imac/ilp32/libgcc.a(floatunsidf.o)
                0x0000000008006e90                __floatunsidf
 .text          0x0000000008006ee6      0x166 /Users/gulda/Documents/risc-v/toolchain-gd32v-v200-osx/compiler/bin/../lib/gcc/riscv64-unknown-elf/8.3.0/rv32imac/ilp32/libgcc.a(floatundidf.o)
                0x0000000008006ee6                __floatundidf
 .text          0x000000000800704c       0x2a /Users/gulda/Documents/risc-v/toolchain-gd32v-v200-osx/compiler/bin/../lib/gcc/riscv64-unknown-elf/8.3.0/rv32imac/ilp32/libgcc.a(_lshrdi3.o)
                0x000000000800704c                __lshrdi3
 .text          0x0000000008007076       0x2a /Users/gulda/Documents/risc-v/toolchain-gd32v-v200-osx/compiler/bin/../lib/gcc/riscv64-unknown-elf/8.3.0/rv32imac/ilp32/libgcc.a(_ashldi3.o)
                0x0000000008007076                __ashldi3
 .text          0x00000000080070a0       0x3c /Users/gulda/Documents/risc-v/toolchain-gd32v-v200-osx/compiler/bin/../lib/gcc/riscv64-unknown-elf/8.3.0/rv32imac/ilp32/libgcc.a(_clzsi2.o)
                0x00000000080070a0                __clzsi2
 .text.atexit   0x00000000080070dc       0x10 /Users/gulda/Documents/risc-v/toolchain-gd32v-v200-osx/compiler/bin/../lib/gcc/riscv64-unknown-elf/8.3.0/../../../../riscv64-unknown-elf/lib/rv32imac/ilp32/libc_nano.a(lib_a-atexit.o)
                0x00000000080070dc                atexit
 .text.exit     0x00000000080070ec       0x36 /Users/gulda/Documents/risc-v/toolchain-gd32v-v200-osx/compiler/bin/../lib/gcc/riscv64-unknown-elf/8.3.0/../../../../riscv64-unknown-elf/lib/rv32imac/ilp32/libc_nano.a(lib_a-exit.o)
                0x00000000080070ec                exit
 .text.__libc_fini_array
                0x0000000008007122       0x38 /Users/gulda/Documents/risc-v/toolchain-gd32v-v200-osx/compiler/bin/../lib/gcc/riscv64-unknown-elf/8.3.0/../../../../riscv64-unknown-elf/lib/rv32imac/ilp32/libc_nano.a(lib_a-fini.o)
                0x0000000008007122                __libc_fini_array
 .text.__libc_init_array
                0x000000000800715a       0x6a /Users/gulda/Documents/risc-v/toolchain-gd32v-v200-osx/compiler/bin/../lib/gcc/riscv64-unknown-elf/8.3.0/../../../../riscv64-unknown-elf/lib/rv32imac/ilp32/libc_nano.a(lib_a-init.o)
                0x000000000800715a                __libc_init_array
 .text          0x00000000080071c4       0x16 /Users/gulda/Documents/risc-v/toolchain-gd32v-v200-osx/compiler/bin/../lib/gcc/riscv64-unknown-elf/8.3.0/../../../../riscv64-unknown-elf/lib/rv32imac/ilp32/libc_nano.a(lib_a-memcpy-asm.o)
                0x00000000080071c4                memcpy
 .text          0x00000000080071da       0x10 /Users/gulda/Documents/risc-v/toolchain-gd32v-v200-osx/compiler/bin/../lib/gcc/riscv64-unknown-elf/8.3.0/../../../../riscv64-unknown-elf/lib/rv32imac/ilp32/libc_nano.a(lib_a-memset.o)
                0x00000000080071da                memset
 .text.sprintf  0x00000000080071ea       0x4e /Users/gulda/Documents/risc-v/toolchain-gd32v-v200-osx/compiler/bin/../lib/gcc/riscv64-unknown-elf/8.3.0/../../../../riscv64-unknown-elf/lib/rv32imac/ilp32/libc_nano.a(lib_a-sprintf.o)
                0x00000000080071ea                sprintf
                0x00000000080071ea                siprintf
 .text          0x0000000008007238       0x18 /Users/gulda/Documents/risc-v/toolchain-gd32v-v200-osx/compiler/bin/../lib/gcc/riscv64-unknown-elf/8.3.0/../../../../riscv64-unknown-elf/lib/rv32imac/ilp32/libc_nano.a(lib_a-strcmp.o)
                0x0000000008007238                strcmp
 .text.strlen   0x0000000008007250       0x12 /Users/gulda/Documents/risc-v/toolchain-gd32v-v200-osx/compiler/bin/../lib/gcc/riscv64-unknown-elf/8.3.0/../../../../riscv64-unknown-elf/lib/rv32imac/ilp32/libc_nano.a(lib_a-strlen.o)
                0x0000000008007250                strlen
 .text.__register_exitproc
                0x0000000008007262       0x8c /Users/gulda/Documents/risc-v/toolchain-gd32v-v200-osx/compiler/bin/../lib/gcc/riscv64-unknown-elf/8.3.0/../../../../riscv64-unknown-elf/lib/rv32imac/ilp32/libc_nano.a(lib_a-__atexit.o)
                0x0000000008007262                __register_exitproc
 .text.__call_exitprocs
                0x00000000080072ee       0xc8 /Users/gulda/Documents/risc-v/toolchain-gd32v-v200-osx/compiler/bin/../lib/gcc/riscv64-unknown-elf/8.3.0/../../../../riscv64-unknown-elf/lib/rv32imac/ilp32/libc_nano.a(lib_a-__call_atexit.o)
                0x00000000080072ee                __call_exitprocs
 .text._free_r  0x00000000080073b6       0xb8 /Users/gulda/Documents/risc-v/toolchain-gd32v-v200-osx/compiler/bin/../lib/gcc/riscv64-unknown-elf/8.3.0/../../../../riscv64-unknown-elf/lib/rv32imac/ilp32/libc_nano.a(lib_a-nano-freer.o)
                0x00000000080073b6                _free_r
 .text._malloc_r
                0x000000000800746e      0x102 /Users/gulda/Documents/risc-v/toolchain-gd32v-v200-osx/compiler/bin/../lib/gcc/riscv64-unknown-elf/8.3.0/../../../../riscv64-unknown-elf/lib/rv32imac/ilp32/libc_nano.a(lib_a-nano-mallocr.o)
                0x000000000800746e                _malloc_r
 .text.__ssputs_r
                0x0000000008007570      0x102 /Users/gulda/Documents/risc-v/toolchain-gd32v-v200-osx/compiler/bin/../lib/gcc/riscv64-unknown-elf/8.3.0/../../../../riscv64-unknown-elf/lib/rv32imac/ilp32/libc_nano.a(lib_a-nano-svfprintf.o)
                0x0000000008007570                __ssputs_r
 .text._svfprintf_r
                0x0000000008007672      0x29a /Users/gulda/Documents/risc-v/toolchain-gd32v-v200-osx/compiler/bin/../lib/gcc/riscv64-unknown-elf/8.3.0/../../../../riscv64-unknown-elf/lib/rv32imac/ilp32/libc_nano.a(lib_a-nano-svfprintf.o)
                0x0000000008007672                _svfprintf_r
                0x0000000008007672                _svfiprintf_r
 .text._printf_common
                0x000000000800790c      0x10c /Users/gulda/Documents/risc-v/toolchain-gd32v-v200-osx/compiler/bin/../lib/gcc/riscv64-unknown-elf/8.3.0/../../../../riscv64-unknown-elf/lib/rv32imac/ilp32/libc_nano.a(lib_a-nano-vfprintf_i.o)
                0x000000000800790c                _printf_common
 .text._printf_i
                0x0000000008007a18      0x2ae /Users/gulda/Documents/risc-v/toolchain-gd32v-v200-osx/compiler/bin/../lib/gcc/riscv64-unknown-elf/8.3.0/../../../../riscv64-unknown-elf/lib/rv32imac/ilp32/libc_nano.a(lib_a-nano-vfprintf_i.o)
                0x0000000008007a18                _printf_i
 .text._sbrk_r  0x0000000008007cc6       0x36 /Users/gulda/Documents/risc-v/toolchain-gd32v-v200-osx/compiler/bin/../lib/gcc/riscv64-unknown-elf/8.3.0/../../../../riscv64-unknown-elf/lib/rv32imac/ilp32/libc_nano.a(lib_a-sbrkr.o)
                0x0000000008007cc6                _sbrk_r
 .text.memchr   0x0000000008007cfc       0x1a /Users/gulda/Documents/risc-v/toolchain-gd32v-v200-osx/compiler/bin/../lib/gcc/riscv64-unknown-elf/8.3.0/../../../../riscv64-unknown-elf/lib/rv32imac/ilp32/libc_nano.a(lib_a-memchr.o)
                0x0000000008007cfc                memchr
 .text          0x0000000008007d16       0x26 /Users/gulda/Documents/risc-v/toolchain-gd32v-v200-osx/compiler/bin/../lib/gcc/riscv64-unknown-elf/8.3.0/../../../../riscv64-unknown-elf/lib/rv32imac/ilp32/libc_nano.a(lib_a-memmove.o)
                0x0000000008007d16                memmove
 .text.__malloc_lock
                0x0000000008007d3c        0x2 /Users/gulda/Documents/risc-v/toolchain-gd32v-v200-osx/compiler/bin/../lib/gcc/riscv64-unknown-elf/8.3.0/../../../../riscv64-unknown-elf/lib/rv32imac/ilp32/libc_nano.a(lib_a-mlock.o)
                0x0000000008007d3c                __malloc_lock
 .text.__malloc_unlock
                0x0000000008007d3e        0x2 /Users/gulda/Documents/risc-v/toolchain-gd32v-v200-osx/compiler/bin/../lib/gcc/riscv64-unknown-elf/8.3.0/../../../../riscv64-unknown-elf/lib/rv32imac/ilp32/libc_nano.a(lib_a-mlock.o)
                0x0000000008007d3e                __malloc_unlock
 .text._realloc_r
                0x0000000008007d40       0x72 /Users/gulda/Documents/risc-v/toolchain-gd32v-v200-osx/compiler/bin/../lib/gcc/riscv64-unknown-elf/8.3.0/../../../../riscv64-unknown-elf/lib/rv32imac/ilp32/libc_nano.a(lib_a-nano-reallocr.o)
                0x0000000008007d40                _realloc_r
 .text._malloc_usable_size_r
                0x0000000008007db2       0x14 /Users/gulda/Documents/risc-v/toolchain-gd32v-v200-osx/compiler/bin/../lib/gcc/riscv64-unknown-elf/8.3.0/../../../../riscv64-unknown-elf/lib/rv32imac/ilp32/libc_nano.a(lib_a-nano-msizer.o)
                0x0000000008007db2                _malloc_usable_size_r
 *(.gnu.linkonce.t.*)

.sdata2.usbd_language_id_desc
                0x0000000008007dc8        0x4
 .sdata2.usbd_language_id_desc
                0x0000000008007dc8        0x4 build/cdc_acm_core.o
                0x0000000008007dc8                usbd_language_id_desc

.sdata2.EP0_MAXLEN
                0x0000000008007dcc        0x4
 .sdata2.EP0_MAXLEN
                0x0000000008007dcc        0x4 build/drv_usb_dev.o

.sdata2.USB_SPEED
                0x0000000008007dd0        0x4
 .sdata2.USB_SPEED
                0x0000000008007dd0        0x4 build/drv_usbd_int.o

.sdata2._global_impure_ptr
                0x0000000008007dd4        0x4
 .sdata2._global_impure_ptr
                0x0000000008007dd4        0x4 /Users/gulda/Documents/risc-v/toolchain-gd32v-v200-osx/compiler/bin/../lib/gcc/riscv64-unknown-elf/8.3.0/../../../../riscv64-unknown-elf/lib/rv32imac/ilp32/libc_nano.a(lib_a-impure.o)
                0x0000000008007dd4                _global_impure_ptr

.rela.dyn       0x0000000008007dd8        0x0
 .rela.text._sbrk
                0x0000000008007dd8        0x0 build/gd32vf103_adc.o
 .rela.sdata.curbrk.1524
                0x0000000008007dd8        0x0 build/gd32vf103_adc.o
 .rela.text.handle_trap
                0x0000000008007dd8        0x0 build/gd32vf103_adc.o
 .rela.text.dma_config
                0x0000000008007dd8        0x0 build/gd32vf103_adc.o
 .rela.text.stagger_data_to_phone
                0x0000000008007dd8        0x0 build/gd32vf103_adc.o
 .rela.text.TIMER1_IRQHandler
                0x0000000008007dd8        0x0 build/gd32vf103_adc.o
 .rela.text.init_q
                0x0000000008007dd8        0x0 build/gd32vf103_adc.o
 .rela.text.enqueue_string
                0x0000000008007dd8        0x0 build/gd32vf103_adc.o
 .rela.text.queue_str_len
                0x0000000008007dd8        0x0 build/gd32vf103_adc.o
 .rela.text.dequeue_string
                0x0000000008007dd8        0x0 build/gd32vf103_adc.o
 .rela.text.empty_string_queue
                0x0000000008007dd8        0x0 build/gd32vf103_adc.o
 .rela.text.clear_queues
                0x0000000008007dd8        0x0 build/gd32vf103_adc.o
 .rela.init     0x0000000008007dd8        0x0 build/gd32vf103_adc.o
 .rela.text.trap
                0x0000000008007dd8        0x0 build/gd32vf103_adc.o
 .rela.text.__libc_fini_array
                0x0000000008007dd8        0x0 build/gd32vf103_adc.o
 .rela.text.__libc_init_array
                0x0000000008007dd8        0x0 build/gd32vf103_adc.o
 .rela.text.__register_exitproc
                0x0000000008007dd8        0x0 build/gd32vf103_adc.o
 .rela.text._svfprintf_r
                0x0000000008007dd8        0x0 build/gd32vf103_adc.o
 .rela.text._sbrk_r
                0x0000000008007dd8        0x0 build/gd32vf103_adc.o

.fini
 *(SORT_NONE(.fini))
                0x0000000008007dd8                . = ALIGN (0x4)
                [!provide]                        PROVIDE (__etext = .)
                [!provide]                        PROVIDE (_etext = .)
                [!provide]                        PROVIDE (etext = .)
                [!provide]                        PROVIDE (_eilm = .)

.preinit_array  0x0000000008007dd8        0x0
                0x0000000008007dd8                PROVIDE (__preinit_array_start = .)
 *(.preinit_array)
                0x0000000008007dd8                PROVIDE (__preinit_array_end = .)

.init_array     0x0000000008007dd8        0x0
                0x0000000008007dd8                PROVIDE (__init_array_start = .)
 *(SORT_BY_INIT_PRIORITY(.init_array.*) SORT_BY_INIT_PRIORITY(.ctors.*))
 *(.init_array EXCLUDE_FILE(*crtend?.o *crtend.o *crtbegin?.o *crtbegin.o) .ctors)
                0x0000000008007dd8                PROVIDE (__init_array_end = .)

.fini_array     0x0000000008007dd8        0x0
                0x0000000008007dd8                PROVIDE (__fini_array_start = .)
 *(SORT_BY_INIT_PRIORITY(.fini_array.*) SORT_BY_INIT_PRIORITY(.dtors.*))
 *(.fini_array EXCLUDE_FILE(*crtend?.o *crtend.o *crtbegin?.o *crtbegin.o) .dtors)
                0x0000000008007dd8                PROVIDE (__fini_array_end = .)

.ctors
 *crtbegin.o(.ctors)
 *crtbegin?.o(.ctors)
 *(EXCLUDE_FILE(*crtend?.o *crtend.o) .ctors)
 *(SORT_BY_NAME(.ctors.*))
 *(.ctors)

.dtors
 *crtbegin.o(.dtors)
 *crtbegin?.o(.dtors)
 *(EXCLUDE_FILE(*crtend?.o *crtend.o) .dtors)
 *(SORT_BY_NAME(.dtors.*))
 *(.dtors)
                0x0000000008007dd8                . = ALIGN (0x4)
                [!provide]                        PROVIDE (_eilm = .)

.lalign         0x0000000008007dd8        0x0
                0x0000000008007dd8                . = ALIGN (0x4)
                0x0000000008007dd8                PROVIDE (_data_lma = .)

.dalign         0x0000000020000000        0x0 load address 0x0000000008007dd8
                0x0000000020000000                . = ALIGN (0x4)
                0x0000000020000000                PROVIDE (_data = .)

.data           0x0000000020000000      0x500 load address 0x0000000008007dd8
 *(.rdata)
 *(.gnu.linkonce.r.*)
 *(.data .data.*)
 .data.configuration_descriptor
                0x0000000020000000       0x43 build/cdc_acm_core.o
                0x0000000020000000                configuration_descriptor
 *fill*         0x0000000020000043        0x1 
 .data.USB_OTG_dev
                0x0000000020000044      0x434 build/usb_serial_if.o
                0x0000000020000044                USB_OTG_dev
 .data.finapressHandles
                0x0000000020000478       0x10 build/main.o
                0x0000000020000478                finapressHandles
 .data.impure_data
                0x0000000020000488       0x60 /Users/gulda/Documents/risc-v/toolchain-gd32v-v200-osx/compiler/bin/../lib/gcc/riscv64-unknown-elf/8.3.0/../../../../riscv64-unknown-elf/lib/rv32imac/ilp32/libc_nano.a(lib_a-impure.o)
 *(.gnu.linkonce.d.*)
                0x00000000200004e8                . = ALIGN (0x8)
                0x0000000020000ce8                PROVIDE (__global_pointer$ = (. + 0x800))
 *(.sdata .sdata.*)
 .sdata.SystemCoreClock
                0x00000000200004e8        0x4 build/system_gd32vf103.o
                0x00000000200004e8                SystemCoreClock
 .sdata.curbrk.1524
                0x00000000200004ec        0x4 build/sbrk.o
 .sdata.time    0x00000000200004f0        0x8 build/gd32v_tf_card_if.o
                0x00000000200004f0                time
 .sdata.Stat    0x00000000200004f8        0x1 build/tf_card.o
 *fill*         0x00000000200004f9        0x3 
 .sdata._impure_ptr
                0x00000000200004fc        0x4 /Users/gulda/Documents/risc-v/toolchain-gd32v-v200-osx/compiler/bin/../lib/gcc/riscv64-unknown-elf/8.3.0/../../../../riscv64-unknown-elf/lib/rv32imac/ilp32/libc_nano.a(lib_a-impure.o)
                0x00000000200004fc                _impure_ptr
 *(.gnu.linkonce.s.*)
                0x0000000020000500                . = ALIGN (0x8)
 *(.srodata.cst16)
 *(.srodata.cst8)
 *(.srodata.cst4)
 *(.srodata.cst2)
 *(.srodata .srodata.*)
                0x0000000020000500                . = ALIGN (0x4)
                0x0000000020000500                PROVIDE (_edata = .)
                [!provide]                        PROVIDE (edata = .)
                [!provide]                        PROVIDE (_fbss = .)
                0x0000000020000500                PROVIDE (__bss_start = .)

.bss            0x0000000020000500     0x5108
 *(.sbss*)
 .sbss.pmtisr   0x0000000020000500        0x4 build/eclicw.o
 .sbss.pu0tbeisr
                0x0000000020000504        0x4 build/eclicw.o
 .sbss.FatFs    0x0000000020000508        0x4 build/ff.o
 .sbss.Fsid     0x000000002000050c        0x2 build/ff.o
 .sbss.CardType
                0x000000002000050e        0x1 build/tf_card.o
 *fill*         0x000000002000050f        0x1 
 .sbss.tf_current_time
                0x0000000020000510        0x8 build/tf_delay.o
                0x0000000020000510                tf_current_time
 .sbss.tf_delay_until
                0x0000000020000518        0x8 build/tf_delay.o
                0x0000000020000518                tf_delay_until
 .sbss.setupc_flag
                0x0000000020000520        0x1 build/drv_usbd_int.o
                0x0000000020000520                setupc_flag
 *fill*         0x0000000020000521        0x3 
 .sbss.usbfs_prescaler
                0x0000000020000524        0x4 build/gd32vf103_hw.o
                0x0000000020000524                usbfs_prescaler
 .sbss.config.4766
                0x0000000020000528        0x1 build/usbd_enum.o
 *fill*         0x0000000020000529        0x3 
 .sbss.status.4696
                0x000000002000052c        0x2 build/usbd_enum.o
 *fill*         0x000000002000052e        0x2 
 .sbss.millisec
                0x0000000020000530        0x4 build/main.o
                0x0000000020000530                millisec
 .sbss.minutes  0x0000000020000534        0x4 build/main.o
                0x0000000020000534                minutes
 .sbss.seconds  0x0000000020000538        0x4 build/main.o
                0x0000000020000538                seconds
 .sbss.start_time
                0x000000002000053c        0x4 build/main.o
                0x000000002000053c                start_time
 .sbss.write    0x0000000020000540        0x4 build/main.o
                0x0000000020000540                write
 .sbss.current_state
                0x0000000020000544        0x4 build/state.o
 .sbss._global_atexit
                0x0000000020000548        0x4 /Users/gulda/Documents/risc-v/toolchain-gd32v-v200-osx/compiler/bin/../lib/gcc/riscv64-unknown-elf/8.3.0/../../../../riscv64-unknown-elf/lib/rv32imac/ilp32/libc_nano.a(lib_a-__call_atexit.o)
                0x0000000020000548                _global_atexit
 .sbss.__malloc_free_list
                0x000000002000054c        0x4 /Users/gulda/Documents/risc-v/toolchain-gd32v-v200-osx/compiler/bin/../lib/gcc/riscv64-unknown-elf/8.3.0/../../../../riscv64-unknown-elf/lib/rv32imac/ilp32/libc_nano.a(lib_a-nano-mallocr.o)
                0x000000002000054c                __malloc_free_list
 .sbss.__malloc_sbrk_start
                0x0000000020000550        0x4 /Users/gulda/Documents/risc-v/toolchain-gd32v-v200-osx/compiler/bin/../lib/gcc/riscv64-unknown-elf/8.3.0/../../../../riscv64-unknown-elf/lib/rv32imac/ilp32/libc_nano.a(lib_a-nano-mallocr.o)
                0x0000000020000550                __malloc_sbrk_start
 *(.gnu.linkonce.sb.*)
 *(.bss .bss.*)
 .bss.rx_radio_buffer
                0x0000000020000554      0x400 build/radioHead.o
                0x0000000020000554                rx_radio_buffer
 .bss.tx_radio_buffer
                0x0000000020000954      0x400 build/radioHead.o
                0x0000000020000954                tx_radio_buffer
 .bss.rx_dma_buffer
                0x0000000020000d54      0x400 build/rn4871.o
                0x0000000020000d54                rx_dma_buffer
 .bss.tx_dma_buffer
                0x0000000020001154      0x400 build/rn4871.o
                0x0000000020001154                tx_dma_buffer
 .bss._global_atexit0
                0x0000000020001554       0x8c /Users/gulda/Documents/risc-v/toolchain-gd32v-v200-osx/compiler/bin/../lib/gcc/riscv64-unknown-elf/8.3.0/../../../../riscv64-unknown-elf/lib/rv32imac/ilp32/libc_nano.a(lib_a-__atexit.o)
 *(.gnu.linkonce.b.*)
 *(COMMON)
 COMMON         0x00000000200015e0       0x10 build/dma.o
                0x00000000200015e0                sample_buffer
 COMMON         0x00000000200015f0     0x4014 build/queue.o
                0x00000000200015f0                w
 COMMON         0x0000000020005604        0x4 /Users/gulda/Documents/risc-v/toolchain-gd32v-v200-osx/compiler/bin/../lib/gcc/riscv64-unknown-elf/8.3.0/../../../../riscv64-unknown-elf/lib/rv32imac/ilp32/libc_nano.a(lib_a-reent.o)
                0x0000000020005604                errno
                0x0000000020005608                . = ALIGN (0x4)
                0x0000000020005608                . = ALIGN (0x8)
                0x0000000020005608                PROVIDE (_end = .)
                [!provide]                        PROVIDE (end = .)

.stack          0x0000000020007000     0x1000 load address 0x0000000020005608
                0x0000000020007000                PROVIDE (_heap_end = .)
                0x0000000000001000                . = __stack_size
 *fill*         0x0000000020007000     0x1000 
                0x0000000020008000                PROVIDE (_sp = .)
                0x0000000000001000                . = (__dbg_stack_size + __stack_size)
                [!provide]                        PROVIDE (_dbg_sp = .)
OUTPUT(build/gd32vf103.elf elf32-littleriscv)

.debug_info     0x0000000000000000    0x2ce98
 .debug_info    0x0000000000000000      0xb98 build/gd32vf103_adc.o
 .debug_info    0x0000000000000b98      0xe20 build/gd32vf103_dma.o
 .debug_info    0x00000000000019b8      0x2ac build/gd32vf103_eclic.o
 .debug_info    0x0000000000001c64      0x3e9 build/gd32vf103_exti.o
 .debug_info    0x000000000000204d      0x6f6 build/gd32vf103_gpio.o
 .debug_info    0x0000000000002743      0xf51 build/gd32vf103_rcu.o
 .debug_info    0x0000000000003694      0xa73 build/gd32vf103_spi.o
 .debug_info    0x0000000000004107     0x16ec build/gd32vf103_timer.o
 .debug_info    0x00000000000057f3      0xccd build/gd32vf103_usart.o
 .debug_info    0x00000000000064c0      0x203 build/system_gd32vf103.o
 .debug_info    0x00000000000066c3      0x1d3 build/_exit.o
 .debug_info    0x0000000000006896       0xd0 build/sbrk.o
 .debug_info    0x0000000000006966      0x1bb build/write_hex.o
 .debug_info    0x0000000000006b21     0x18a2 build/n200_func.o
 .debug_info    0x00000000000083c3      0xb4f build/handlers.o
 .debug_info    0x0000000000008f12      0xcb0 build/init.o
 .debug_info    0x0000000000009bc2     0x2009 build/dma.o
 .debug_info    0x000000000000bbcb      0x3da build/eclicw.o
 .debug_info    0x000000000000bfa5     0x2a42 build/ff.o
 .debug_info    0x000000000000e9e7      0xb63 build/gd32v_tf_card_if.o
 .debug_info    0x000000000000f54a     0x1bb1 build/tf_card.o
 .debug_info    0x00000000000110fb      0x17c build/tf_delay.o
 .debug_info    0x0000000000011277      0x1a9 build/systick.o
 .debug_info    0x0000000000011420     0x21a4 build/cdc_acm_core.o
 .debug_info    0x00000000000135c4      0xb4e build/drv_usb_core.o
 .debug_info    0x0000000000014112     0x13ce build/drv_usb_dev.o
 .debug_info    0x00000000000154e0     0x12e8 build/drv_usbd_int.o
 .debug_info    0x00000000000167c8     0x10bb build/gd32vf103_hw.o
 .debug_info    0x0000000000017883     0x1cb4 build/gd32vf103_usb_it.o
 .debug_info    0x0000000000019537      0x1a9 build/usb_delay.o
 .debug_info    0x00000000000196e0     0x1e9b build/usb_serial_if.o
 .debug_info    0x000000000001b57b     0x1304 build/usbd_core.o
 .debug_info    0x000000000001c87f     0x2128 build/usbd_enum.o
 .debug_info    0x000000000001e9a7     0x1a23 build/usbd_transc.o
 .debug_info    0x00000000000203ca      0x5e6 build/adc.o
 .debug_info    0x00000000000209b0     0x3688 build/main.o
 .debug_info    0x0000000000024038      0x3fa build/queue.o
 .debug_info    0x0000000000024432      0x814 build/radioHead.o
 .debug_info    0x0000000000024c46     0x2e91 build/rn4871.o
 .debug_info    0x0000000000027ad7      0xa80 build/state.o
 .debug_info    0x0000000000028557       0x26 build/start.o
 .debug_info    0x000000000002857d       0x22 build/entry.o
 .debug_info    0x000000000002859f      0x734 /Users/gulda/Documents/risc-v/toolchain-gd32v-v200-osx/compiler/bin/../lib/gcc/riscv64-unknown-elf/8.3.0/rv32imac/ilp32/libgcc.a(divdf3.o)
 .debug_info    0x0000000000028cd3      0x286 /Users/gulda/Documents/risc-v/toolchain-gd32v-v200-osx/compiler/bin/../lib/gcc/riscv64-unknown-elf/8.3.0/rv32imac/ilp32/libgcc.a(ledf2.o)
 .debug_info    0x0000000000028f59      0x76c /Users/gulda/Documents/risc-v/toolchain-gd32v-v200-osx/compiler/bin/../lib/gcc/riscv64-unknown-elf/8.3.0/rv32imac/ilp32/libgcc.a(muldf3.o)
 .debug_info    0x00000000000296c5      0x217 /Users/gulda/Documents/risc-v/toolchain-gd32v-v200-osx/compiler/bin/../lib/gcc/riscv64-unknown-elf/8.3.0/rv32imac/ilp32/libgcc.a(fixdfsi.o)
 .debug_info    0x00000000000298dc      0x2af /Users/gulda/Documents/risc-v/toolchain-gd32v-v200-osx/compiler/bin/../lib/gcc/riscv64-unknown-elf/8.3.0/rv32imac/ilp32/libgcc.a(floatunsidf.o)
 .debug_info    0x0000000000029b8b      0x2e8 /Users/gulda/Documents/risc-v/toolchain-gd32v-v200-osx/compiler/bin/../lib/gcc/riscv64-unknown-elf/8.3.0/rv32imac/ilp32/libgcc.a(floatundidf.o)
 .debug_info    0x0000000000029e73      0xc72 /Users/gulda/Documents/risc-v/toolchain-gd32v-v200-osx/compiler/bin/../lib/gcc/riscv64-unknown-elf/8.3.0/rv32imac/ilp32/libgcc.a(_lshrdi3.o)
 .debug_info    0x000000000002aae5      0xc72 /Users/gulda/Documents/risc-v/toolchain-gd32v-v200-osx/compiler/bin/../lib/gcc/riscv64-unknown-elf/8.3.0/rv32imac/ilp32/libgcc.a(_ashldi3.o)
 .debug_info    0x000000000002b757      0xbd7 /Users/gulda/Documents/risc-v/toolchain-gd32v-v200-osx/compiler/bin/../lib/gcc/riscv64-unknown-elf/8.3.0/rv32imac/ilp32/libgcc.a(_clzsi2.o)
 .debug_info    0x000000000002c32e      0xb6a /Users/gulda/Documents/risc-v/toolchain-gd32v-v200-osx/compiler/bin/../lib/gcc/riscv64-unknown-elf/8.3.0/rv32imac/ilp32/libgcc.a(_clz.o)

.debug_abbrev   0x0000000000000000     0x7212
 .debug_abbrev  0x0000000000000000      0x216 build/gd32vf103_adc.o
 .debug_abbrev  0x0000000000000216      0x20f build/gd32vf103_dma.o
 .debug_abbrev  0x0000000000000425      0x112 build/gd32vf103_eclic.o
 .debug_abbrev  0x0000000000000537      0x15c build/gd32vf103_exti.o
 .debug_abbrev  0x0000000000000693      0x228 build/gd32vf103_gpio.o
 .debug_abbrev  0x00000000000008bb      0x259 build/gd32vf103_rcu.o
 .debug_abbrev  0x0000000000000b14      0x21a build/gd32vf103_spi.o
 .debug_abbrev  0x0000000000000d2e      0x2c1 build/gd32vf103_timer.o
 .debug_abbrev  0x0000000000000fef      0x1eb build/gd32vf103_usart.o
 .debug_abbrev  0x00000000000011da       0xe0 build/system_gd32vf103.o
 .debug_abbrev  0x00000000000012ba       0xec build/_exit.o
 .debug_abbrev  0x00000000000013a6       0xac build/sbrk.o
 .debug_abbrev  0x0000000000001452       0xfa build/write_hex.o
 .debug_abbrev  0x000000000000154c      0x4db build/n200_func.o
 .debug_abbrev  0x0000000000001a27      0x234 build/handlers.o
 .debug_abbrev  0x0000000000001c5b      0x22b build/init.o
 .debug_abbrev  0x0000000000001e86      0x2b8 build/dma.o
 .debug_abbrev  0x000000000000213e      0x117 build/eclicw.o
 .debug_abbrev  0x0000000000002255      0x340 build/ff.o
 .debug_abbrev  0x0000000000002595      0x200 build/gd32v_tf_card_if.o
 .debug_abbrev  0x0000000000002795      0x4a3 build/tf_card.o
 .debug_abbrev  0x0000000000002c38       0xd2 build/tf_delay.o
 .debug_abbrev  0x0000000000002d0a       0xcb build/systick.o
 .debug_abbrev  0x0000000000002dd5      0x3f7 build/cdc_acm_core.o
 .debug_abbrev  0x00000000000031cc      0x2a9 build/drv_usb_core.o
 .debug_abbrev  0x0000000000003475      0x335 build/drv_usb_dev.o
 .debug_abbrev  0x00000000000037aa      0x305 build/drv_usbd_int.o
 .debug_abbrev  0x0000000000003aaf      0x318 build/gd32vf103_hw.o
 .debug_abbrev  0x0000000000003dc7      0x2a8 build/gd32vf103_usb_it.o
 .debug_abbrev  0x000000000000406f       0xcb build/usb_delay.o
 .debug_abbrev  0x000000000000413a      0x3b3 build/usb_serial_if.o
 .debug_abbrev  0x00000000000044ed      0x2a8 build/usbd_core.o
 .debug_abbrev  0x0000000000004795      0x511 build/usbd_enum.o
 .debug_abbrev  0x0000000000004ca6      0x2ab build/usbd_transc.o
 .debug_abbrev  0x0000000000004f51       0xef build/adc.o
 .debug_abbrev  0x0000000000005040      0x51b build/main.o
 .debug_abbrev  0x000000000000555b      0x239 build/queue.o
 .debug_abbrev  0x0000000000005794      0x1b3 build/radioHead.o
 .debug_abbrev  0x0000000000005947      0x42e build/rn4871.o
 .debug_abbrev  0x0000000000005d75      0x20b build/state.o
 .debug_abbrev  0x0000000000005f80       0x14 build/start.o
 .debug_abbrev  0x0000000000005f94       0x12 build/entry.o
 .debug_abbrev  0x0000000000005fa6      0x187 /Users/gulda/Documents/risc-v/toolchain-gd32v-v200-osx/compiler/bin/../lib/gcc/riscv64-unknown-elf/8.3.0/rv32imac/ilp32/libgcc.a(divdf3.o)
 .debug_abbrev  0x000000000000612d      0x199 /Users/gulda/Documents/risc-v/toolchain-gd32v-v200-osx/compiler/bin/../lib/gcc/riscv64-unknown-elf/8.3.0/rv32imac/ilp32/libgcc.a(ledf2.o)
 .debug_abbrev  0x00000000000062c6      0x197 /Users/gulda/Documents/risc-v/toolchain-gd32v-v200-osx/compiler/bin/../lib/gcc/riscv64-unknown-elf/8.3.0/rv32imac/ilp32/libgcc.a(muldf3.o)
 .debug_abbrev  0x000000000000645d      0x18a /Users/gulda/Documents/risc-v/toolchain-gd32v-v200-osx/compiler/bin/../lib/gcc/riscv64-unknown-elf/8.3.0/rv32imac/ilp32/libgcc.a(fixdfsi.o)
 .debug_abbrev  0x00000000000065e7      0x178 /Users/gulda/Documents/risc-v/toolchain-gd32v-v200-osx/compiler/bin/../lib/gcc/riscv64-unknown-elf/8.3.0/rv32imac/ilp32/libgcc.a(floatunsidf.o)
 .debug_abbrev  0x000000000000675f      0x19f /Users/gulda/Documents/risc-v/toolchain-gd32v-v200-osx/compiler/bin/../lib/gcc/riscv64-unknown-elf/8.3.0/rv32imac/ilp32/libgcc.a(floatundidf.o)
 .debug_abbrev  0x00000000000068fe      0x275 /Users/gulda/Documents/risc-v/toolchain-gd32v-v200-osx/compiler/bin/../lib/gcc/riscv64-unknown-elf/8.3.0/rv32imac/ilp32/libgcc.a(_lshrdi3.o)
 .debug_abbrev  0x0000000000006b73      0x275 /Users/gulda/Documents/risc-v/toolchain-gd32v-v200-osx/compiler/bin/../lib/gcc/riscv64-unknown-elf/8.3.0/rv32imac/ilp32/libgcc.a(_ashldi3.o)
 .debug_abbrev  0x0000000000006de8      0x242 /Users/gulda/Documents/risc-v/toolchain-gd32v-v200-osx/compiler/bin/../lib/gcc/riscv64-unknown-elf/8.3.0/rv32imac/ilp32/libgcc.a(_clzsi2.o)
 .debug_abbrev  0x000000000000702a      0x1e8 /Users/gulda/Documents/risc-v/toolchain-gd32v-v200-osx/compiler/bin/../lib/gcc/riscv64-unknown-elf/8.3.0/rv32imac/ilp32/libgcc.a(_clz.o)

.debug_loc      0x0000000000000000    0x101b7
 .debug_loc     0x0000000000000000      0x7d6 build/gd32vf103_adc.o
 .debug_loc     0x00000000000007d6      0xd54 build/gd32vf103_dma.o
 .debug_loc     0x000000000000152a       0xe7 build/gd32vf103_eclic.o
 .debug_loc     0x0000000000001611      0x1c8 build/gd32vf103_exti.o
 .debug_loc     0x00000000000017d9      0x4ba build/gd32vf103_gpio.o
 .debug_loc     0x0000000000001c93      0xcf4 build/gd32vf103_rcu.o
 .debug_loc     0x0000000000002987      0x54e build/gd32vf103_spi.o
 .debug_loc     0x0000000000002ed5      0xef4 build/gd32vf103_timer.o
 .debug_loc     0x0000000000003dc9      0x773 build/gd32vf103_usart.o
 .debug_loc     0x000000000000453c      0x173 build/system_gd32vf103.o
 .debug_loc     0x00000000000046af       0x3e build/_exit.o
 .debug_loc     0x00000000000046ed       0x21 build/sbrk.o
 .debug_loc     0x000000000000470e      0x101 build/write_hex.o
 .debug_loc     0x000000000000480f      0xa1d build/n200_func.o
 .debug_loc     0x000000000000522c       0x7f build/handlers.o
 .debug_loc     0x00000000000052ab       0x2c build/init.o
 .debug_loc     0x00000000000052d7       0x91 build/dma.o
 .debug_loc     0x0000000000005368      0x16e build/eclicw.o
 .debug_loc     0x00000000000054d6     0x318f build/ff.o
 .debug_loc     0x0000000000008665      0xc7a build/tf_card.o
 .debug_loc     0x00000000000092df       0x84 build/tf_delay.o
 .debug_loc     0x0000000000009363      0x110 build/systick.o
 .debug_loc     0x0000000000009473      0x3df build/cdc_acm_core.o
 .debug_loc     0x0000000000009852      0x53e build/drv_usb_core.o
 .debug_loc     0x0000000000009d90      0x83b build/drv_usb_dev.o
 .debug_loc     0x000000000000a5cb      0x69a build/drv_usbd_int.o
 .debug_loc     0x000000000000ac65      0x106 build/gd32vf103_hw.o
 .debug_loc     0x000000000000ad6b       0x2c build/gd32vf103_usb_it.o
 .debug_loc     0x000000000000ad97      0x130 build/usb_delay.o
 .debug_loc     0x000000000000aec7      0x2a3 build/usb_serial_if.o
 .debug_loc     0x000000000000b16a      0x730 build/usbd_core.o
 .debug_loc     0x000000000000b89a      0xb83 build/usbd_enum.o
 .debug_loc     0x000000000000c41d      0x4ec build/usbd_transc.o
 .debug_loc     0x000000000000c909       0x2c build/adc.o
 .debug_loc     0x000000000000c935      0x62a build/main.o
 .debug_loc     0x000000000000cf5f      0x32b build/queue.o
 .debug_loc     0x000000000000d28a      0x18a build/radioHead.o
 .debug_loc     0x000000000000d414      0x528 build/rn4871.o
 .debug_loc     0x000000000000d93c     0x129b /Users/gulda/Documents/risc-v/toolchain-gd32v-v200-osx/compiler/bin/../lib/gcc/riscv64-unknown-elf/8.3.0/rv32imac/ilp32/libgcc.a(divdf3.o)
 .debug_loc     0x000000000000ebd7      0x156 /Users/gulda/Documents/risc-v/toolchain-gd32v-v200-osx/compiler/bin/../lib/gcc/riscv64-unknown-elf/8.3.0/rv32imac/ilp32/libgcc.a(ledf2.o)
 .debug_loc     0x000000000000ed2d      0xd6e /Users/gulda/Documents/risc-v/toolchain-gd32v-v200-osx/compiler/bin/../lib/gcc/riscv64-unknown-elf/8.3.0/rv32imac/ilp32/libgcc.a(muldf3.o)
 .debug_loc     0x000000000000fa9b      0x16d /Users/gulda/Documents/risc-v/toolchain-gd32v-v200-osx/compiler/bin/../lib/gcc/riscv64-unknown-elf/8.3.0/rv32imac/ilp32/libgcc.a(fixdfsi.o)
 .debug_loc     0x000000000000fc08      0x15c /Users/gulda/Documents/risc-v/toolchain-gd32v-v200-osx/compiler/bin/../lib/gcc/riscv64-unknown-elf/8.3.0/rv32imac/ilp32/libgcc.a(floatunsidf.o)
 .debug_loc     0x000000000000fd64      0x2ec /Users/gulda/Documents/risc-v/toolchain-gd32v-v200-osx/compiler/bin/../lib/gcc/riscv64-unknown-elf/8.3.0/rv32imac/ilp32/libgcc.a(floatundidf.o)
 .debug_loc     0x0000000000010050       0x7e /Users/gulda/Documents/risc-v/toolchain-gd32v-v200-osx/compiler/bin/../lib/gcc/riscv64-unknown-elf/8.3.0/rv32imac/ilp32/libgcc.a(_lshrdi3.o)
 .debug_loc     0x00000000000100ce       0x7e /Users/gulda/Documents/risc-v/toolchain-gd32v-v200-osx/compiler/bin/../lib/gcc/riscv64-unknown-elf/8.3.0/rv32imac/ilp32/libgcc.a(_ashldi3.o)
 .debug_loc     0x000000000001014c       0x6b /Users/gulda/Documents/risc-v/toolchain-gd32v-v200-osx/compiler/bin/../lib/gcc/riscv64-unknown-elf/8.3.0/rv32imac/ilp32/libgcc.a(_clzsi2.o)

.debug_aranges  0x0000000000000000     0x1578
 .debug_aranges
                0x0000000000000000      0x140 build/gd32vf103_adc.o
 .debug_aranges
                0x0000000000000140       0xe8 build/gd32vf103_dma.o
 .debug_aranges
                0x0000000000000228       0x50 build/gd32vf103_eclic.o
 .debug_aranges
                0x0000000000000278       0x70 build/gd32vf103_exti.o
 .debug_aranges
                0x00000000000002e8       0xa0 build/gd32vf103_gpio.o
 .debug_aranges
                0x0000000000000388      0x160 build/gd32vf103_rcu.o
 .debug_aranges
                0x00000000000004e8      0x128 build/gd32vf103_spi.o
 .debug_aranges
                0x0000000000000610      0x240 build/gd32vf103_timer.o
 .debug_aranges
                0x0000000000000850      0x170 build/gd32vf103_usart.o
 .debug_aranges
                0x00000000000009c0       0x28 build/system_gd32vf103.o
 .debug_aranges
                0x00000000000009e8       0x20 build/_exit.o
 .debug_aranges
                0x0000000000000a08       0x20 build/sbrk.o
 .debug_aranges
                0x0000000000000a28       0x20 build/write_hex.o
 .debug_aranges
                0x0000000000000a48      0x140 build/n200_func.o
 .debug_aranges
                0x0000000000000b88       0x28 build/handlers.o
 .debug_aranges
                0x0000000000000bb0       0x28 build/init.o
 .debug_aranges
                0x0000000000000bd8       0x28 build/dma.o
 .debug_aranges
                0x0000000000000c00       0x30 build/eclicw.o
 .debug_aranges
                0x0000000000000c30       0xd8 build/ff.o
 .debug_aranges
                0x0000000000000d08       0x28 build/gd32v_tf_card_if.o
 .debug_aranges
                0x0000000000000d30       0x80 build/tf_card.o
 .debug_aranges
                0x0000000000000db0       0x28 build/tf_delay.o
 .debug_aranges
                0x0000000000000dd8       0x28 build/systick.o
 .debug_aranges
                0x0000000000000e00       0x68 build/cdc_acm_core.o
 .debug_aranges
                0x0000000000000e68       0x48 build/drv_usb_core.o
 .debug_aranges
                0x0000000000000eb0       0xc8 build/drv_usb_dev.o
 .debug_aranges
                0x0000000000000f78       0x58 build/drv_usbd_int.o
 .debug_aranges
                0x0000000000000fd0       0x40 build/gd32vf103_hw.o
 .debug_aranges
                0x0000000000001010       0x28 build/gd32vf103_usb_it.o
 .debug_aranges
                0x0000000000001038       0x28 build/usb_delay.o
 .debug_aranges
                0x0000000000001060       0x48 build/usb_serial_if.o
 .debug_aranges
                0x00000000000010a8       0x78 build/usbd_core.o
 .debug_aranges
                0x0000000000001120       0xa8 build/usbd_enum.o
 .debug_aranges
                0x00000000000011c8       0x50 build/usbd_transc.o
 .debug_aranges
                0x0000000000001218       0x20 build/adc.o
 .debug_aranges
                0x0000000000001238       0xb0 build/main.o
 .debug_aranges
                0x00000000000012e8       0x50 build/queue.o
 .debug_aranges
                0x0000000000001338       0x38 build/radioHead.o
 .debug_aranges
                0x0000000000001370       0x60 build/rn4871.o
 .debug_aranges
                0x00000000000013d0       0x28 build/state.o
 .debug_aranges
                0x00000000000013f8       0x20 build/start.o
 .debug_aranges
                0x0000000000001418       0x28 build/entry.o
 .debug_aranges
                0x0000000000001440       0x20 /Users/gulda/Documents/risc-v/toolchain-gd32v-v200-osx/compiler/bin/../lib/gcc/riscv64-unknown-elf/8.3.0/rv32imac/ilp32/libgcc.a(divdf3.o)
 .debug_aranges
                0x0000000000001460       0x20 /Users/gulda/Documents/risc-v/toolchain-gd32v-v200-osx/compiler/bin/../lib/gcc/riscv64-unknown-elf/8.3.0/rv32imac/ilp32/libgcc.a(ledf2.o)
 .debug_aranges
                0x0000000000001480       0x20 /Users/gulda/Documents/risc-v/toolchain-gd32v-v200-osx/compiler/bin/../lib/gcc/riscv64-unknown-elf/8.3.0/rv32imac/ilp32/libgcc.a(muldf3.o)
 .debug_aranges
                0x00000000000014a0       0x20 /Users/gulda/Documents/risc-v/toolchain-gd32v-v200-osx/compiler/bin/../lib/gcc/riscv64-unknown-elf/8.3.0/rv32imac/ilp32/libgcc.a(fixdfsi.o)
 .debug_aranges
                0x00000000000014c0       0x20 /Users/gulda/Documents/risc-v/toolchain-gd32v-v200-osx/compiler/bin/../lib/gcc/riscv64-unknown-elf/8.3.0/rv32imac/ilp32/libgcc.a(floatunsidf.o)
 .debug_aranges
                0x00000000000014e0       0x20 /Users/gulda/Documents/risc-v/toolchain-gd32v-v200-osx/compiler/bin/../lib/gcc/riscv64-unknown-elf/8.3.0/rv32imac/ilp32/libgcc.a(floatundidf.o)
 .debug_aranges
                0x0000000000001500       0x20 /Users/gulda/Documents/risc-v/toolchain-gd32v-v200-osx/compiler/bin/../lib/gcc/riscv64-unknown-elf/8.3.0/rv32imac/ilp32/libgcc.a(_lshrdi3.o)
 .debug_aranges
                0x0000000000001520       0x20 /Users/gulda/Documents/risc-v/toolchain-gd32v-v200-osx/compiler/bin/../lib/gcc/riscv64-unknown-elf/8.3.0/rv32imac/ilp32/libgcc.a(_ashldi3.o)
 .debug_aranges
                0x0000000000001540       0x20 /Users/gulda/Documents/risc-v/toolchain-gd32v-v200-osx/compiler/bin/../lib/gcc/riscv64-unknown-elf/8.3.0/rv32imac/ilp32/libgcc.a(_clzsi2.o)
 .debug_aranges
                0x0000000000001560       0x18 /Users/gulda/Documents/risc-v/toolchain-gd32v-v200-osx/compiler/bin/../lib/gcc/riscv64-unknown-elf/8.3.0/rv32imac/ilp32/libgcc.a(_clz.o)

.debug_ranges   0x0000000000000000     0x1d60
 .debug_ranges  0x0000000000000000      0x130 build/gd32vf103_adc.o
 .debug_ranges  0x0000000000000130       0xd8 build/gd32vf103_dma.o
 .debug_ranges  0x0000000000000208       0x40 build/gd32vf103_eclic.o
 .debug_ranges  0x0000000000000248       0x60 build/gd32vf103_exti.o
 .debug_ranges  0x00000000000002a8       0x90 build/gd32vf103_gpio.o
 .debug_ranges  0x0000000000000338      0x150 build/gd32vf103_rcu.o
 .debug_ranges  0x0000000000000488      0x118 build/gd32vf103_spi.o
 .debug_ranges  0x00000000000005a0      0x270 build/gd32vf103_timer.o
 .debug_ranges  0x0000000000000810      0x160 build/gd32vf103_usart.o
 .debug_ranges  0x0000000000000970       0x18 build/system_gd32vf103.o
 .debug_ranges  0x0000000000000988       0x10 build/_exit.o
 .debug_ranges  0x0000000000000998       0x10 build/sbrk.o
 .debug_ranges  0x00000000000009a8       0x30 build/write_hex.o
 .debug_ranges  0x00000000000009d8      0x240 build/n200_func.o
 .debug_ranges  0x0000000000000c18       0x18 build/handlers.o
 .debug_ranges  0x0000000000000c30       0x18 build/init.o
 .debug_ranges  0x0000000000000c48       0x18 build/dma.o
 .debug_ranges  0x0000000000000c60       0x20 build/eclicw.o
 .debug_ranges  0x0000000000000c80      0x328 build/ff.o
 .debug_ranges  0x0000000000000fa8       0x18 build/gd32v_tf_card_if.o
 .debug_ranges  0x0000000000000fc0       0x90 build/tf_card.o
 .debug_ranges  0x0000000000001050       0x18 build/tf_delay.o
 .debug_ranges  0x0000000000001068       0x18 build/systick.o
 .debug_ranges  0x0000000000001080       0x88 build/cdc_acm_core.o
 .debug_ranges  0x0000000000001108       0x38 build/drv_usb_core.o
 .debug_ranges  0x0000000000001140       0xd0 build/drv_usb_dev.o
 .debug_ranges  0x0000000000001210       0xc0 build/drv_usbd_int.o
 .debug_ranges  0x00000000000012d0       0x30 build/gd32vf103_hw.o
 .debug_ranges  0x0000000000001300       0x18 build/gd32vf103_usb_it.o
 .debug_ranges  0x0000000000001318       0x18 build/usb_delay.o
 .debug_ranges  0x0000000000001330       0x88 build/usb_serial_if.o
 .debug_ranges  0x00000000000013b8       0x68 build/usbd_core.o
 .debug_ranges  0x0000000000001420      0x150 build/usbd_enum.o
 .debug_ranges  0x0000000000001570       0x40 build/usbd_transc.o
 .debug_ranges  0x00000000000015b0       0x10 build/adc.o
 .debug_ranges  0x00000000000015c0       0xe0 build/main.o
 .debug_ranges  0x00000000000016a0       0x80 build/queue.o
 .debug_ranges  0x0000000000001720       0x60 build/radioHead.o
 .debug_ranges  0x0000000000001780       0xf8 build/rn4871.o
 .debug_ranges  0x0000000000001878       0x18 build/state.o
 .debug_ranges  0x0000000000001890       0x20 build/entry.o
 .debug_ranges  0x00000000000018b0      0x180 /Users/gulda/Documents/risc-v/toolchain-gd32v-v200-osx/compiler/bin/../lib/gcc/riscv64-unknown-elf/8.3.0/rv32imac/ilp32/libgcc.a(divdf3.o)
 .debug_ranges  0x0000000000001a30       0x68 /Users/gulda/Documents/risc-v/toolchain-gd32v-v200-osx/compiler/bin/../lib/gcc/riscv64-unknown-elf/8.3.0/rv32imac/ilp32/libgcc.a(ledf2.o)
 .debug_ranges  0x0000000000001a98      0x1c0 /Users/gulda/Documents/risc-v/toolchain-gd32v-v200-osx/compiler/bin/../lib/gcc/riscv64-unknown-elf/8.3.0/rv32imac/ilp32/libgcc.a(muldf3.o)
 .debug_ranges  0x0000000000001c58       0x18 /Users/gulda/Documents/risc-v/toolchain-gd32v-v200-osx/compiler/bin/../lib/gcc/riscv64-unknown-elf/8.3.0/rv32imac/ilp32/libgcc.a(fixdfsi.o)
 .debug_ranges  0x0000000000001c70       0x68 /Users/gulda/Documents/risc-v/toolchain-gd32v-v200-osx/compiler/bin/../lib/gcc/riscv64-unknown-elf/8.3.0/rv32imac/ilp32/libgcc.a(floatunsidf.o)
 .debug_ranges  0x0000000000001cd8       0x68 /Users/gulda/Documents/risc-v/toolchain-gd32v-v200-osx/compiler/bin/../lib/gcc/riscv64-unknown-elf/8.3.0/rv32imac/ilp32/libgcc.a(floatundidf.o)
 .debug_ranges  0x0000000000001d40       0x20 /Users/gulda/Documents/risc-v/toolchain-gd32v-v200-osx/compiler/bin/../lib/gcc/riscv64-unknown-elf/8.3.0/rv32imac/ilp32/libgcc.a(_clzsi2.o)

.debug_line     0x0000000000000000    0x2095e
 .debug_line    0x0000000000000000     0x1495 build/gd32vf103_adc.o
 .debug_line    0x0000000000001495     0x1121 build/gd32vf103_dma.o
 .debug_line    0x00000000000025b6      0x340 build/gd32vf103_eclic.o
 .debug_line    0x00000000000028f6      0x58e build/gd32vf103_exti.o
 .debug_line    0x0000000000002e84      0xb24 build/gd32vf103_gpio.o
 .debug_line    0x00000000000039a8     0x1517 build/gd32vf103_rcu.o
 .debug_line    0x0000000000004ebf      0xe39 build/gd32vf103_spi.o
 .debug_line    0x0000000000005cf8     0x2b03 build/gd32vf103_timer.o
 .debug_line    0x00000000000087fb      0xe26 build/gd32vf103_usart.o
 .debug_line    0x0000000000009621      0x6bd build/system_gd32vf103.o
 .debug_line    0x0000000000009cde      0x14b build/_exit.o
 .debug_line    0x0000000000009e29      0x13b build/sbrk.o
 .debug_line    0x0000000000009f64      0x245 build/write_hex.o
 .debug_line    0x000000000000a1a9     0x12d5 build/n200_func.o
 .debug_line    0x000000000000b47e      0x276 build/handlers.o
 .debug_line    0x000000000000b6f4      0x2b5 build/init.o
 .debug_line    0x000000000000b9a9      0x5a8 build/dma.o
 .debug_line    0x000000000000bf51      0x2ee build/eclicw.o
 .debug_line    0x000000000000c23f     0x462b build/ff.o
 .debug_line    0x000000000001086a      0x34c build/gd32v_tf_card_if.o
 .debug_line    0x0000000000010bb6     0x1740 build/tf_card.o
 .debug_line    0x00000000000122f6      0x27b build/tf_delay.o
 .debug_line    0x0000000000012571      0x3a4 build/systick.o
 .debug_line    0x0000000000012915      0x7c7 build/cdc_acm_core.o
 .debug_line    0x00000000000130dc      0x915 build/drv_usb_core.o
 .debug_line    0x00000000000139f1     0x153d build/drv_usb_dev.o
 .debug_line    0x0000000000014f2e     0x1047 build/drv_usbd_int.o
 .debug_line    0x0000000000015f75      0x51d build/gd32vf103_hw.o
 .debug_line    0x0000000000016492      0x3f7 build/gd32vf103_usb_it.o
 .debug_line    0x0000000000016889      0x35d build/usb_delay.o
 .debug_line    0x0000000000016be6      0xa3a build/usb_serial_if.o
 .debug_line    0x0000000000017620      0x7fa build/usbd_core.o
 .debug_line    0x0000000000017e1a     0x1076 build/usbd_enum.o
 .debug_line    0x0000000000018e90      0x885 build/usbd_transc.o
 .debug_line    0x0000000000019715      0x2f2 build/adc.o
 .debug_line    0x0000000000019a07     0x1586 build/main.o
 .debug_line    0x000000000001af8d      0x6f5 build/queue.o
 .debug_line    0x000000000001b682      0x770 build/radioHead.o
 .debug_line    0x000000000001bdf2     0x10ab build/rn4871.o
 .debug_line    0x000000000001ce9d      0x1de build/state.o
 .debug_line    0x000000000001d07b      0x187 build/start.o
 .debug_line    0x000000000001d202       0xe3 build/entry.o
 .debug_line    0x000000000001d2e5      0xe35 /Users/gulda/Documents/risc-v/toolchain-gd32v-v200-osx/compiler/bin/../lib/gcc/riscv64-unknown-elf/8.3.0/rv32imac/ilp32/libgcc.a(divdf3.o)
 .debug_line    0x000000000001e11a      0x303 /Users/gulda/Documents/risc-v/toolchain-gd32v-v200-osx/compiler/bin/../lib/gcc/riscv64-unknown-elf/8.3.0/rv32imac/ilp32/libgcc.a(ledf2.o)
 .debug_line    0x000000000001e41d      0xbf8 /Users/gulda/Documents/risc-v/toolchain-gd32v-v200-osx/compiler/bin/../lib/gcc/riscv64-unknown-elf/8.3.0/rv32imac/ilp32/libgcc.a(muldf3.o)
 .debug_line    0x000000000001f015      0x221 /Users/gulda/Documents/risc-v/toolchain-gd32v-v200-osx/compiler/bin/../lib/gcc/riscv64-unknown-elf/8.3.0/rv32imac/ilp32/libgcc.a(fixdfsi.o)
 .debug_line    0x000000000001f236      0x239 /Users/gulda/Documents/risc-v/toolchain-gd32v-v200-osx/compiler/bin/../lib/gcc/riscv64-unknown-elf/8.3.0/rv32imac/ilp32/libgcc.a(floatunsidf.o)
 .debug_line    0x000000000001f46f      0x3f5 /Users/gulda/Documents/risc-v/toolchain-gd32v-v200-osx/compiler/bin/../lib/gcc/riscv64-unknown-elf/8.3.0/rv32imac/ilp32/libgcc.a(floatundidf.o)
 .debug_line    0x000000000001f864      0x488 /Users/gulda/Documents/risc-v/toolchain-gd32v-v200-osx/compiler/bin/../lib/gcc/riscv64-unknown-elf/8.3.0/rv32imac/ilp32/libgcc.a(_lshrdi3.o)
 .debug_line    0x000000000001fcec      0x488 /Users/gulda/Documents/risc-v/toolchain-gd32v-v200-osx/compiler/bin/../lib/gcc/riscv64-unknown-elf/8.3.0/rv32imac/ilp32/libgcc.a(_ashldi3.o)
 .debug_line    0x0000000000020174      0x436 /Users/gulda/Documents/risc-v/toolchain-gd32v-v200-osx/compiler/bin/../lib/gcc/riscv64-unknown-elf/8.3.0/rv32imac/ilp32/libgcc.a(_clzsi2.o)
 .debug_line    0x00000000000205aa      0x3b4 /Users/gulda/Documents/risc-v/toolchain-gd32v-v200-osx/compiler/bin/../lib/gcc/riscv64-unknown-elf/8.3.0/rv32imac/ilp32/libgcc.a(_clz.o)

.debug_str      0x0000000000000000     0x6dc0
 .debug_str     0x0000000000000000      0x850 build/gd32vf103_adc.o
                                        0x8c9 (size before relaxing)
 .debug_str     0x0000000000000850      0x3a1 build/gd32vf103_dma.o
                                        0x5b0 (size before relaxing)
 .debug_str     0x0000000000000bf1      0x165 build/gd32vf103_eclic.o
                                        0x30d (size before relaxing)
 .debug_str     0x0000000000000d56      0x27c build/gd32vf103_exti.o
                                        0x418 (size before relaxing)
 .debug_str     0x0000000000000fd2      0x1e8 build/gd32vf103_gpio.o
                                        0x5b1 (size before relaxing)
 .debug_str     0x00000000000011ba      0xa72 build/gd32vf103_rcu.o
                                        0xe30 (size before relaxing)
 .debug_str     0x0000000000001c2c      0x3ac build/gd32vf103_spi.o
                                        0x77d (size before relaxing)
 .debug_str     0x0000000000001fd8      0xaff build/gd32vf103_timer.o
                                        0xef5 (size before relaxing)
 .debug_str     0x0000000000002ad7      0x59e build/gd32vf103_usart.o
                                        0x978 (size before relaxing)
 .debug_str     0x0000000000003075       0xa4 build/system_gd32vf103.o
                                        0x283 (size before relaxing)
 .debug_str     0x0000000000003119       0x61 build/_exit.o
                                        0x1f2 (size before relaxing)
 .debug_str     0x000000000000317a       0x48 build/sbrk.o
                                        0x15e (size before relaxing)
 .debug_str     0x00000000000031c2       0x35 build/write_hex.o
                                        0x1eb (size before relaxing)
 .debug_str     0x00000000000031f7      0x6ab build/n200_func.o
                                        0x98f (size before relaxing)
 .debug_str     0x00000000000038a2       0x56 build/handlers.o
                                        0x5e8 (size before relaxing)
 .debug_str     0x00000000000038f8      0x434 build/init.o
                                        0x9bd (size before relaxing)
 .debug_str     0x0000000000003d2c      0x977 build/dma.o
                                       0x1452 (size before relaxing)
 .debug_str     0x00000000000046a3       0x6a build/eclicw.o
                                        0x62b (size before relaxing)
 .debug_str     0x000000000000470d      0x474 build/ff.o
                                        0x63b (size before relaxing)
 .debug_str     0x0000000000004b81       0x4c build/gd32v_tf_card_if.o
                                        0x606 (size before relaxing)
 .debug_str     0x0000000000004bcd      0x108 build/tf_card.o
                                        0x9fc (size before relaxing)
 .debug_str     0x0000000000004cd5       0x49 build/tf_delay.o
                                        0x22a (size before relaxing)
 .debug_str     0x0000000000004d1e       0x1a build/systick.o
                                        0x1f6 (size before relaxing)
 .debug_str     0x0000000000004d38      0x36d build/cdc_acm_core.o
                                       0x1317 (size before relaxing)
 .debug_str     0x00000000000050a5      0x294 build/drv_usb_core.o
                                        0x741 (size before relaxing)
 .debug_str     0x0000000000005339      0x28a build/drv_usb_dev.o
                                        0xa37 (size before relaxing)
 .debug_str     0x00000000000055c3      0x1ef build/drv_usbd_int.o
                                        0xa8c (size before relaxing)
 .debug_str     0x00000000000057b2       0xbe build/gd32vf103_hw.o
                                        0xcfd (size before relaxing)
 .debug_str     0x0000000000005870       0x61 build/gd32vf103_usb_it.o
                                       0x1265 (size before relaxing)
 .debug_str     0x00000000000058d1       0x1b build/usb_delay.o
                                        0x1ff (size before relaxing)
 .debug_str     0x00000000000058ec       0xbc build/usb_serial_if.o
                                       0x11f7 (size before relaxing)
 .debug_str     0x00000000000059a8       0xd1 build/usbd_core.o
                                        0xabd (size before relaxing)
 .debug_str     0x0000000000005a79      0x3b0 build/usbd_enum.o
                                       0x1089 (size before relaxing)
 .debug_str     0x0000000000005e29       0x6d build/usbd_transc.o
                                        0xd42 (size before relaxing)
 .debug_str     0x0000000000005e96        0xf build/adc.o
                                        0x47f (size before relaxing)
 .debug_str     0x0000000000005ea5      0x30b build/main.o
                                       0x1df1 (size before relaxing)
 .debug_str     0x00000000000061b0       0x75 build/queue.o
                                        0x2a7 (size before relaxing)
 .debug_str     0x0000000000006225       0x57 build/radioHead.o
                                        0x59f (size before relaxing)
 .debug_str     0x000000000000627c      0x170 build/rn4871.o
                                       0x1572 (size before relaxing)
 .debug_str     0x00000000000063ec       0x16 build/state.o
                                        0x5a7 (size before relaxing)
 .debug_str     0x0000000000006402       0x35 build/start.o
                                         0x7f (size before relaxing)
 .debug_str     0x0000000000006437       0x29 build/entry.o
                                         0x7f (size before relaxing)
 .debug_str     0x0000000000006460      0x3c8 /Users/gulda/Documents/risc-v/toolchain-gd32v-v200-osx/compiler/bin/../lib/gcc/riscv64-unknown-elf/8.3.0/rv32imac/ilp32/libgcc.a(divdf3.o)
                                        0x453 (size before relaxing)
 .debug_str     0x0000000000006828       0x7b /Users/gulda/Documents/risc-v/toolchain-gd32v-v200-osx/compiler/bin/../lib/gcc/riscv64-unknown-elf/8.3.0/rv32imac/ilp32/libgcc.a(ledf2.o)
                                        0x2cf (size before relaxing)
 .debug_str     0x00000000000068a3      0x15f /Users/gulda/Documents/risc-v/toolchain-gd32v-v200-osx/compiler/bin/../lib/gcc/riscv64-unknown-elf/8.3.0/rv32imac/ilp32/libgcc.a(muldf3.o)
                                        0x4ab (size before relaxing)
 .debug_str     0x0000000000006a02       0x57 /Users/gulda/Documents/risc-v/toolchain-gd32v-v200-osx/compiler/bin/../lib/gcc/riscv64-unknown-elf/8.3.0/rv32imac/ilp32/libgcc.a(fixdfsi.o)
                                        0x2a8 (size before relaxing)