Archive member included to satisfy reference by file (symbol)

/Users/gulda/Documents/risc-v/toolchain-gd32v-v200-osx/compiler/bin/../lib/gcc/riscv64-unknown-elf/8.3.0/rv32imac/ilp32/libgcc.a(divdf3.o)
                              build/tf_card.o (__divdf3)
/Users/gulda/Documents/risc-v/toolchain-gd32v-v200-osx/compiler/bin/../lib/gcc/riscv64-unknown-elf/8.3.0/rv32imac/ilp32/libgcc.a(ledf2.o)
                              build/tf_card.o (__ltdf2)
/Users/gulda/Documents/risc-v/toolchain-gd32v-v200-osx/compiler/bin/../lib/gcc/riscv64-unknown-elf/8.3.0/rv32imac/ilp32/libgcc.a(muldf3.o)
                              build/tf_card.o (__muldf3)
/Users/gulda/Documents/risc-v/toolchain-gd32v-v200-osx/compiler/bin/../lib/gcc/riscv64-unknown-elf/8.3.0/rv32imac/ilp32/libgcc.a(fixdfsi.o)
                              build/main.o (__fixdfsi)
/Users/gulda/Documents/risc-v/toolchain-gd32v-v200-osx/compiler/bin/../lib/gcc/riscv64-unknown-elf/8.3.0/rv32imac/ilp32/libgcc.a(floatsidf.o)
                              build/gd32v_mpu6500_if.o (__floatsidf)
/Users/gulda/Documents/risc-v/toolchain-gd32v-v200-osx/compiler/bin/../lib/gcc/riscv64-unknown-elf/8.3.0/rv32imac/ilp32/libgcc.a(floatunsidf.o)
                              build/tf_card.o (__floatunsidf)
/Users/gulda/Documents/risc-v/toolchain-gd32v-v200-osx/compiler/bin/../lib/gcc/riscv64-unknown-elf/8.3.0/rv32imac/ilp32/libgcc.a(floatundidf.o)
                              build/tf_card.o (__floatundidf)
/Users/gulda/Documents/risc-v/toolchain-gd32v-v200-osx/compiler/bin/../lib/gcc/riscv64-unknown-elf/8.3.0/rv32imac/ilp32/libgcc.a(floatsisf.o)
                              build/mpu6500_driver.o (__floatsisf)
/Users/gulda/Documents/risc-v/toolchain-gd32v-v200-osx/compiler/bin/../lib/gcc/riscv64-unknown-elf/8.3.0/rv32imac/ilp32/libgcc.a(_lshrdi3.o)
                              /Users/gulda/Documents/risc-v/toolchain-gd32v-v200-osx/compiler/bin/../lib/gcc/riscv64-unknown-elf/8.3.0/rv32imac/ilp32/libgcc.a(floatundidf.o) (__lshrdi3)
/Users/gulda/Documents/risc-v/toolchain-gd32v-v200-osx/compiler/bin/../lib/gcc/riscv64-unknown-elf/8.3.0/rv32imac/ilp32/libgcc.a(_ashldi3.o)
                              /Users/gulda/Documents/risc-v/toolchain-gd32v-v200-osx/compiler/bin/../lib/gcc/riscv64-unknown-elf/8.3.0/rv32imac/ilp32/libgcc.a(floatundidf.o) (__ashldi3)
/Users/gulda/Documents/risc-v/toolchain-gd32v-v200-osx/compiler/bin/../lib/gcc/riscv64-unknown-elf/8.3.0/rv32imac/ilp32/libgcc.a(_clzsi2.o)
                              /Users/gulda/Documents/risc-v/toolchain-gd32v-v200-osx/compiler/bin/../lib/gcc/riscv64-unknown-elf/8.3.0/rv32imac/ilp32/libgcc.a(divdf3.o) (__clzsi2)
/Users/gulda/Documents/risc-v/toolchain-gd32v-v200-osx/compiler/bin/../lib/gcc/riscv64-unknown-elf/8.3.0/rv32imac/ilp32/libgcc.a(_clz.o)
                              /Users/gulda/Documents/risc-v/toolchain-gd32v-v200-osx/compiler/bin/../lib/gcc/riscv64-unknown-elf/8.3.0/rv32imac/ilp32/libgcc.a(_clzsi2.o) (__clz_tab)
/Users/gulda/Documents/risc-v/toolchain-gd32v-v200-osx/compiler/bin/../lib/gcc/riscv64-unknown-elf/8.3.0/../../../../riscv64-unknown-elf/lib/rv32imac/ilp32/libc_nano.a(lib_a-atexit.o)
                              build/start.o (atexit)
/Users/gulda/Documents/risc-v/toolchain-gd32v-v200-osx/compiler/bin/../lib/gcc/riscv64-unknown-elf/8.3.0/../../../../riscv64-unknown-elf/lib/rv32imac/ilp32/libc_nano.a(lib_a-exit.o)
                              build/start.o (exit)
/Users/gulda/Documents/risc-v/toolchain-gd32v-v200-osx/compiler/bin/../lib/gcc/riscv64-unknown-elf/8.3.0/../../../../riscv64-unknown-elf/lib/rv32imac/ilp32/libc_nano.a(lib_a-fini.o)
                              build/start.o (__libc_fini_array)
/Users/gulda/Documents/risc-v/toolchain-gd32v-v200-osx/compiler/bin/../lib/gcc/riscv64-unknown-elf/8.3.0/../../../../riscv64-unknown-elf/lib/rv32imac/ilp32/libc_nano.a(lib_a-impure.o)
                              /Users/gulda/Documents/risc-v/toolchain-gd32v-v200-osx/compiler/bin/../lib/gcc/riscv64-unknown-elf/8.3.0/../../../../riscv64-unknown-elf/lib/rv32imac/ilp32/libc_nano.a(lib_a-exit.o) (_global_impure_ptr)
/Users/gulda/Documents/risc-v/toolchain-gd32v-v200-osx/compiler/bin/../lib/gcc/riscv64-unknown-elf/8.3.0/../../../../riscv64-unknown-elf/lib/rv32imac/ilp32/libc_nano.a(lib_a-init.o)
                              build/start.o (__libc_init_array)
/Users/gulda/Documents/risc-v/toolchain-gd32v-v200-osx/compiler/bin/../lib/gcc/riscv64-unknown-elf/8.3.0/../../../../riscv64-unknown-elf/lib/rv32imac/ilp32/libc_nano.a(lib_a-memcpy-asm.o)
                              build/gd32vf103_rcu.o (memcpy)
/Users/gulda/Documents/risc-v/toolchain-gd32v-v200-osx/compiler/bin/../lib/gcc/riscv64-unknown-elf/8.3.0/../../../../riscv64-unknown-elf/lib/rv32imac/ilp32/libc_nano.a(lib_a-memset.o)
                              build/drv_usb_core.o (memset)
[...]
Memory Configuration

Name             Origin             Length             Attributes
flash            0x0000000008000000 0x0000000000020000 axrl !w
ram              0x0000000020000000 0x0000000000008000 axw !rl
*default*        0x0000000000000000 0xffffffffffffffff

Linker script and memory map

LOAD build/gd32vf103_adc.o
LOAD build/gd32vf103_bkp.o
LOAD build/gd32vf103_can.o
LOAD build/gd32vf103_crc.o
LOAD build/gd32vf103_dac.o
LOAD build/gd32vf103_dbg.o
LOAD build/gd32vf103_dma.o
LOAD build/gd32vf103_eclic.o
LOAD build/gd32vf103_exmc.o
LOAD build/gd32vf103_exti.o
LOAD build/gd32vf103_fmc.o
LOAD build/gd32vf103_fwdgt.o
LOAD build/gd32vf103_gpio.o
LOAD build/gd32vf103_i2c.o
LOAD build/gd32vf103_pmu.o
LOAD build/gd32vf103_rcu.o
LOAD build/gd32vf103_rtc.o
LOAD build/gd32vf103_spi.o
LOAD build/gd32vf103_timer.o
LOAD build/gd32vf103_usart.o
LOAD build/gd32vf103_wwdgt.o
LOAD build/system_gd32vf103.o
LOAD build/_exit.o
LOAD build/close.o
LOAD build/fstat.o
LOAD build/isatty.o
LOAD build/lseek.o
LOAD build/read.o
LOAD build/sbrk.o
LOAD build/write.o
LOAD build/write_hex.o
LOAD build/n200_func.o
LOAD build/handlers.o
LOAD build/init.o
LOAD build/dma.o
LOAD build/eclicw.o
LOAD build/ff.o
LOAD build/ffsystem.o
LOAD build/ffunicode.o
LOAD build/gd32v_tf_card_if.o
LOAD build/tf_card.o
LOAD build/tf_delay.o
LOAD build/gd32v_mpu6500_if.o
LOAD build/mpu6500_driver.o
LOAD build/queue.o
LOAD build/systick.o
LOAD build/usart.o
LOAD build/cdc_acm_core.o
LOAD build/drv_usb_core.o
LOAD build/drv_usb_dev.o
LOAD build/drv_usbd_int.o
LOAD build/gd32vf103_hw.o
LOAD build/gd32vf103_usb_it.o
LOAD build/usb_delay.o
LOAD build/usb_serial_if.o
LOAD build/usbd_core.o
LOAD build/usbd_enum.o
LOAD build/usbd_transc.o
LOAD build/weak.o
LOAD build/adc.o
LOAD build/main.o
LOAD build/radioHead.o
LOAD build/rn4871.o
LOAD build/state.o
LOAD build/start.o
LOAD build/entry.o
LOAD /Users/gulda/Documents/risc-v/toolchain-gd32v-v200-osx/compiler/bin/../lib/gcc/riscv64-unknown-elf/8.3.0/rv32imac/ilp32/libgcc.a
LOAD /Users/gulda/Documents/risc-v/toolchain-gd32v-v200-osx/compiler/bin/../lib/gcc/riscv64-unknown-elf/8.3.0/../../../../riscv64-unknown-elf/lib/rv32imac/ilp32/libc_nano.a
LOAD /Users/gulda/Documents/risc-v/toolchain-gd32v-v200-osx/compiler/bin/../lib/gcc/riscv64-unknown-elf/8.3.0/rv32imac/ilp32/libgcc.a
START GROUP
LOAD /Users/gulda/Documents/risc-v/toolchain-gd32v-v200-osx/compiler/bin/../lib/gcc/riscv64-unknown-elf/8.3.0/rv32imac/ilp32/libgcc.a
LOAD /Users/gulda/Documents/risc-v/toolchain-gd32v-v200-osx/compiler/bin/../lib/gcc/riscv64-unknown-elf/8.3.0/../../../../riscv64-unknown-elf/lib/rv32imac/ilp32/libc_nano.a
LOAD /Users/gulda/Documents/risc-v/toolchain-gd32v-v200-osx/compiler/bin/../lib/gcc/riscv64-unknown-elf/8.3.0/../../../../riscv64-unknown-elf/lib/rv32imac/ilp32/libgloss_nano.a
END GROUP
                0x0000000000001000                __stack_size = DEFINED (__stack_size)?__stack_size:0x1000
                0x0000000000000000                __dbg_stack_size = DEFINED (__dbg_stack_size)?__dbg_stack_size:0x0

.init           0x0000000008000000      0x254
 *(SORT_NONE(.init))
 .init          0x0000000008000000      0x254 build/start.o
                0x000000000800015c                _start
                0x0000000008000246                disable_mcycle_minstret
                0x000000000800024c                enable_mcycle_minstret

.ilalign        0x0000000008000254        0x0
                0x0000000008000254                . = ALIGN (0x4)
                [!provide]                        PROVIDE (_ilm_lma = .)

.ialign         0x0000000008000254        0x0
                [!provide]                        PROVIDE (_ilm = .)

.text           0x0000000008000280     0x8336
 *(.rodata .rodata.*)
 .rodata        0x0000000008000280       0x10 build/gd32vf103_rcu.o
 .rodata._exit.str1.4
                0x0000000008000290       0x1f build/_exit.o
                                         0x23 (size before relaxing)
 *fill*         0x00000000080002af        0x1 
 .rodata.write_hex.str1.4
                0x00000000080002b0        0x3 build/write_hex.o
 *fill*         0x00000000080002b3        0x1 
 .rodata.handle_nmi.str1.4
                0x00000000080002b4        0x5 build/handlers.o
 *fill*         0x00000000080002b9        0x3 
 .rodata.handle_trap.str1.4
                0x00000000080002bc        0x6 build/handlers.o
 *fill*         0x00000000080002c2        0x2 
 .rodata.check_fs.str1.4
                0x00000000080002c4        0xa build/ff.o
 *fill*         0x00000000080002ce        0x2 
 .rodata.f_open.str1.4
                0x00000000080002d0        0xf build/ff.o
 *fill*         0x00000000080002df        0x1 
 .rodata.wait_ready.cst8
                0x00000000080002e0        0x8 build/tf_card.o
 .rodata.mpu_delay.cst8
                0x00000000080002e8        0x8 build/gd32v_mpu6500_if.o
 .rodata.delay_1ms.cst8
                0x00000000080002e8        0x8 build/systick.o
 .rodata.__compound_literal.0
                0x00000000080002e8       0x18 build/cdc_acm_core.o
 .rodata.__compound_literal.1
                0x0000000008000300       0x3a build/cdc_acm_core.o
 *fill*         0x000000000800033a        0x2 
 .rodata.__compound_literal.2
                0x000000000800033c       0x30 build/cdc_acm_core.o
 .rodata.device_descriptor
                0x000000000800036c       0x12 build/cdc_acm_core.o
                0x000000000800036c                device_descriptor
 *fill*         0x000000000800037e        0x2 
 .rodata.usbd_strings
                0x0000000008000380       0x10 build/cdc_acm_core.o
                0x0000000008000380                usbd_strings
 .rodata._std_dev_req
                0x0000000008000390       0x34 build/usbd_enum.o
 *fill*         0x00000000080003c4        0x4 
 .rodata        0x00000000080003c8       0xb0 build/main.o
 .rodata        0x0000000008000478       0x3c /Users/gulda/Documents/risc-v/toolchain-gd32v-v200-osx/compiler/bin/../lib/gcc/riscv64-unknown-elf/8.3.0/rv32imac/ilp32/libgcc.a(divdf3.o)
 .rodata        0x00000000080004b4       0x3c /Users/gulda/Documents/risc-v/toolchain-gd32v-v200-osx/compiler/bin/../lib/gcc/riscv64-unknown-elf/8.3.0/rv32imac/ilp32/libgcc.a(muldf3.o)
 .rodata        0x00000000080004f0      0x100 /Users/gulda/Documents/risc-v/toolchain-gd32v-v200-osx/compiler/bin/../lib/gcc/riscv64-unknown-elf/8.3.0/rv32imac/ilp32/libgcc.a(_clz.o)
                0x00000000080004f0                __clz_tab
 .rodata.__sf_fake_stderr
                0x00000000080005f0       0x20 /Users/gulda/Documents/risc-v/toolchain-gd32v-v200-osx/compiler/bin/../lib/gcc/riscv64-unknown-elf/8.3.0/../../../../riscv64-unknown-elf/lib/rv32imac/ilp32/libc_nano.a(lib_a-findfp.o)
                0x00000000080005f0                __sf_fake_stderr
 .rodata.__sf_fake_stdin
                0x0000000008000610       0x20 /Users/gulda/Documents/risc-v/toolchain-gd32v-v200-osx/compiler/bin/../lib/gcc/riscv64-unknown-elf/8.3.0/../../../../riscv64-unknown-elf/lib/rv32imac/ilp32/libc_nano.a(lib_a-findfp.o)
                0x0000000008000610                __sf_fake_stdin
 .rodata.__sf_fake_stdout
                0x0000000008000630       0x20 /Users/gulda/Documents/risc-v/toolchain-gd32v-v200-osx/compiler/bin/../lib/gcc/riscv64-unknown-elf/8.3.0/../../../../riscv64-unknown-elf/lib/rv32imac/ilp32/libc_nano.a(lib_a-findfp.o)
                0x0000000008000630                __sf_fake_stdout
 .rodata._svfprintf_r.str1.4
                0x0000000008000650       0x13 /Users/gulda/Documents/risc-v/toolchain-gd32v-v200-osx/compiler/bin/../lib/gcc/riscv64-unknown-elf/8.3.0/../../../../riscv64-unknown-elf/lib/rv32imac/ilp32/libc_nano.a(lib_a-nano-svfprintf.o)
 *fill*         0x0000000008000663        0x1 
 .rodata._printf_i.str1.4
                0x0000000008000664       0x28 /Users/gulda/Documents/risc-v/toolchain-gd32v-v200-osx/compiler/bin/../lib/gcc/riscv64-unknown-elf/8.3.0/../../../../riscv64-unknown-elf/lib/rv32imac/ilp32/libc_nano.a(lib_a-nano-vfprintf_i.o)
                                         0x25 (size before relaxing)
 *(.text.unlikely .text.unlikely.*)
 *(.text.startup .text.startup.*)
 .text.startup.main
                0x000000000800068c      0x3bc build/main.o
                0x000000000800068c                main
 *(.text .text.*)
 .text.adc_deinit
                0x0000000008000a48       0x50 build/gd32vf103_adc.o
                0x0000000008000a48                adc_deinit
 .text.adc_mode_config
                0x0000000008000a98       0x20 build/gd32vf103_adc.o
                0x0000000008000a98                adc_mode_config
 .text.adc_special_function_config
                0x0000000008000ab8       0x48 build/gd32vf103_adc.o
                0x0000000008000ab8                adc_special_function_config
 .text.adc_data_alignment_config
                0x0000000008000b00       0x1a build/gd32vf103_adc.o
                0x0000000008000b00                adc_data_alignment_config
 .text.adc_enable
                0x0000000008000b1a       0x10 build/gd32vf103_adc.o
                0x0000000008000b1a                adc_enable
 .text.adc_calibration_enable
                0x0000000008000b2a       0x22 build/gd32vf103_adc.o
                0x0000000008000b2a                adc_calibration_enable
 .text.adc_channel_length_config
                0x0000000008000b4c       0x4a build/gd32vf103_adc.o
                0x0000000008000b4c                adc_channel_length_config
 .text.adc_regular_channel_config
                0x0000000008000b96       0xbe build/gd32vf103_adc.o
                0x0000000008000b96                adc_regular_channel_config
 .text.adc_external_trigger_source_config
                0x0000000008000c54       0x34 build/gd32vf103_adc.o
                0x0000000008000c54                adc_external_trigger_source_config
 .text.adc_external_trigger_config
                0x0000000008000c88       0x3a build/gd32vf103_adc.o
                0x0000000008000c88                adc_external_trigger_config
 .text.adc_software_trigger_enable
                0x0000000008000cc2       0x20 build/gd32vf103_adc.o
                0x0000000008000cc2                adc_software_trigger_enable
 .text.dma_deinit
                0x0000000008000ce2       0x44 build/gd32vf103_dma.o
                0x0000000008000ce2                dma_deinit
 .text.dma_init
                0x0000000008000d26       0x8c build/gd32vf103_dma.o
                0x0000000008000d26                dma_init
 .text.dma_circulation_disable
                0x0000000008000db2       0x26 build/gd32vf103_dma.o
                0x0000000008000db2                dma_circulation_disable
 .text.dma_channel_enable
                0x0000000008000dd8       0x26 build/gd32vf103_dma.o
                0x0000000008000dd8                dma_channel_enable
 .text.dma_flag_clear
                0x0000000008000dfe        0xe build/gd32vf103_dma.o
                0x0000000008000dfe                dma_flag_clear
 .text.dma_interrupt_flag_get
                0x0000000008000e0c       0x70 build/gd32vf103_dma.o
                0x0000000008000e0c                dma_interrupt_flag_get
 .text.dma_interrupt_flag_clear
                0x0000000008000e7c        0x8 build/gd32vf103_dma.o
                0x0000000008000e7c                dma_interrupt_flag_clear
 .text.dma_interrupt_enable
                0x0000000008000e84       0x24 build/gd32vf103_dma.o
                0x0000000008000e84                dma_interrupt_enable
 .text.eclic_global_interrupt_enable
                0x0000000008000ea8        0x6 build/gd32vf103_eclic.o
                0x0000000008000ea8                eclic_global_interrupt_enable
 .text.eclic_global_interrupt_disable
                0x0000000008000eae        0x6 build/gd32vf103_eclic.o
                0x0000000008000eae                eclic_global_interrupt_disable
 .text.eclic_priority_group_set
                0x0000000008000eb4        0x8 build/gd32vf103_eclic.o
                0x0000000008000eb4                eclic_priority_group_set
 .text.eclic_irq_enable
                0x0000000008000ebc       0x34 build/gd32vf103_eclic.o
                0x0000000008000ebc                eclic_irq_enable
 .text.exti_interrupt_flag_clear
                0x0000000008000ef0        0xa build/gd32vf103_exti.o
                0x0000000008000ef0                exti_interrupt_flag_clear
 .text.gpio_init
                0x0000000008000efa       0xa4 build/gd32vf103_gpio.o
                0x0000000008000efa                gpio_init
 .text.gpio_bit_set
                0x0000000008000f9e        0x4 build/gd32vf103_gpio.o
                0x0000000008000f9e                gpio_bit_set
 .text.gpio_bit_reset
                0x0000000008000fa2        0x4 build/gd32vf103_gpio.o
                0x0000000008000fa2                gpio_bit_reset
 .text.gpio_bit_write
                0x0000000008000fa6        0xa build/gd32vf103_gpio.o
                0x0000000008000fa6                gpio_bit_write
 .text.i2c_clock_config
                0x0000000008000fb0      0x142 build/gd32vf103_i2c.o
                0x0000000008000fb0                i2c_clock_config
 .text.i2c_ack_config
                0x00000000080010f2       0x18 build/gd32vf103_i2c.o
                0x00000000080010f2                i2c_ack_config
 .text.i2c_master_addressing
                0x000000000800110a       0x12 build/gd32vf103_i2c.o
                0x000000000800110a                i2c_master_addressing
 .text.i2c_enable
                0x000000000800111c        0xa build/gd32vf103_i2c.o
                0x000000000800111c                i2c_enable
 .text.i2c_start_on_bus
                0x0000000008001126        0xa build/gd32vf103_i2c.o
                0x0000000008001126                i2c_start_on_bus
 .text.i2c_stop_on_bus
                0x0000000008001130        0xa build/gd32vf103_i2c.o
                0x0000000008001130                i2c_stop_on_bus
 .text.i2c_data_transmit
                0x000000000800113a        0x4 build/gd32vf103_i2c.o
                0x000000000800113a                i2c_data_transmit
 .text.i2c_data_receive
                0x000000000800113e        0x8 build/gd32vf103_i2c.o
                0x000000000800113e                i2c_data_receive
 .text.i2c_dma_enable
                0x0000000008001146       0x10 build/gd32vf103_i2c.o
                0x0000000008001146                i2c_dma_enable
 .text.i2c_dma_last_transfer_config
                0x0000000008001156        0xe build/gd32vf103_i2c.o
                0x0000000008001156                i2c_dma_last_transfer_config
 .text.i2c_flag_get
                0x0000000008001164       0x14 build/gd32vf103_i2c.o
                0x0000000008001164                i2c_flag_get
 .text.i2c_flag_clear
                0x0000000008001178       0x2a build/gd32vf103_i2c.o
                0x0000000008001178                i2c_flag_clear
 .text.rcu_periph_clock_enable
                0x00000000080011a2       0x18 build/gd32vf103_rcu.o
                0x00000000080011a2                rcu_periph_clock_enable
 .text.rcu_periph_reset_enable
                0x00000000080011ba       0x18 build/gd32vf103_rcu.o
                0x00000000080011ba                rcu_periph_reset_enable
 .text.rcu_periph_reset_disable
                0x00000000080011d2       0x1c build/gd32vf103_rcu.o
                0x00000000080011d2                rcu_periph_reset_disable
 .text.rcu_adc_clock_config
                0x00000000080011ee       0x40 build/gd32vf103_rcu.o
                0x00000000080011ee                rcu_adc_clock_config
 .text.rcu_usb_clock_config
                0x000000000800122e       0x14 build/gd32vf103_rcu.o
                0x000000000800122e                rcu_usb_clock_config
 .text.rcu_clock_freq_get
                0x0000000008001242      0x13a build/gd32vf103_rcu.o
                0x0000000008001242                rcu_clock_freq_get
 .text.spi_init
                0x000000000800137c       0x36 build/gd32vf103_spi.o
                0x000000000800137c                spi_init
 .text.spi_enable
                0x00000000080013b2        0xa build/gd32vf103_spi.o
                0x00000000080013b2                spi_enable
 .text.spi_i2s_data_transmit
                0x00000000080013bc        0x4 build/gd32vf103_spi.o
                0x00000000080013bc                spi_i2s_data_transmit
 .text.spi_i2s_data_receive
                0x00000000080013c0        0x8 build/gd32vf103_spi.o
                0x00000000080013c0                spi_i2s_data_receive
 .text.spi_crc_polynomial_set
                0x00000000080013c8        0xc build/gd32vf103_spi.o
                0x00000000080013c8                spi_crc_polynomial_set
 .text.spi_i2s_flag_get
                0x00000000080013d4        0xa build/gd32vf103_spi.o
                0x00000000080013d4                spi_i2s_flag_get
 .text.timer_deinit
                0x00000000080013de       0xd2 build/gd32vf103_timer.o
                0x00000000080013de                timer_deinit
 .text.timer_struct_para_init
                0x00000000080014b0       0x18 build/gd32vf103_timer.o
                0x00000000080014b0                timer_struct_para_init
 .text.timer_init
                0x00000000080014c8       0x8e build/gd32vf103_timer.o
                0x00000000080014c8                timer_init
 .text.timer_enable
                0x0000000008001556        0xa build/gd32vf103_timer.o
                0x0000000008001556                timer_enable
 .text.timer_channel_output_struct_para_init
                0x0000000008001560       0x1a build/gd32vf103_timer.o
                0x0000000008001560                timer_channel_output_struct_para_init
 .text.timer_channel_output_config
                0x000000000800157a      0x23c build/gd32vf103_timer.o
                0x000000000800157a                timer_channel_output_config
 .text.timer_channel_output_mode_config
                0x00000000080017b6       0x56 build/gd32vf103_timer.o
                0x00000000080017b6                timer_channel_output_mode_config
 .text.timer_channel_output_pulse_value_config
                0x000000000800180c       0x26 build/gd32vf103_timer.o
                0x000000000800180c                timer_channel_output_pulse_value_config
 .text.timer_channel_output_shadow_config
                0x0000000008001832       0x56 build/gd32vf103_timer.o
                0x0000000008001832                timer_channel_output_shadow_config
 .text.timer_interrupt_enable
                0x0000000008001888        0x8 build/gd32vf103_timer.o
                0x0000000008001888                timer_interrupt_enable
 .text.timer_interrupt_disable
                0x0000000008001890        0xc build/gd32vf103_timer.o
                0x0000000008001890                timer_interrupt_disable
 .text.timer_interrupt_flag_get
                0x000000000800189c       0x12 build/gd32vf103_timer.o
                0x000000000800189c                timer_interrupt_flag_get
 .text.timer_interrupt_flag_clear
                0x00000000080018ae        0x8 build/gd32vf103_timer.o
                0x00000000080018ae                timer_interrupt_flag_clear
 .text.usart_deinit
                0x00000000080018b6       0xa2 build/gd32vf103_usart.o
                0x00000000080018b6                usart_deinit
 .text.usart_baudrate_set
                0x0000000008001958       0x6c build/gd32vf103_usart.o
                0x0000000008001958                usart_baudrate_set
 .text.usart_parity_config
                0x00000000080019c4       0x10 build/gd32vf103_usart.o
                0x00000000080019c4                usart_parity_config
 .text.usart_word_length_set
                0x00000000080019d4       0x12 build/gd32vf103_usart.o
                0x00000000080019d4                usart_word_length_set
 .text.usart_stop_bit_set
                0x00000000080019e6       0x12 build/gd32vf103_usart.o
                0x00000000080019e6                usart_stop_bit_set
 .text.usart_enable
                0x00000000080019f8        0xa build/gd32vf103_usart.o
                0x00000000080019f8                usart_enable
 .text.usart_transmit_config
                0x0000000008001a02        0xa build/gd32vf103_usart.o
                0x0000000008001a02                usart_transmit_config
 .text.usart_receive_config
                0x0000000008001a0c        0xa build/gd32vf103_usart.o
                0x0000000008001a0c                usart_receive_config
 .text.usart_data_receive
                0x0000000008001a16        0x8 build/gd32vf103_usart.o
                0x0000000008001a16                usart_data_receive
 .text.usart_hardware_flow_rts_config
                0x0000000008001a1e        0xc build/gd32vf103_usart.o
                0x0000000008001a1e                usart_hardware_flow_rts_config
 .text.usart_hardware_flow_cts_config
                0x0000000008001a2a        0xc build/gd32vf103_usart.o
                0x0000000008001a2a                usart_hardware_flow_cts_config
 .text.usart_dma_receive_config
                0x0000000008001a36        0xc build/gd32vf103_usart.o
                0x0000000008001a36                usart_dma_receive_config
 .text.usart_dma_transmit_config
                0x0000000008001a42        0xc build/gd32vf103_usart.o
                0x0000000008001a42                usart_dma_transmit_config
 .text.usart_interrupt_enable
                0x0000000008001a4e       0x18 build/gd32vf103_usart.o
                0x0000000008001a4e                usart_interrupt_enable
 .text.usart_interrupt_flag_get
                0x0000000008001a66       0x2e build/gd32vf103_usart.o
                0x0000000008001a66                usart_interrupt_flag_get
 .text.usart_interrupt_flag_clear
                0x0000000008001a94       0x1a build/gd32vf103_usart.o
                0x0000000008001a94                usart_interrupt_flag_clear
 .text.SystemInit
                0x0000000008001aae      0x11c build/system_gd32vf103.o
                0x0000000008001aae                SystemInit
 .text.SystemCoreClockUpdate
                0x0000000008001bca       0xca build/system_gd32vf103.o
                0x0000000008001bca                SystemCoreClockUpdate
 .text._exit    0x0000000008001c94       0x4c build/_exit.o
                0x0000000008001c94                _exit
 .text._sbrk    0x0000000008001ce0       0x2e build/sbrk.o
                0x0000000008001ce0                _sbrk
 .text.write_hex
                0x0000000008001d0e       0x7c build/write_hex.o
                0x0000000008001d0e                write_hex
 .text.get_timer_value
                0x0000000008001d8a       0x10 build/n200_func.o
                0x0000000008001d8a                get_timer_value
 .text.eclic_init
                0x0000000008001d9a       0x22 build/n200_func.o
                0x0000000008001d9a                eclic_init
 .text.eclic_enable_interrupt
                0x0000000008001dbc       0x12 build/n200_func.o
                0x0000000008001dbc                eclic_enable_interrupt
 .text.eclic_set_nlbits
                0x0000000008001dce       0x18 build/n200_func.o
                0x0000000008001dce                eclic_set_nlbits
 .text.eclic_get_nlbits
                0x0000000008001de6        0xe build/n200_func.o
                0x0000000008001de6                eclic_get_nlbits
 .text.eclic_set_irq_lvl_abs
                0x0000000008001df4       0x58 build/n200_func.o
                0x0000000008001df4                eclic_set_irq_lvl_abs
 .text.eclic_set_irq_priority
                0x0000000008001e4c       0x52 build/n200_func.o
                0x0000000008001e4c                eclic_set_irq_priority
 .text.eclic_mode_enable
                0x0000000008001e9e       0x12 build/n200_func.o
                0x0000000008001e9e                eclic_mode_enable
 .text.handle_nmi
                0x0000000008001eb0       0x22 build/handlers.o
                0x0000000008001eb0                handle_nmi
 .text.handle_trap
                0x0000000008001ed2       0x38 build/handlers.o
                0x0000000008001ed2                handle_trap
 .text._init    0x0000000008001f0a       0x2c build/init.o
                0x0000000008001f0a                _init
 .text._fini    0x0000000008001f36        0x2 build/init.o
                0x0000000008001f36                _fini
 .text.dma_config
                0x0000000008001f38       0x80 build/dma.o
                0x0000000008001f38                dma_config
 .text.config_clic_irqs
                0x0000000008001fb8       0x2a build/dma.o
                0x0000000008001fb8                config_clic_irqs
 .text.DMA0_Channel6_IRQHandler
                0x0000000008001fe2       0x40 build/dma.o
                0x0000000008001fe2                DMA0_Channel6_IRQHandler
 .text.eclic_mtip_handler
                0x0000000008002022       0x52 build/eclicw.o
                0x0000000008002022                eclic_mtip_handler
 .text.USART0_IRQHandler
                0x0000000008002074       0x52 build/eclicw.o
                0x0000000008002074                USART0_IRQHandler
 .text.ld_dword
                0x00000000080020c6       0x1e build/ff.o
 .text.st_dword
                0x00000000080020e4       0x1c build/ff.o
 .text.mem_cmp  0x0000000008002100       0x1a build/ff.o
 .text.clst2sect
                0x000000000800211a       0x1c build/ff.o
 .text.get_ldnumber
                0x0000000008002136       0x3e build/ff.o
 .text.validate
                0x0000000008002174       0x4e build/ff.o
 .text.mem_cpy.part.0
                0x00000000080021c2       0x1a build/ff.o
 .text.ld_clust.isra.1
                0x00000000080021dc       0x26 build/ff.o
 .text.sync_window.part.3
                0x0000000008002202       0x64 build/ff.o
 .text.move_window
                0x0000000008002266       0x4e build/ff.o
 .text.check_fs
                0x00000000080022b4       0x92 build/ff.o
 .text.find_volume
                0x0000000008002346      0x342 build/ff.o
 .text.put_fat  0x0000000008002688      0x154 build/ff.o
 .text.get_fat.isra.7
                0x00000000080027dc       0xf6 build/ff.o
 .text.create_chain
                0x00000000080028d2      0x128 build/ff.o
 .text.dir_next
                0x00000000080029fa      0x14a build/ff.o
 .text.dir_sdi.constprop.9
                0x0000000008002b44       0x98 build/ff.o
 .text.f_mount  0x0000000008002bdc       0x5c build/ff.o
                0x0000000008002bdc                f_mount
 .text.f_open   0x0000000008002c38      0x526 build/ff.o
                0x0000000008002c38                f_open
 .text.f_write  0x000000000800315e      0x208 build/ff.o
                0x000000000800315e                f_write
 .text.f_sync   0x0000000008003366      0x1b0 build/ff.o
                0x0000000008003366                f_sync
 .text.f_close  0x0000000008003516       0x2c build/ff.o
                0x0000000008003516                f_close
 .text.set_fattime
                0x0000000008003542       0x22 build/gd32v_tf_card_if.o
                0x0000000008003542                set_fattime
 .text.get_fattime
                0x0000000008003564       0x3a build/gd32v_tf_card_if.o
                0x0000000008003564                get_fattime
 .text.xchg_spi
                0x000000000800359e       0x62 build/tf_card.o
 .text.deselect
                0x0000000008003600       0x22 build/tf_card.o
 .text.wait_ready
                0x0000000008003622       0xe4 build/tf_card.o
 .text._select  0x0000000008003706       0x42 build/tf_card.o
 .text.send_cmd
                0x0000000008003748       0xec build/tf_card.o
 .text.rcvr_datablock
                0x0000000008003834       0x80 build/tf_card.o
 .text.xmit_datablock.part.1
                0x00000000080038b4       0x60 build/tf_card.o
 .text.disk_initialize
                0x0000000008003914      0x27c build/tf_card.o
                0x0000000008003914                disk_initialize
 .text.disk_status
                0x0000000008003b90       0x14 build/tf_card.o
                0x0000000008003b90                disk_status
 .text.disk_read
                0x0000000008003ba4       0xa2 build/tf_card.o
                0x0000000008003ba4                disk_read
 .text.disk_write
                0x0000000008003c46      0x108 build/tf_card.o
                0x0000000008003c46                disk_write
 .text.disk_ioctl
                0x0000000008003d4e      0x21e build/tf_card.o
                0x0000000008003d4e                disk_ioctl
 .text.tf_start_timer
                0x0000000008003f6c       0x5a build/tf_delay.o
                0x0000000008003f6c                tf_start_timer
 .text.tf_timer_done
                0x0000000008003fc6       0x3e build/tf_delay.o
                0x0000000008003fc6                tf_timer_done
 .text.mpu_delay
                0x0000000008004004       0xce build/gd32v_mpu6500_if.o
                0x0000000008004004                mpu_delay
 .text.i2c_master_read_register
                0x00000000080040d2      0x140 build/gd32v_mpu6500_if.o
                0x00000000080040d2                i2c_master_read_register
 .text.i2c_master_write_register
                0x0000000008004212       0xea build/gd32v_mpu6500_if.o
                0x0000000008004212                i2c_master_write_register
 .text.i2c_master_init_400k
                0x00000000080042fc       0x2a build/gd32v_mpu6500_if.o
                0x00000000080042fc                i2c_master_init_400k
 .text.mpu6500_install
                0x0000000008004326       0x40 build/gd32v_mpu6500_if.o
                0x0000000008004326                mpu6500_install
 .text.i2c_dma_master_read_register
                0x0000000008004366      0x102 build/gd32v_mpu6500_if.o
                0x0000000008004366                i2c_dma_master_read_register
 .text.read_mpu
                0x0000000008004468       0x1a build/mpu6500_driver.o
                0x0000000008004468                read_mpu
 .text.write_mpu
                0x0000000008004482       0x1a build/mpu6500_driver.o
                0x0000000008004482                write_mpu
 .text.mpu6500_init
                0x000000000800449c      0x126 build/mpu6500_driver.o
                0x000000000800449c                mpu6500_init
 .text.init_q   0x00000000080045c2       0x20 build/queue.o
                0x00000000080045c2                init_q
 .text.enqueue_string
                0x00000000080045e2       0x6c build/queue.o
                0x00000000080045e2                enqueue_string
 .text.queue_str_len
                0x000000000800464e        0xc build/queue.o
                0x000000000800464e                queue_str_len
 .text.fuseStrings
                0x000000000800465a       0x26 build/queue.o
                0x000000000800465a                fuseStrings
 .text.dequeue_string
                0x0000000008004680       0x7c build/queue.o
                0x0000000008004680                dequeue_string
 .text.empty_string_queue
                0x00000000080046fc       0x6c build/queue.o
                0x00000000080046fc                empty_string_queue
 .text.clear_queues
                0x0000000008004768       0x3e build/queue.o
                0x0000000008004768                clear_queues
 .text.delay_1ms
                0x00000000080047a6       0xce build/systick.o
                0x00000000080047a6                delay_1ms
 .text.usb_txfifo_write
                0x0000000008004874       0x3a build/drv_usb_core.o
                0x0000000008004874                usb_txfifo_write
 .text.usb_rxfifo_read
                0x00000000080048ae       0x32 build/drv_usb_core.o
                0x00000000080048ae                usb_rxfifo_read
 .text.usb_txfifo_flush
                0x00000000080048e0       0x28 build/drv_usb_core.o
                0x00000000080048e0                usb_txfifo_flush
 .text.usb_devaddr_set
                0x0000000008004908       0x14 build/drv_usb_dev.o
                0x0000000008004908                usb_devaddr_set
 .text.usb_transc_active
                0x000000000800491c       0x9e build/drv_usb_dev.o
                0x000000000800491c                usb_transc_active
 .text.usb_transc_inxfer
                0x00000000080049ba       0xea build/drv_usb_dev.o
                0x00000000080049ba                usb_transc_inxfer
 .text.usb_transc_outxfer
                0x0000000008004aa4       0x8c build/drv_usb_dev.o
                0x0000000008004aa4                usb_transc_outxfer
 .text.usb_transc_stall
                0x0000000008004b30       0x3a build/drv_usb_dev.o
                0x0000000008004b30                usb_transc_stall
 .text.usb_transc_clrstall
                0x0000000008004b6a       0x46 build/drv_usb_dev.o
                0x0000000008004b6a                usb_transc_clrstall
 .text.usb_oepintnum_read
                0x0000000008004bb0       0x10 build/drv_usb_dev.o
                0x0000000008004bb0                usb_oepintnum_read
 .text.usb_oepintr_read
                0x0000000008004bc0       0x12 build/drv_usb_dev.o
                0x0000000008004bc0                usb_oepintr_read
 .text.usb_iepintnum_read
                0x0000000008004bd2        0xe build/drv_usb_dev.o
                0x0000000008004bd2                usb_iepintnum_read
 .text.usb_iepintr_read
                0x0000000008004be0       0x20 build/drv_usb_dev.o
                0x0000000008004be0                usb_iepintr_read
 .text.usb_ctlep_startout
                0x0000000008004c00       0x26 build/drv_usb_dev.o
                0x0000000008004c00                usb_ctlep_startout
 .text.usb_clock_active
                0x0000000008004c26       0x1a build/drv_usb_dev.o
                0x0000000008004c26                usb_clock_active
 .text.usbd_isr
                0x0000000008004c40      0x140 build/drv_usbd_int.o
                0x0000000008004c40                usbd_isr
 .text.usbd_int_epout
                0x0000000008004d80       0xfe build/drv_usbd_int.o
 .text.usbd_int_epin
                0x0000000008004e7e       0xbc build/drv_usbd_int.o
 .text.usbd_int_rxfifo
                0x0000000008004f3a       0xc6 build/drv_usbd_int.o
 .text.usbd_int_reset
                0x0000000008005000       0xd2 build/drv_usbd_int.o
 .text.usbd_int_enumfinish
                0x00000000080050d2       0x68 build/drv_usbd_int.o
 .text.usbd_emptytxfifo_write
                0x000000000800513a       0xe6 build/drv_usbd_int.o
 .text.usb_udelay
                0x0000000008005220        0x8 build/gd32vf103_hw.o
                0x0000000008005220                usb_udelay
 .text.USBFS_IRQHandler
                0x0000000008005228       0x10 build/gd32vf103_usb_it.o
                0x0000000008005228                USBFS_IRQHandler
 .text.USBFS_WKUP_IRQHandler
                0x0000000008005238       0x56 build/gd32vf103_usb_it.o
                0x0000000008005238                USBFS_WKUP_IRQHandler
 .text.usb_delay_1ms
                0x000000000800528e       0x72 build/usb_delay.o
                0x000000000800528e                usb_delay_1ms
 .text.usb_delay_1us
                0x0000000008005300       0x74 build/usb_delay.o
                0x0000000008005300                usb_delay_1us
 .text.set_usb_clock_96m_hxtal
                0x0000000008005374       0xee build/usb_serial_if.o
                0x0000000008005374                set_usb_clock_96m_hxtal
 .text.usbd_ep_recev
                0x0000000008005462       0x40 build/usbd_core.o
                0x0000000008005462                usbd_ep_recev
 .text.usbd_ep_send
                0x00000000080054a2       0x40 build/usbd_core.o
                0x00000000080054a2                usbd_ep_send
 .text.usbd_ep_stall
                0x00000000080054e2       0x40 build/usbd_core.o
                0x00000000080054e2                usbd_ep_stall
 .text.usbd_ep_stall_clear
                0x0000000008005522       0x3e build/usbd_core.o
                0x0000000008005522                usbd_ep_stall_clear
 .text.usbd_addr_set
                0x0000000008005560        0x8 build/usbd_core.o
                0x0000000008005560                usbd_addr_set
 .text._usb_std_reserved
                0x0000000008005568        0x4 build/usbd_enum.o
 .text._usb_dev_desc_get
                0x000000000800556c        0xe build/usbd_enum.o
 .text._usb_config_desc_get
                0x000000000800557a        0xe build/usbd_enum.o
 .text._usb_str_desc_get
                0x0000000008005588       0x14 build/usbd_enum.o
 .text._usb_std_getdescriptor
                0x000000000800559c       0xfa build/usbd_enum.o
 .text._usb_std_setconfiguration
                0x0000000008005696       0xa8 build/usbd_enum.o
 .text._usb_std_getstatus
                0x000000000800573e       0xba build/usbd_enum.o
 .text._usb_std_getconfiguration
                0x00000000080057f8       0x3c build/usbd_enum.o
 .text._usb_std_getinterface
                0x0000000008005834       0x2c build/usbd_enum.o
 .text._usb_std_setinterface
                0x0000000008005860       0x2a build/usbd_enum.o
 .text._usb_std_setaddress
                0x000000000800588a       0x64 build/usbd_enum.o
 .text._usb_std_setfeature
                0x00000000080058ee       0x80 build/usbd_enum.o
 .text._usb_std_clearfeature
                0x000000000800596e       0x98 build/usbd_enum.o
 .text._usb_std_setdescriptor
                0x0000000008005a06        0x4 build/usbd_enum.o
 .text._usb_std_synchframe
                0x0000000008005a0a        0x4 build/usbd_enum.o
 .text.usbd_standard_request
                0x0000000008005a0e       0x18 build/usbd_enum.o
                0x0000000008005a0e                usbd_standard_request
 .text.usbd_class_request
                0x0000000008005a26       0x2c build/usbd_enum.o
                0x0000000008005a26                usbd_class_request
 .text.usbd_vendor_request
                0x0000000008005a52        0x4 build/usbd_enum.o
                0x0000000008005a52                usbd_vendor_request
 .text.usbd_enum_error
                0x0000000008005a56       0x30 build/usbd_enum.o
                0x0000000008005a56                usbd_enum_error
 .text.usbd_ctl_send
                0x0000000008005a86       0x38 build/usbd_transc.o
                0x0000000008005a86                usbd_ctl_send
 .text.usbd_ctl_recev
                0x0000000008005abe       0x38 build/usbd_transc.o
                0x0000000008005abe                usbd_ctl_recev
 .text.usbd_ctl_status_send
                0x0000000008005af6       0x30 build/usbd_transc.o
                0x0000000008005af6                usbd_ctl_status_send
 .text.usbd_ctl_status_recev
                0x0000000008005b26       0x30 build/usbd_transc.o
                0x0000000008005b26                usbd_ctl_status_recev
 .text.usbd_setup_transc
                0x0000000008005b56       0x94 build/usbd_transc.o
                0x0000000008005b56                usbd_setup_transc
 .text.usbd_out_transc
                0x0000000008005bea       0xe6 build/usbd_transc.o
                0x0000000008005bea                usbd_out_transc
 .text.usbd_in_transc
                0x0000000008005cd0      0x10c build/usbd_transc.o
                0x0000000008005cd0                usbd_in_transc
 .text.write_handle_raw
                0x0000000008005ddc       0xc4 build/main.o
                0x0000000008005ddc                write_handle_raw
 .text.send_data_to_phone
                0x0000000008005ea0       0x26 build/main.o
                0x0000000008005ea0                send_data_to_phone
 .text.stagger_data_to_phone
                0x0000000008005ec6       0x2e build/main.o
                0x0000000008005ec6                stagger_data_to_phone
 .text.reboot_BT
                0x0000000008005ef4       0x26 build/main.o
                0x0000000008005ef4                reboot_BT
 .text.TIMER1_IRQHandler
                0x0000000008005f1a      0x202 build/main.o
                0x0000000008005f1a                TIMER1_IRQHandler
 .text.USART2_IRQHandler
                0x000000000800611c      0x14c build/main.o
                0x000000000800611c                USART2_IRQHandler
 .text.ledInit  0x0000000008006268       0x2a build/main.o
                0x0000000008006268                ledInit
 .text.led_on_B1
                0x0000000008006292       0x14 build/main.o
                0x0000000008006292                led_on_B1
 .text.led_off_B1
                0x00000000080062a6       0x14 build/main.o
                0x00000000080062a6                led_off_B1
 .text.led_on_B0
                0x00000000080062ba       0x14 build/main.o
                0x00000000080062ba                led_on_B0
 .text.led_off_B0
                0x00000000080062ce       0x14 build/main.o
                0x00000000080062ce                led_off_B0
 .text.timer_interrupt_config
                0x00000000080062e2       0xfa build/main.o
                0x00000000080062e2                timer_interrupt_config
 .text.formatTime
                0x00000000080063dc       0x7c build/main.o
                0x00000000080063dc                formatTime
 .text.int_to_string
                0x0000000008006458       0x88 build/main.o
                0x0000000008006458                int_to_string
 .text.append_int_to_string
                0x00000000080064e0       0x30 build/main.o
                0x00000000080064e0                append_int_to_string
 .text.append_newLine
                0x0000000008006510        0xe build/main.o
                0x0000000008006510                append_newLine
 .text.millis   0x000000000800651e       0x62 build/main.o
                0x000000000800651e                millis
 .text.init_mpu
                0x0000000008006580       0x54 build/main.o
                0x0000000008006580                init_mpu
 .text.init_ADC_EMG
                0x00000000080065d4       0xf0 build/main.o
                0x00000000080065d4                init_ADC_EMG
 .text.init_radio
                0x00000000080066c4      0x11e build/radioHead.o
                0x00000000080066c4                init_radio
 .text.enter_command_mode
                0x00000000080067e2       0x4a build/rn4871.o
                0x00000000080067e2                enter_command_mode
 .text.lio_init_bt
                0x000000000800682c      0x172 build/rn4871.o
                0x000000000800682c                lio_init_bt
 .text.lio_send_bt
                0x000000000800699e       0x9c build/rn4871.o
                0x000000000800699e                lio_send_bt
 .text.get_state
                0x0000000008006a3a        0xa build/state.o
                0x0000000008006a3a                get_state
 .text.set_state
                0x0000000008006a44        0xa build/state.o
                0x0000000008006a44                set_state
 *fill*         0x0000000008006a4e       0x32 
 .text.trap     0x0000000008006a80       0x82 build/entry.o
                0x0000000008006a80                trap_entry
 *fill*         0x0000000008006b02        0x2 
 .text.irq      0x0000000008006b04       0x72 build/entry.o
                0x0000000008006b04                irq_entry
 .text          0x0000000008006b76      0x546 /Users/gulda/Documents/risc-v/toolchain-gd32v-v200-osx/compiler/bin/../lib/gcc/riscv64-unknown-elf/8.3.0/rv32imac/ilp32/libgcc.a(divdf3.o)
                0x0000000008006b76                __divdf3
 .text          0x00000000080070bc       0xa4 /Users/gulda/Documents/risc-v/toolchain-gd32v-v200-osx/compiler/bin/../lib/gcc/riscv64-unknown-elf/8.3.0/rv32imac/ilp32/libgcc.a(ledf2.o)
                0x00000000080070bc                __ltdf2
                0x00000000080070bc                __ledf2
 .text          0x0000000008007160      0x44c /Users/gulda/Documents/risc-v/toolchain-gd32v-v200-osx/compiler/bin/../lib/gcc/riscv64-unknown-elf/8.3.0/rv32imac/ilp32/libgcc.a(muldf3.o)
                0x0000000008007160                __muldf3
 .text          0x00000000080075ac       0x64 /Users/gulda/Documents/risc-v/toolchain-gd32v-v200-osx/compiler/bin/../lib/gcc/riscv64-unknown-elf/8.3.0/rv32imac/ilp32/libgcc.a(fixdfsi.o)
                0x00000000080075ac                __fixdfsi
 .text          0x0000000008007610       0x70 /Users/gulda/Documents/risc-v/toolchain-gd32v-v200-osx/compiler/bin/../lib/gcc/riscv64-unknown-elf/8.3.0/rv32imac/ilp32/libgcc.a(floatsidf.o)
                0x0000000008007610                __floatsidf
 .text          0x0000000008007680       0x56 /Users/gulda/Documents/risc-v/toolchain-gd32v-v200-osx/compiler/bin/../lib/gcc/riscv64-unknown-elf/8.3.0/rv32imac/ilp32/libgcc.a(floatunsidf.o)
                0x0000000008007680                __floatunsidf
 .text          0x00000000080076d6      0x166 /Users/gulda/Documents/risc-v/toolchain-gd32v-v200-osx/compiler/bin/../lib/gcc/riscv64-unknown-elf/8.3.0/rv32imac/ilp32/libgcc.a(floatundidf.o)
                0x00000000080076d6                __floatundidf
 .text          0x000000000800783c       0x2a /Users/gulda/Documents/risc-v/toolchain-gd32v-v200-osx/compiler/bin/../lib/gcc/riscv64-unknown-elf/8.3.0/rv32imac/ilp32/libgcc.a(_lshrdi3.o)
                0x000000000800783c                __lshrdi3
 .text          0x0000000008007866       0x2a /Users/gulda/Documents/risc-v/toolchain-gd32v-v200-osx/compiler/bin/../lib/gcc/riscv64-unknown-elf/8.3.0/rv32imac/ilp32/libgcc.a(_ashldi3.o)
                0x0000000008007866                __ashldi3
 .text          0x0000000008007890       0x3c /Users/gulda/Documents/risc-v/toolchain-gd32v-v200-osx/compiler/bin/../lib/gcc/riscv64-unknown-elf/8.3.0/rv32imac/ilp32/libgcc.a(_clzsi2.o)
                0x0000000008007890                __clzsi2
 .text.atexit   0x00000000080078cc       0x10 /Users/gulda/Documents/risc-v/toolchain-gd32v-v200-osx/compiler/bin/../lib/gcc/riscv64-unknown-elf/8.3.0/../../../../riscv64-unknown-elf/lib/rv32imac/ilp32/libc_nano.a(lib_a-atexit.o)
                0x00000000080078cc                atexit
 .text.exit     0x00000000080078dc       0x36 /Users/gulda/Documents/risc-v/toolchain-gd32v-v200-osx/compiler/bin/../lib/gcc/riscv64-unknown-elf/8.3.0/../../../../riscv64-unknown-elf/lib/rv32imac/ilp32/libc_nano.a(lib_a-exit.o)
                0x00000000080078dc                exit
 .text.__libc_fini_array
                0x0000000008007912       0x38 /Users/gulda/Documents/risc-v/toolchain-gd32v-v200-osx/compiler/bin/../lib/gcc/riscv64-unknown-elf/8.3.0/../../../../riscv64-unknown-elf/lib/rv32imac/ilp32/libc_nano.a(lib_a-fini.o)
                0x0000000008007912                __libc_fini_array
 .text.__libc_init_array
                0x000000000800794a       0x6a /Users/gulda/Documents/risc-v/toolchain-gd32v-v200-osx/compiler/bin/../lib/gcc/riscv64-unknown-elf/8.3.0/../../../../riscv64-unknown-elf/lib/rv32imac/ilp32/libc_nano.a(lib_a-init.o)
                0x000000000800794a                __libc_init_array
 .text          0x00000000080079b4       0x16 /Users/gulda/Documents/risc-v/toolchain-gd32v-v200-osx/compiler/bin/../lib/gcc/riscv64-unknown-elf/8.3.0/../../../../riscv64-unknown-elf/lib/rv32imac/ilp32/libc_nano.a(lib_a-memcpy-asm.o)
                0x00000000080079b4                memcpy
 .text          0x00000000080079ca       0x10 /Users/gulda/Documents/risc-v/toolchain-gd32v-v200-osx/compiler/bin/../lib/gcc/riscv64-unknown-elf/8.3.0/../../../../riscv64-unknown-elf/lib/rv32imac/ilp32/libc_nano.a(lib_a-memset.o)
                0x00000000080079ca                memset
 .text.sprintf  0x00000000080079da       0x4e /Users/gulda/Documents/risc-v/toolchain-gd32v-v200-osx/compiler/bin/../lib/gcc/riscv64-unknown-elf/8.3.0/../../../../riscv64-unknown-elf/lib/rv32imac/ilp32/libc_nano.a(lib_a-sprintf.o)
                0x00000000080079da                sprintf
                0x00000000080079da                siprintf
 .text          0x0000000008007a28       0x18 /Users/gulda/Documents/risc-v/toolchain-gd32v-v200-osx/compiler/bin/../lib/gcc/riscv64-unknown-elf/8.3.0/../../../../riscv64-unknown-elf/lib/rv32imac/ilp32/libc_nano.a(lib_a-strcmp.o)
                0x0000000008007a28                strcmp
 .text.strlen   0x0000000008007a40       0x12 /Users/gulda/Documents/risc-v/toolchain-gd32v-v200-osx/compiler/bin/../lib/gcc/riscv64-unknown-elf/8.3.0/../../../../riscv64-unknown-elf/lib/rv32imac/ilp32/libc_nano.a(lib_a-strlen.o)
                0x0000000008007a40                strlen
 .text.__register_exitproc
                0x0000000008007a52       0x8c /Users/gulda/Documents/risc-v/toolchain-gd32v-v200-osx/compiler/bin/../lib/gcc/riscv64-unknown-elf/8.3.0/../../../../riscv64-unknown-elf/lib/rv32imac/ilp32/libc_nano.a(lib_a-__atexit.o)
                0x0000000008007a52                __register_exitproc
 .text.__call_exitprocs
                0x0000000008007ade       0xc8 /Users/gulda/Documents/risc-v/toolchain-gd32v-v200-osx/compiler/bin/../lib/gcc/riscv64-unknown-elf/8.3.0/../../../../riscv64-unknown-elf/lib/rv32imac/ilp32/libc_nano.a(lib_a-__call_atexit.o)
                0x0000000008007ade                __call_exitprocs
 .text._free_r  0x0000000008007ba6       0xb8 /Users/gulda/Documents/risc-v/toolchain-gd32v-v200-osx/compiler/bin/../lib/gcc/riscv64-unknown-elf/8.3.0/../../../../riscv64-unknown-elf/lib/rv32imac/ilp32/libc_nano.a(lib_a-nano-freer.o)
                0x0000000008007ba6                _free_r
 .text._malloc_r
                0x0000000008007c5e      0x102 /Users/gulda/Documents/risc-v/toolchain-gd32v-v200-osx/compiler/bin/../lib/gcc/riscv64-unknown-elf/8.3.0/../../../../riscv64-unknown-elf/lib/rv32imac/ilp32/libc_nano.a(lib_a-nano-mallocr.o)
                0x0000000008007c5e                _malloc_r
 .text.__ssputs_r
                0x0000000008007d60      0x102 /Users/gulda/Documents/risc-v/toolchain-gd32v-v200-osx/compiler/bin/../lib/gcc/riscv64-unknown-elf/8.3.0/../../../../riscv64-unknown-elf/lib/rv32imac/ilp32/libc_nano.a(lib_a-nano-svfprintf.o)
                0x0000000008007d60                __ssputs_r
 .text._svfprintf_r
                0x0000000008007e62      0x29a /Users/gulda/Documents/risc-v/toolchain-gd32v-v200-osx/compiler/bin/../lib/gcc/riscv64-unknown-elf/8.3.0/../../../../riscv64-unknown-elf/lib/rv32imac/ilp32/libc_nano.a(lib_a-nano-svfprintf.o)
                0x0000000008007e62                _svfprintf_r
                0x0000000008007e62                _svfiprintf_r
 .text._printf_common
                0x00000000080080fc      0x10c /Users/gulda/Documents/risc-v/toolchain-gd32v-v200-osx/compiler/bin/../lib/gcc/riscv64-unknown-elf/8.3.0/../../../../riscv64-unknown-elf/lib/rv32imac/ilp32/libc_nano.a(lib_a-nano-vfprintf_i.o)
                0x00000000080080fc                _printf_common
 .text._printf_i
                0x0000000008008208      0x2ae /Users/gulda/Documents/risc-v/toolchain-gd32v-v200-osx/compiler/bin/../lib/gcc/riscv64-unknown-elf/8.3.0/../../../../riscv64-unknown-elf/lib/rv32imac/ilp32/libc_nano.a(lib_a-nano-vfprintf_i.o)
                0x0000000008008208                _printf_i
 .text._sbrk_r  0x00000000080084b6       0x36 /Users/gulda/Documents/risc-v/toolchain-gd32v-v200-osx/compiler/bin/../lib/gcc/riscv64-unknown-elf/8.3.0/../../../../riscv64-unknown-elf/lib/rv32imac/ilp32/libc_nano.a(lib_a-sbrkr.o)
                0x00000000080084b6                _sbrk_r
 .text.memchr   0x00000000080084ec       0x1a /Users/gulda/Documents/risc-v/toolchain-gd32v-v200-osx/compiler/bin/../lib/gcc/riscv64-unknown-elf/8.3.0/../../../../riscv64-unknown-elf/lib/rv32imac/ilp32/libc_nano.a(lib_a-memchr.o)
                0x00000000080084ec                memchr
 .text          0x0000000008008506       0x26 /Users/gulda/Documents/risc-v/toolchain-gd32v-v200-osx/compiler/bin/../lib/gcc/riscv64-unknown-elf/8.3.0/../../../../riscv64-unknown-elf/lib/rv32imac/ilp32/libc_nano.a(lib_a-memmove.o)
                0x0000000008008506                memmove
 .text.__malloc_lock
                0x000000000800852c        0x2 /Users/gulda/Documents/risc-v/toolchain-gd32v-v200-osx/compiler/bin/../lib/gcc/riscv64-unknown-elf/8.3.0/../../../../riscv64-unknown-elf/lib/rv32imac/ilp32/libc_nano.a(lib_a-mlock.o)
                0x000000000800852c                __malloc_lock
 .text.__malloc_unlock
                0x000000000800852e        0x2 /Users/gulda/Documents/risc-v/toolchain-gd32v-v200-osx/compiler/bin/../lib/gcc/riscv64-unknown-elf/8.3.0/../../../../riscv64-unknown-elf/lib/rv32imac/ilp32/libc_nano.a(lib_a-mlock.o)
                0x000000000800852e                __malloc_unlock
 .text._realloc_r
                0x0000000008008530       0x72 /Users/gulda/Documents/risc-v/toolchain-gd32v-v200-osx/compiler/bin/../lib/gcc/riscv64-unknown-elf/8.3.0/../../../../riscv64-unknown-elf/lib/rv32imac/ilp32/libc_nano.a(lib_a-nano-reallocr.o)
                0x0000000008008530                _realloc_r
 .text._malloc_usable_size_r
                0x00000000080085a2       0x14 /Users/gulda/Documents/risc-v/toolchain-gd32v-v200-osx/compiler/bin/../lib/gcc/riscv64-unknown-elf/8.3.0/../../../../riscv64-unknown-elf/lib/rv32imac/ilp32/libc_nano.a(lib_a-nano-msizer.o)
                0x00000000080085a2                _malloc_usable_size_r
 *(.gnu.linkonce.t.*)

.sdata2.usbd_language_id_desc
                0x00000000080085b8        0x4
 .sdata2.usbd_language_id_desc
                0x00000000080085b8        0x4 build/cdc_acm_core.o
                0x00000000080085b8                usbd_language_id_desc

.sdata2.EP0_MAXLEN
                0x00000000080085bc        0x4
 .sdata2.EP0_MAXLEN
                0x00000000080085bc        0x4 build/drv_usb_dev.o

.sdata2.USB_SPEED
                0x00000000080085c0        0x4
 .sdata2.USB_SPEED
                0x00000000080085c0        0x4 build/drv_usbd_int.o

.sdata2._global_impure_ptr
                0x00000000080085c4        0x4
 .sdata2._global_impure_ptr
                0x00000000080085c4        0x4 /Users/gulda/Documents/risc-v/toolchain-gd32v-v200-osx/compiler/bin/../lib/gcc/riscv64-unknown-elf/8.3.0/../../../../riscv64-unknown-elf/lib/rv32imac/ilp32/libc_nano.a(lib_a-impure.o)
                0x00000000080085c4                _global_impure_ptr

.rela.dyn       0x00000000080085c8        0x0
 .rela.text._sbrk
                0x00000000080085c8        0x0 build/gd32vf103_adc.o
 .rela.sdata.curbrk.1524
                0x00000000080085c8        0x0 build/gd32vf103_adc.o
 .rela.text.handle_trap
                0x00000000080085c8        0x0 build/gd32vf103_adc.o
 .rela.text.dma_config
                0x00000000080085c8        0x0 build/gd32vf103_adc.o
 .rela.text.mpu6500_install
                0x00000000080085c8        0x0 build/gd32vf103_adc.o
 .rela.text.read_mpu
                0x00000000080085c8        0x0 build/gd32vf103_adc.o
 .rela.text.write_mpu
                0x00000000080085c8        0x0 build/gd32vf103_adc.o
 .rela.text.mpu6500_init
                0x00000000080085c8        0x0 build/gd32vf103_adc.o
 .rela.text.init_q
                0x00000000080085c8        0x0 build/gd32vf103_adc.o
 .rela.text.enqueue_string
                0x00000000080085c8        0x0 build/gd32vf103_adc.o
 .rela.text.queue_str_len
                0x00000000080085c8        0x0 build/gd32vf103_adc.o
 .rela.text.dequeue_string
                0x00000000080085c8        0x0 build/gd32vf103_adc.o
 .rela.text.empty_string_queue
                0x00000000080085c8        0x0 build/gd32vf103_adc.o
 .rela.text.clear_queues
                0x00000000080085c8        0x0 build/gd32vf103_adc.o
 .rela.text.USART2_IRQHandler
                0x00000000080085c8        0x0 build/gd32vf103_adc.o
 .rela.sdata.pDatabuffer
                0x00000000080085c8        0x0 build/gd32vf103_adc.o
 .rela.init     0x00000000080085c8        0x0 build/gd32vf103_adc.o
 .rela.text.trap
                0x00000000080085c8        0x0 build/gd32vf103_adc.o
 .rela.text.__libc_fini_array
                0x00000000080085c8        0x0 build/gd32vf103_adc.o
 .rela.text.__libc_init_array
                0x00000000080085c8        0x0 build/gd32vf103_adc.o
 .rela.text.__register_exitproc
                0x00000000080085c8        0x0 build/gd32vf103_adc.o
 .rela.text._svfprintf_r
                0x00000000080085c8        0x0 build/gd32vf103_adc.o
 .rela.text._sbrk_r
                0x00000000080085c8        0x0 build/gd32vf103_adc.o

.fini
 *(SORT_NONE(.fini))
                0x00000000080085c8                . = ALIGN (0x4)
                [!provide]                        PROVIDE (__etext = .)
                [!provide]                        PROVIDE (_etext = .)
                [!provide]                        PROVIDE (etext = .)
                [!provide]                        PROVIDE (_eilm = .)

.preinit_array  0x00000000080085c8        0x0
                0x00000000080085c8                PROVIDE (__preinit_array_start = .)
 *(.preinit_array)
                0x00000000080085c8                PROVIDE (__preinit_array_end = .)

.init_array     0x00000000080085c8        0x0
                0x00000000080085c8                PROVIDE (__init_array_start = .)
 *(SORT_BY_INIT_PRIORITY(.init_array.*) SORT_BY_INIT_PRIORITY(.ctors.*))
 *(.init_array EXCLUDE_FILE(*crtend?.o *crtend.o *crtbegin?.o *crtbegin.o) .ctors)
                0x00000000080085c8                PROVIDE (__init_array_end = .)

.fini_array     0x00000000080085c8        0x0
                0x00000000080085c8                PROVIDE (__fini_array_start = .)
 *(SORT_BY_INIT_PRIORITY(.fini_array.*) SORT_BY_INIT_PRIORITY(.dtors.*))
 *(.fini_array EXCLUDE_FILE(*crtend?.o *crtend.o *crtbegin?.o *crtbegin.o) .dtors)
                0x00000000080085c8                PROVIDE (__fini_array_end = .)

.ctors
 *crtbegin.o(.ctors)
 *crtbegin?.o(.ctors)
 *(EXCLUDE_FILE(*crtend?.o *crtend.o) .ctors)
 *(SORT_BY_NAME(.ctors.*))
 *(.ctors)

.dtors
 *crtbegin.o(.dtors)
 *crtbegin?.o(.dtors)
 *(EXCLUDE_FILE(*crtend?.o *crtend.o) .dtors)
 *(SORT_BY_NAME(.dtors.*))
 *(.dtors)
                0x00000000080085c8                . = ALIGN (0x4)
                [!provide]                        PROVIDE (_eilm = .)

.lalign         0x00000000080085c8        0x0
                0x00000000080085c8                . = ALIGN (0x4)
                0x00000000080085c8                PROVIDE (_data_lma = .)

.dalign         0x0000000020000000        0x0 load address 0x00000000080085c8
                0x0000000020000000                . = ALIGN (0x4)
                0x0000000020000000                PROVIDE (_data = .)

.data           0x0000000020000000      0x508 load address 0x00000000080085c8
 *(.rdata)
 *(.gnu.linkonce.r.*)
 *(.data .data.*)
 .data.configuration_descriptor
                0x0000000020000000       0x43 build/cdc_acm_core.o
                0x0000000020000000                configuration_descriptor
 *fill*         0x0000000020000043        0x1 
 .data.USB_OTG_dev
                0x0000000020000044      0x434 build/usb_serial_if.o
                0x0000000020000044                USB_OTG_dev
 .data.handles  0x0000000020000478        0xe build/main.o
                0x0000000020000478                handles
 *fill*         0x0000000020000486        0x2 
 .data.impure_data
                0x0000000020000488       0x60 /Users/gulda/Documents/risc-v/toolchain-gd32v-v200-osx/compiler/bin/../lib/gcc/riscv64-unknown-elf/8.3.0/../../../../riscv64-unknown-elf/lib/rv32imac/ilp32/libc_nano.a(lib_a-impure.o)
 *(.gnu.linkonce.d.*)
                0x00000000200004e8                . = ALIGN (0x8)
                0x0000000020000ce8                PROVIDE (__global_pointer$ = (. + 0x800))
 *(.sdata .sdata.*)
 .sdata.SystemCoreClock
                0x00000000200004e8        0x4 build/system_gd32vf103.o
                0x00000000200004e8                SystemCoreClock
 .sdata.curbrk.1524
                0x00000000200004ec        0x4 build/sbrk.o
 .sdata.time    0x00000000200004f0        0x8 build/gd32v_tf_card_if.o
                0x00000000200004f0                time
 .sdata.Stat    0x00000000200004f8        0x1 build/tf_card.o
 *fill*         0x00000000200004f9        0x3 
 .sdata.pDatabuffer
                0x00000000200004fc        0x4 build/main.o
                0x00000000200004fc                pDatabuffer
 .sdata._impure_ptr
                0x0000000020000500        0x4 /Users/gulda/Documents/risc-v/toolchain-gd32v-v200-osx/compiler/bin/../lib/gcc/riscv64-unknown-elf/8.3.0/../../../../riscv64-unknown-elf/lib/rv32imac/ilp32/libc_nano.a(lib_a-impure.o)
                0x0000000020000500                _impure_ptr
 *(.gnu.linkonce.s.*)
                0x0000000020000508                . = ALIGN (0x8)
 *fill*         0x0000000020000504        0x4 
 *(.srodata.cst16)
 *(.srodata.cst8)
 *(.srodata.cst4)
 *(.srodata.cst2)
 *(.srodata .srodata.*)
                0x0000000020000508                . = ALIGN (0x4)
                0x0000000020000508                PROVIDE (_edata = .)
                [!provide]                        PROVIDE (edata = .)
                [!provide]                        PROVIDE (_fbss = .)
                0x0000000020000508                PROVIDE (__bss_start = .)

.bss            0x0000000020000508     0x4940
 *(.sbss*)
 .sbss.pmtisr   0x0000000020000508        0x4 build/eclicw.o
 .sbss.pu0tbeisr
                0x000000002000050c        0x4 build/eclicw.o
 .sbss.FatFs    0x0000000020000510        0x4 build/ff.o
 .sbss.Fsid     0x0000000020000514        0x2 build/ff.o
 .sbss.CardType
                0x0000000020000516        0x1 build/tf_card.o
 *fill*         0x0000000020000517        0x1 
 .sbss.tf_current_time
                0x0000000020000518        0x8 build/tf_delay.o
                0x0000000020000518                tf_current_time
 .sbss.tf_delay_until
                0x0000000020000520        0x8 build/tf_delay.o
                0x0000000020000520                tf_delay_until
 .sbss.setupc_flag
                0x0000000020000528        0x1 build/drv_usbd_int.o
                0x0000000020000528                setupc_flag
 *fill*         0x0000000020000529        0x3 
 .sbss.usbfs_prescaler
                0x000000002000052c        0x4 build/gd32vf103_hw.o
                0x000000002000052c                usbfs_prescaler
 .sbss.config.4766
                0x0000000020000530        0x1 build/usbd_enum.o
 *fill*         0x0000000020000531        0x3 
 .sbss.status.4696
                0x0000000020000534        0x2 build/usbd_enum.o
 *fill*         0x0000000020000536        0x2 
 .sbss.emg      0x0000000020000538        0x4 build/main.o
                0x0000000020000538                emg
 .sbss.milli    0x000000002000053c        0x2 build/main.o
                0x000000002000053c                milli
 .sbss.minutes  0x000000002000053e        0x2 build/main.o
                0x000000002000053e                minutes
 .sbss.seconds  0x0000000020000540        0x4 build/main.o
                0x0000000020000540                seconds
 .sbss.start_time
                0x0000000020000544        0x4 build/main.o
                0x0000000020000544                start_time
 .sbss.write    0x0000000020000548        0x4 build/main.o
                0x0000000020000548                write
 .sbss.current_state
                0x000000002000054c        0x4 build/state.o
 .sbss._global_atexit
                0x0000000020000550        0x4 /Users/gulda/Documents/risc-v/toolchain-gd32v-v200-osx/compiler/bin/../lib/gcc/riscv64-unknown-elf/8.3.0/../../../../riscv64-unknown-elf/lib/rv32imac/ilp32/libc_nano.a(lib_a-__call_atexit.o)
                0x0000000020000550                _global_atexit
 .sbss.__malloc_free_list
                0x0000000020000554        0x4 /Users/gulda/Documents/risc-v/toolchain-gd32v-v200-osx/compiler/bin/../lib/gcc/riscv64-unknown-elf/8.3.0/../../../../riscv64-unknown-elf/lib/rv32imac/ilp32/libc_nano.a(lib_a-nano-mallocr.o)
                0x0000000020000554                __malloc_free_list
 .sbss.__malloc_sbrk_start
                0x0000000020000558        0x4 /Users/gulda/Documents/risc-v/toolchain-gd32v-v200-osx/compiler/bin/../lib/gcc/riscv64-unknown-elf/8.3.0/../../../../riscv64-unknown-elf/lib/rv32imac/ilp32/libc_nano.a(lib_a-nano-mallocr.o)
                0x0000000020000558                __malloc_sbrk_start
 *(.gnu.linkonce.sb.*)
 *(.bss .bss.*)
 .bss.last_Sample_buffer
                0x000000002000055c       0x10 build/main.o
                0x000000002000055c                last_Sample_buffer
 .bss.rx_dma_buffer
                0x000000002000056c      0x400 build/rn4871.o
                0x000000002000056c                rx_dma_buffer
 .bss.tx_dma_buffer
                0x000000002000096c      0x400 build/rn4871.o
                0x000000002000096c                tx_dma_buffer
 .bss._global_atexit0
                0x0000000020000d6c       0x8c /Users/gulda/Documents/risc-v/toolchain-gd32v-v200-osx/compiler/bin/../lib/gcc/riscv64-unknown-elf/8.3.0/../../../../riscv64-unknown-elf/lib/rv32imac/ilp32/libc_nano.a(lib_a-__atexit.o)
 *(.gnu.linkonce.b.*)
 *(COMMON)
 COMMON         0x0000000020000df8       0x16 build/dma.o
                0x0000000020000df8                dataBuffer
 *fill*         0x0000000020000e0e        0x2 
 COMMON         0x0000000020000e10        0x4 build/gd32v_mpu6500_if.o
                0x0000000020000e10                i2c_port
 COMMON         0x0000000020000e14       0x10 build/mpu6500_driver.o
                0x0000000020000e14                cb
 COMMON         0x0000000020000e24     0x4014 build/queue.o
                0x0000000020000e24                w
 COMMON         0x0000000020004e38        0xc build/main.o
                0x0000000020004e38                rxCount
                0x0000000020004e3c                rxbuffer
 COMMON         0x0000000020004e44        0x4 /Users/gulda/Documents/risc-v/toolchain-gd32v-v200-osx/compiler/bin/../lib/gcc/riscv64-unknown-elf/8.3.0/../../../../riscv64-unknown-elf/lib/rv32imac/ilp32/libc_nano.a(lib_a-reent.o)
                0x0000000020004e44                errno
                0x0000000020004e48                . = ALIGN (0x4)
                0x0000000020004e48                . = ALIGN (0x8)
                0x0000000020004e48                PROVIDE (_end = .)
                [!provide]                        PROVIDE (end = .)

.stack          0x0000000020007000     0x1000 load address 0x0000000020004e48
                0x0000000020007000                PROVIDE (_heap_end = .)
                0x0000000000001000                . = __stack_size
 *fill*         0x0000000020007000     0x1000 
                0x0000000020008000                PROVIDE (_sp = .)
                0x0000000000001000                . = (__dbg_stack_size + __stack_size)
                [!provide]                        PROVIDE (_dbg_sp = .)
OUTPUT(build/gd32vf103.elf elf32-littleriscv)

.debug_info     0x0000000000000000    0x2eb9b
 .debug_info    0x0000000000000000      0xb98 build/gd32vf103_adc.o
 .debug_info    0x0000000000000b98      0xe20 build/gd32vf103_dma.o
 .debug_info    0x00000000000019b8      0x2ac build/gd32vf103_eclic.o
 .debug_info    0x0000000000001c64      0x3e9 build/gd32vf103_exti.o
 .debug_info    0x000000000000204d      0x6f6 build/gd32vf103_gpio.o
 .debug_info    0x0000000000002743      0xbfd build/gd32vf103_i2c.o
 .debug_info    0x0000000000003340      0xf51 build/gd32vf103_rcu.o
 .debug_info    0x0000000000004291      0xa73 build/gd32vf103_spi.o
 .debug_info    0x0000000000004d04     0x16ec build/gd32vf103_timer.o
 .debug_info    0x00000000000063f0      0xccd build/gd32vf103_usart.o
 .debug_info    0x00000000000070bd      0x203 build/system_gd32vf103.o
 .debug_info    0x00000000000072c0      0x1d3 build/_exit.o
 .debug_info    0x0000000000007493       0xd0 build/sbrk.o
 .debug_info    0x0000000000007563      0x1bb build/write_hex.o
 .debug_info    0x000000000000771e     0x18a2 build/n200_func.o
 .debug_info    0x0000000000008fc0      0xb4f build/handlers.o
 .debug_info    0x0000000000009b0f      0xcb0 build/init.o
 .debug_info    0x000000000000a7bf      0x8ed build/dma.o
 .debug_info    0x000000000000b0ac      0x3da build/eclicw.o
 .debug_info    0x000000000000b486     0x2a42 build/ff.o
 .debug_info    0x000000000000dec8      0xb63 build/gd32v_tf_card_if.o
 .debug_info    0x000000000000ea2b     0x1bb1 build/tf_card.o
 .debug_info    0x00000000000105dc      0x17c build/tf_delay.o
 .debug_info    0x0000000000010758     0x14d3 build/gd32v_mpu6500_if.o
 .debug_info    0x0000000000011c2b     0x10aa build/mpu6500_driver.o
 .debug_info    0x0000000000012cd5      0x4bd build/queue.o
 .debug_info    0x0000000000013192      0x1a9 build/systick.o
 .debug_info    0x000000000001333b     0x21a4 build/cdc_acm_core.o
 .debug_info    0x00000000000154df      0xb4e build/drv_usb_core.o
 .debug_info    0x000000000001602d     0x13ce build/drv_usb_dev.o
 .debug_info    0x00000000000173fb     0x12e8 build/drv_usbd_int.o
 .debug_info    0x00000000000186e3     0x10bb build/gd32vf103_hw.o
 .debug_info    0x000000000001979e     0x1cb4 build/gd32vf103_usb_it.o
 .debug_info    0x000000000001b452      0x1a9 build/usb_delay.o
 .debug_info    0x000000000001b5fb     0x1e9b build/usb_serial_if.o
 .debug_info    0x000000000001d496     0x1304 build/usbd_core.o
 .debug_info    0x000000000001e79a     0x2128 build/usbd_enum.o
 .debug_info    0x00000000000208c2     0x1a23 build/usbd_transc.o
 .debug_info    0x00000000000222e5     0x39e1 build/main.o
 .debug_info    0x0000000000025cc6      0x9c3 build/radioHead.o
 .debug_info    0x0000000000026689     0x2e91 build/rn4871.o
 .debug_info    0x000000000002951a      0xa80 build/state.o
 .debug_info    0x0000000000029f9a       0x26 build/start.o
 .debug_info    0x0000000000029fc0       0x22 build/entry.o
 .debug_info    0x0000000000029fe2      0x734 /Users/gulda/Documents/risc-v/toolchain-gd32v-v200-osx/compiler/bin/../lib/gcc/riscv64-unknown-elf/8.3.0/rv32imac/ilp32/libgcc.a(divdf3.o)
 .debug_info    0x000000000002a716      0x286 /Users/gulda/Documents/risc-v/toolchain-gd32v-v200-osx/compiler/bin/../lib/gcc/riscv64-unknown-elf/8.3.0/rv32imac/ilp32/libgcc.a(ledf2.o)
 .debug_info    0x000000000002a99c      0x76c /Users/gulda/Documents/risc-v/toolchain-gd32v-v200-osx/compiler/bin/../lib/gcc/riscv64-unknown-elf/8.3.0/rv32imac/ilp32/libgcc.a(muldf3.o)
 .debug_info    0x000000000002b108      0x217 /Users/gulda/Documents/risc-v/toolchain-gd32v-v200-osx/compiler/bin/../lib/gcc/riscv64-unknown-elf/8.3.0/rv32imac/ilp32/libgcc.a(fixdfsi.o)
 .debug_info    0x000000000002b31f      0x2c0 /Users/gulda/Documents/risc-v/toolchain-gd32v-v200-osx/compiler/bin/../lib/gcc/riscv64-unknown-elf/8.3.0/rv32imac/ilp32/libgcc.a(floatsidf.o)
 .debug_info    0x000000000002b5df      0x2af /Users/gulda/Documents/risc-v/toolchain-gd32v-v200-osx/compiler/bin/../lib/gcc/riscv64-unknown-elf/8.3.0/rv32imac/ilp32/libgcc.a(floatunsidf.o)
 .debug_info    0x000000000002b88e      0x2e8 /Users/gulda/Documents/risc-v/toolchain-gd32v-v200-osx/compiler/bin/../lib/gcc/riscv64-unknown-elf/8.3.0/rv32imac/ilp32/libgcc.a(floatundidf.o)
 .debug_info    0x000000000002bb76      0xc72 /Users/gulda/Documents/risc-v/toolchain-gd32v-v200-osx/compiler/bin/../lib/gcc/riscv64-unknown-elf/8.3.0/rv32imac/ilp32/libgcc.a(_lshrdi3.o)
 .debug_info    0x000000000002c7e8      0xc72 /Users/gulda/Documents/risc-v/toolchain-gd32v-v200-osx/compiler/bin/../lib/gcc/riscv64-unknown-elf/8.3.0/rv32imac/ilp32/libgcc.a(_ashldi3.o)
 .debug_info    0x000000000002d45a      0xbd7 /Users/gulda/Documents/risc-v/toolchain-gd32v-v200-osx/compiler/bin/../lib/gcc/riscv64-unknown-elf/8.3.0/rv32imac/ilp32/libgcc.a(_clzsi2.o)
 .debug_info    0x000000000002e031      0xb6a /Users/gulda/Documents/risc-v/toolchain-gd32v-v200-osx/compiler/bin/../lib/gcc/riscv64-unknown-elf/8.3.0/rv32imac/ilp32/libgcc.a(_clz.o)

.debug_abbrev   0x0000000000000000     0x79af
 .debug_abbrev  0x0000000000000000      0x216 build/gd32vf103_adc.o
 .debug_abbrev  0x0000000000000216      0x20f build/gd32vf103_dma.o
 .debug_abbrev  0x0000000000000425      0x112 build/gd32vf103_eclic.o
 .debug_abbrev  0x0000000000000537      0x15c build/gd32vf103_exti.o
 .debug_abbrev  0x0000000000000693      0x228 build/gd32vf103_gpio.o
 .debug_abbrev  0x00000000000008bb      0x1e9 build/gd32vf103_i2c.o
 .debug_abbrev  0x0000000000000aa4      0x259 build/gd32vf103_rcu.o
 .debug_abbrev  0x0000000000000cfd      0x21a build/gd32vf103_spi.o
 .debug_abbrev  0x0000000000000f17      0x2c1 build/gd32vf103_timer.o
 .debug_abbrev  0x00000000000011d8      0x1eb build/gd32vf103_usart.o
 .debug_abbrev  0x00000000000013c3       0xe0 build/system_gd32vf103.o
 .debug_abbrev  0x00000000000014a3       0xec build/_exit.o
 .debug_abbrev  0x000000000000158f       0xac build/sbrk.o
 .debug_abbrev  0x000000000000163b       0xfa build/write_hex.o
 .debug_abbrev  0x0000000000001735      0x4db build/n200_func.o
 .debug_abbrev  0x0000000000001c10      0x234 build/handlers.o
 .debug_abbrev  0x0000000000001e44      0x22b build/init.o
 .debug_abbrev  0x000000000000206f      0x1b3 build/dma.o
 .debug_abbrev  0x0000000000002222      0x117 build/eclicw.o
 .debug_abbrev  0x0000000000002339      0x340 build/ff.o
 .debug_abbrev  0x0000000000002679      0x200 build/gd32v_tf_card_if.o
 .debug_abbrev  0x0000000000002879      0x4a3 build/tf_card.o
 .debug_abbrev  0x0000000000002d1c       0xd2 build/tf_delay.o
 .debug_abbrev  0x0000000000002dee      0x2cb build/gd32v_mpu6500_if.o
 .debug_abbrev  0x00000000000030b9      0x2dc build/mpu6500_driver.o
 .debug_abbrev  0x0000000000003395      0x248 build/queue.o
 .debug_abbrev  0x00000000000035dd       0xcb build/systick.o
 .debug_abbrev  0x00000000000036a8      0x3f7 build/cdc_acm_core.o
 .debug_abbrev  0x0000000000003a9f      0x2a9 build/drv_usb_core.o
 .debug_abbrev  0x0000000000003d48      0x335 build/drv_usb_dev.o
 .debug_abbrev  0x000000000000407d      0x305 build/drv_usbd_int.o
 .debug_abbrev  0x0000000000004382      0x318 build/gd32vf103_hw.o
 .debug_abbrev  0x000000000000469a      0x2a8 build/gd32vf103_usb_it.o
 .debug_abbrev  0x0000000000004942       0xcb build/usb_delay.o
 .debug_abbrev  0x0000000000004a0d      0x3b3 build/usb_serial_if.o
 .debug_abbrev  0x0000000000004dc0      0x2a8 build/usbd_core.o
 .debug_abbrev  0x0000000000005068      0x511 build/usbd_enum.o
 .debug_abbrev  0x0000000000005579      0x2ab build/usbd_transc.o
 .debug_abbrev  0x0000000000005824      0x54d build/main.o
 .debug_abbrev  0x0000000000005d71      0x1f2 build/radioHead.o
 .debug_abbrev  0x0000000000005f63      0x42e build/rn4871.o
 .debug_abbrev  0x0000000000006391      0x20b build/state.o
 .debug_abbrev  0x000000000000659c       0x14 build/start.o
 .debug_abbrev  0x00000000000065b0       0x12 build/entry.o
 .debug_abbrev  0x00000000000065c2      0x187 /Users/gulda/Documents/risc-v/toolchain-gd32v-v200-osx/compiler/bin/../lib/gcc/riscv64-unknown-elf/8.3.0/rv32imac/ilp32/libgcc.a(divdf3.o)
 .debug_abbrev  0x0000000000006749      0x199 /Users/gulda/Documents/risc-v/toolchain-gd32v-v200-osx/compiler/bin/../lib/gcc/riscv64-unknown-elf/8.3.0/rv32imac/ilp32/libgcc.a(ledf2.o)
 .debug_abbrev  0x00000000000068e2      0x197 /Users/gulda/Documents/risc-v/toolchain-gd32v-v200-osx/compiler/bin/../lib/gcc/riscv64-unknown-elf/8.3.0/rv32imac/ilp32/libgcc.a(muldf3.o)
 .debug_abbrev  0x0000000000006a79      0x18a /Users/gulda/Documents/risc-v/toolchain-gd32v-v200-osx/compiler/bin/../lib/gcc/riscv64-unknown-elf/8.3.0/rv32imac/ilp32/libgcc.a(fixdfsi.o)
 .debug_abbrev  0x0000000000006c03      0x181 /Users/gulda/Documents/risc-v/toolchain-gd32v-v200-osx/compiler/bin/../lib/gcc/riscv64-unknown-elf/8.3.0/rv32imac/ilp32/libgcc.a(floatsidf.o)
 .debug_abbrev  0x0000000000006d84      0x178 /Users/gulda/Documents/risc-v/toolchain-gd32v-v200-osx/compiler/bin/../lib/gcc/riscv64-unknown-elf/8.3.0/rv32imac/ilp32/libgcc.a(floatunsidf.o)
 .debug_abbrev  0x0000000000006efc      0x19f /Users/gulda/Documents/risc-v/toolchain-gd32v-v200-osx/compiler/bin/../lib/gcc/riscv64-unknown-elf/8.3.0/rv32imac/ilp32/libgcc.a(floatundidf.o)
 .debug_abbrev  0x000000000000709b      0x275 /Users/gulda/Documents/risc-v/toolchain-gd32v-v200-osx/compiler/bin/../lib/gcc/riscv64-unknown-elf/8.3.0/rv32imac/ilp32/libgcc.a(_lshrdi3.o)
 .debug_abbrev  0x0000000000007310      0x275 /Users/gulda/Documents/risc-v/toolchain-gd32v-v200-osx/compiler/bin/../lib/gcc/riscv64-unknown-elf/8.3.0/rv32imac/ilp32/libgcc.a(_ashldi3.o)
 .debug_abbrev  0x0000000000007585      0x242 /Users/gulda/Documents/risc-v/toolchain-gd32v-v200-osx/compiler/bin/../lib/gcc/riscv64-unknown-elf/8.3.0/rv32imac/ilp32/libgcc.a(_clzsi2.o)
 .debug_abbrev  0x00000000000077c7      0x1e8 /Users/gulda/Documents/risc-v/toolchain-gd32v-v200-osx/compiler/bin/../lib/gcc/riscv64-unknown-elf/8.3.0/rv32imac/ilp32/libgcc.a(_clz.o)

.debug_loc      0x0000000000000000    0x115a6
 .debug_loc     0x0000000000000000      0x7d6 build/gd32vf103_adc.o
 .debug_loc     0x00000000000007d6      0xd54 build/gd32vf103_dma.o
 .debug_loc     0x000000000000152a       0xe7 build/gd32vf103_eclic.o
 .debug_loc     0x0000000000001611      0x1c8 build/gd32vf103_exti.o
 .debug_loc     0x00000000000017d9      0x4ba build/gd32vf103_gpio.o
 .debug_loc     0x0000000000001c93      0x8a1 build/gd32vf103_i2c.o
 .debug_loc     0x0000000000002534      0xcf4 build/gd32vf103_rcu.o
 .debug_loc     0x0000000000003228      0x54e build/gd32vf103_spi.o
 .debug_loc     0x0000000000003776      0xef4 build/gd32vf103_timer.o
 .debug_loc     0x000000000000466a      0x773 build/gd32vf103_usart.o
 .debug_loc     0x0000000000004ddd      0x173 build/system_gd32vf103.o
 .debug_loc     0x0000000000004f50       0x3e build/_exit.o
 .debug_loc     0x0000000000004f8e       0x21 build/sbrk.o
 .debug_loc     0x0000000000004faf      0x101 build/write_hex.o
 .debug_loc     0x00000000000050b0      0xa1d build/n200_func.o
 .debug_loc     0x0000000000005acd       0x7f build/handlers.o
 .debug_loc     0x0000000000005b4c       0x2c build/init.o
 .debug_loc     0x0000000000005b78      0x101 build/dma.o
 .debug_loc     0x0000000000005c79      0x16e build/eclicw.o
 .debug_loc     0x0000000000005de7     0x318f build/ff.o
 .debug_loc     0x0000000000008f76      0xc7a build/tf_card.o
 .debug_loc     0x0000000000009bf0       0x84 build/tf_delay.o
 .debug_loc     0x0000000000009c74      0x50d build/gd32v_mpu6500_if.o
 .debug_loc     0x000000000000a181      0x471 build/mpu6500_driver.o
 .debug_loc     0x000000000000a5f2      0x32b build/queue.o
 .debug_loc     0x000000000000a91d      0x110 build/systick.o
 .debug_loc     0x000000000000aa2d      0x3df build/cdc_acm_core.o
 .debug_loc     0x000000000000ae0c      0x53e build/drv_usb_core.o
 .debug_loc     0x000000000000b34a      0x83b build/drv_usb_dev.o
 .debug_loc     0x000000000000bb85      0x69a build/drv_usbd_int.o
 .debug_loc     0x000000000000c21f      0x106 build/gd32vf103_hw.o
 .debug_loc     0x000000000000c325       0x2c build/gd32vf103_usb_it.o
 .debug_loc     0x000000000000c351      0x130 build/usb_delay.o
 .debug_loc     0x000000000000c481      0x2a3 build/usb_serial_if.o
 .debug_loc     0x000000000000c724      0x730 build/usbd_core.o
 .debug_loc     0x000000000000ce54      0xb83 build/usbd_enum.o
 .debug_loc     0x000000000000d9d7      0x4ec build/usbd_transc.o
 .debug_loc     0x000000000000dec3      0x65d build/main.o
 .debug_loc     0x000000000000e520      0x18a build/radioHead.o
 .debug_loc     0x000000000000e6aa      0x528 build/rn4871.o
 .debug_loc     0x000000000000ebd2     0x129b /Users/gulda/Documents/risc-v/toolchain-gd32v-v200-osx/compiler/bin/../lib/gcc/riscv64-unknown-elf/8.3.0/rv32imac/ilp32/libgcc.a(divdf3.o)
 .debug_loc     0x000000000000fe6d      0x156 /Users/gulda/Documents/risc-v/toolchain-gd32v-v200-osx/compiler/bin/../lib/gcc/riscv64-unknown-elf/8.3.0/rv32imac/ilp32/libgcc.a(ledf2.o)
 .debug_loc     0x000000000000ffc3      0xd6e /Users/gulda/Documents/risc-v/toolchain-gd32v-v200-osx/compiler/bin/../lib/gcc/riscv64-unknown-elf/8.3.0/rv32imac/ilp32/libgcc.a(muldf3.o)
 .debug_loc     0x0000000000010d31      0x16d /Users/gulda/Documents/risc-v/toolchain-gd32v-v200-osx/compiler/bin/../lib/gcc/riscv64-unknown-elf/8.3.0/rv32imac/ilp32/libgcc.a(fixdfsi.o)
 .debug_loc     0x0000000000010e9e      0x159 /Users/gulda/Documents/risc-v/toolchain-gd32v-v200-osx/compiler/bin/../lib/gcc/riscv64-unknown-elf/8.3.0/rv32imac/ilp32/libgcc.a(floatsidf.o)
 .debug_loc     0x0000000000010ff7      0x15c /Users/gulda/Documents/risc-v/toolchain-gd32v-v200-osx/compiler/bin/../lib/gcc/riscv64-unknown-elf/8.3.0/rv32imac/ilp32/libgcc.a(floatunsidf.o)
 .debug_loc     0x0000000000011153      0x2ec /Users/gulda/Documents/risc-v/toolchain-gd32v-v200-osx/compiler/bin/../lib/gcc/riscv64-unknown-elf/8.3.0/rv32imac/ilp32/libgcc.a(floatundidf.o)
 .debug_loc     0x000000000001143f       0x7e /Users/gulda/Documents/risc-v/toolchain-gd32v-v200-osx/compiler/bin/../lib/gcc/riscv64-unknown-elf/8.3.0/rv32imac/ilp32/libgcc.a(_lshrdi3.o)
 .debug_loc     0x00000000000114bd       0x7e /Users/gulda/Documents/risc-v/toolchain-gd32v-v200-osx/compiler/bin/../lib/gcc/riscv64-unknown-elf/8.3.0/rv32imac/ilp32/libgcc.a(_ashldi3.o)
 .debug_loc     0x000000000001153b       0x6b /Users/gulda/Documents/risc-v/toolchain-gd32v-v200-osx/compiler/bin/../lib/gcc/riscv64-unknown-elf/8.3.0/rv32imac/ilp32/libgcc.a(_clzsi2.o)

.debug_aranges  0x0000000000000000     0x1740
 .debug_aranges
                0x0000000000000000      0x140 build/gd32vf103_adc.o
 .debug_aranges
                0x0000000000000140       0xe8 build/gd32vf103_dma.o
 .debug_aranges
                0x0000000000000228       0x50 build/gd32vf103_eclic.o
 .debug_aranges
                0x0000000000000278       0x70 build/gd32vf103_exti.o
 .debug_aranges
                0x00000000000002e8       0xa0 build/gd32vf103_gpio.o
 .debug_aranges
                0x0000000000000388      0x110 build/gd32vf103_i2c.o
 .debug_aranges
                0x0000000000000498      0x160 build/gd32vf103_rcu.o
 .debug_aranges
                0x00000000000005f8      0x128 build/gd32vf103_spi.o
 .debug_aranges
                0x0000000000000720      0x240 build/gd32vf103_timer.o
 .debug_aranges
                0x0000000000000960      0x170 build/gd32vf103_usart.o
 .debug_aranges
                0x0000000000000ad0       0x28 build/system_gd32vf103.o
 .debug_aranges
                0x0000000000000af8       0x20 build/_exit.o
 .debug_aranges
                0x0000000000000b18       0x20 build/sbrk.o
 .debug_aranges
                0x0000000000000b38       0x20 build/write_hex.o
 .debug_aranges
                0x0000000000000b58      0x140 build/n200_func.o
 .debug_aranges
                0x0000000000000c98       0x28 build/handlers.o
 .debug_aranges
                0x0000000000000cc0       0x28 build/init.o
 .debug_aranges
                0x0000000000000ce8       0x38 build/dma.o
 .debug_aranges
                0x0000000000000d20       0x30 build/eclicw.o
 .debug_aranges
                0x0000000000000d50       0xd8 build/ff.o
 .debug_aranges
                0x0000000000000e28       0x28 build/gd32v_tf_card_if.o
 .debug_aranges
                0x0000000000000e50       0x80 build/tf_card.o
 .debug_aranges
                0x0000000000000ed0       0x28 build/tf_delay.o
 .debug_aranges
                0x0000000000000ef8       0x50 build/gd32v_mpu6500_if.o
 .debug_aranges
                0x0000000000000f48       0x50 build/mpu6500_driver.o
 .debug_aranges
                0x0000000000000f98       0x50 build/queue.o
 .debug_aranges
                0x0000000000000fe8       0x28 build/systick.o
 .debug_aranges
                0x0000000000001010       0x68 build/cdc_acm_core.o
 .debug_aranges
                0x0000000000001078       0x48 build/drv_usb_core.o
 .debug_aranges
                0x00000000000010c0       0xc8 build/drv_usb_dev.o
 .debug_aranges
                0x0000000000001188       0x58 build/drv_usbd_int.o
 .debug_aranges
                0x00000000000011e0       0x40 build/gd32vf103_hw.o
 .debug_aranges
                0x0000000000001220       0x28 build/gd32vf103_usb_it.o
 .debug_aranges
                0x0000000000001248       0x28 build/usb_delay.o
 .debug_aranges
                0x0000000000001270       0x48 build/usb_serial_if.o
 .debug_aranges
                0x00000000000012b8       0x78 build/usbd_core.o
 .debug_aranges
                0x0000000000001330       0xa8 build/usbd_enum.o
 .debug_aranges
                0x00000000000013d8       0x50 build/usbd_transc.o
 .debug_aranges
                0x0000000000001428       0xb8 build/main.o
 .debug_aranges
                0x00000000000014e0       0x38 build/radioHead.o
 .debug_aranges
                0x0000000000001518       0x60 build/rn4871.o
 .debug_aranges
                0x0000000000001578       0x28 build/state.o
 .debug_aranges
                0x00000000000015a0       0x20 build/start.o
 .debug_aranges
                0x00000000000015c0       0x28 build/entry.o
 .debug_aranges
                0x00000000000015e8       0x20 /Users/gulda/Documents/risc-v/toolchain-gd32v-v200-osx/compiler/bin/../lib/gcc/riscv64-unknown-elf/8.3.0/rv32imac/ilp32/libgcc.a(divdf3.o)
 .debug_aranges
                0x0000000000001608       0x20 /Users/gulda/Documents/risc-v/toolchain-gd32v-v200-osx/compiler/bin/../lib/gcc/riscv64-unknown-elf/8.3.0/rv32imac/ilp32/libgcc.a(ledf2.o)
 .debug_aranges
                0x0000000000001628       0x20 /Users/gulda/Documents/risc-v/toolchain-gd32v-v200-osx/compiler/bin/../lib/gcc/riscv64-unknown-elf/8.3.0/rv32imac/ilp32/libgcc.a(muldf3.o)
 .debug_aranges
                0x0000000000001648       0x20 /Users/gulda/Documents/risc-v/toolchain-gd32v-v200-osx/compiler/bin/../lib/gcc/riscv64-unknown-elf/8.3.0/rv32imac/ilp32/libgcc.a(fixdfsi.o)
 .debug_aranges
                0x0000000000001668       0x20 /Users/gulda/Documents/risc-v/toolchain-gd32v-v200-osx/compiler/bin/../lib/gcc/riscv64-unknown-elf/8.3.0/rv32imac/ilp32/libgcc.a(floatsidf.o)
 .debug_aranges
                0x0000000000001688       0x20 /Users/gulda/Documents/risc-v/toolchain-gd32v-v200-osx/compiler/bin/../lib/gcc/riscv64-unknown-elf/8.3.0/rv32imac/ilp32/libgcc.a(floatunsidf.o)
 .debug_aranges
                0x00000000000016a8       0x20 /Users/gulda/Documents/risc-v/toolchain-gd32v-v200-osx/compiler/bin/../lib/gcc/riscv64-unknown-elf/8.3.0/rv32imac/ilp32/libgcc.a(floatundidf.o)
 .debug_aranges
                0x00000000000016c8       0x20 /Users/gulda/Documents/risc-v/toolchain-gd32v-v200-osx/compiler/bin/../lib/gcc/riscv64-unknown-elf/8.3.0/rv32imac/ilp32/libgcc.a(_lshrdi3.o)
 .debug_aranges
                0x00000000000016e8       0x20 /Users/gulda/Documents/risc-v/toolchain-gd32v-v200-osx/compiler/bin/../lib/gcc/riscv64-unknown-elf/8.3.0/rv32imac/ilp32/libgcc.a(_ashldi3.o)
 .debug_aranges
                0x0000000000001708       0x20 /Users/gulda/Documents/risc-v/toolchain-gd32v-v200-osx/compiler/bin/../lib/gcc/riscv64-unknown-elf/8.3.0/rv32imac/ilp32/libgcc.a(_clzsi2.o)
 .debug_aranges
                0x0000000000001728       0x18 /Users/gulda/Documents/risc-v/toolchain-gd32v-v200-osx/compiler/bin/../lib/gcc/riscv64-unknown-elf/8.3.0/rv32imac/ilp32/libgcc.a(_clz.o)

.debug_ranges   0x0000000000000000     0x1f50
 .debug_ranges  0x0000000000000000      0x130 build/gd32vf103_adc.o
 .debug_ranges  0x0000000000000130       0xd8 build/gd32vf103_dma.o
 .debug_ranges  0x0000000000000208       0x40 build/gd32vf103_eclic.o
 .debug_ranges  0x0000000000000248       0x60 build/gd32vf103_exti.o
 .debug_ranges  0x00000000000002a8       0x90 build/gd32vf103_gpio.o
 .debug_ranges  0x0000000000000338      0x100 build/gd32vf103_i2c.o
 .debug_ranges  0x0000000000000438      0x150 build/gd32vf103_rcu.o
 .debug_ranges  0x0000000000000588      0x118 build/gd32vf103_spi.o
 .debug_ranges  0x00000000000006a0      0x270 build/gd32vf103_timer.o
 .debug_ranges  0x0000000000000910      0x160 build/gd32vf103_usart.o
 .debug_ranges  0x0000000000000a70       0x18 build/system_gd32vf103.o
 .debug_ranges  0x0000000000000a88       0x10 build/_exit.o
 .debug_ranges  0x0000000000000a98       0x10 build/sbrk.o
 .debug_ranges  0x0000000000000aa8       0x30 build/write_hex.o
 .debug_ranges  0x0000000000000ad8      0x240 build/n200_func.o
 .debug_ranges  0x0000000000000d18       0x18 build/handlers.o
 .debug_ranges  0x0000000000000d30       0x18 build/init.o
 .debug_ranges  0x0000000000000d48       0x28 build/dma.o
 .debug_ranges  0x0000000000000d70       0x20 build/eclicw.o
 .debug_ranges  0x0000000000000d90      0x328 build/ff.o
 .debug_ranges  0x00000000000010b8       0x18 build/gd32v_tf_card_if.o
 .debug_ranges  0x00000000000010d0       0x90 build/tf_card.o
 .debug_ranges  0x0000000000001160       0x18 build/tf_delay.o
 .debug_ranges  0x0000000000001178       0x70 build/gd32v_mpu6500_if.o
 .debug_ranges  0x00000000000011e8       0x40 build/mpu6500_driver.o
 .debug_ranges  0x0000000000001228       0x80 build/queue.o
 .debug_ranges  0x00000000000012a8       0x18 build/systick.o
 .debug_ranges  0x00000000000012c0       0x88 build/cdc_acm_core.o
 .debug_ranges  0x0000000000001348       0x38 build/drv_usb_core.o
 .debug_ranges  0x0000000000001380       0xd0 build/drv_usb_dev.o
 .debug_ranges  0x0000000000001450       0xc0 build/drv_usbd_int.o
 .debug_ranges  0x0000000000001510       0x30 build/gd32vf103_hw.o
 .debug_ranges  0x0000000000001540       0x18 build/gd32vf103_usb_it.o
 .debug_ranges  0x0000000000001558       0x18 build/usb_delay.o
 .debug_ranges  0x0000000000001570       0x88 build/usb_serial_if.o
 .debug_ranges  0x00000000000015f8       0x68 build/usbd_core.o
 .debug_ranges  0x0000000000001660      0x150 build/usbd_enum.o
 .debug_ranges  0x00000000000017b0       0x40 build/usbd_transc.o
 .debug_ranges  0x00000000000017f0       0xe8 build/main.o
 .debug_ranges  0x00000000000018d8       0x48 build/radioHead.o
 .debug_ranges  0x0000000000001920       0xf8 build/rn4871.o
 .debug_ranges  0x0000000000001a18       0x18 build/state.o
 .debug_ranges  0x0000000000001a30       0x20 build/entry.o
 .debug_ranges  0x0000000000001a50      0x180 /Users/gulda/Documents/risc-v/toolchain-gd32v-v200-osx/compiler/bin/../lib/gcc/riscv64-unknown-elf/8.3.0/rv32imac/ilp32/libgcc.a(divdf3.o)
 .debug_ranges  0x0000000000001bd0       0x68 /Users/gulda/Documents/risc-v/toolchain-gd32v-v200-osx/compiler/bin/../lib/gcc/riscv64-unknown-elf/8.3.0/rv32imac/ilp32/libgcc.a(ledf2.o)
 .debug_ranges  0x0000000000001c38      0x1c0 /Users/gulda/Documents/risc-v/toolchain-gd32v-v200-osx/compiler/bin/../lib/gcc/riscv64-unknown-elf/8.3.0/rv32imac/ilp32/libgcc.a(muldf3.o)
 .debug_ranges  0x0000000000001df8       0x18 /Users/gulda/Documents/risc-v/toolchain-gd32v-v200-osx/compiler/bin/../lib/gcc/riscv64-unknown-elf/8.3.0/rv32imac/ilp32/libgcc.a(fixdfsi.o)
 .debug_ranges  0x0000000000001e10       0x50 /Users/gulda/Documents/risc-v/toolchain-gd32v-v200-osx/compiler/bin/../lib/gcc/riscv64-unknown-elf/8.3.0/rv32imac/ilp32/libgcc.a(floatsidf.o)
 .debug_ranges  0x0000000000001e60       0x68 /Users/gulda/Documents/risc-v/toolchain-gd32v-v200-osx/compiler/bin/../lib/gcc/riscv64-unknown-elf/8.3.0/rv32imac/ilp32/libgcc.a(floatunsidf.o)
 .debug_ranges  0x0000000000001ec8       0x68 /Users/gulda/Documents/risc-v/toolchain-gd32v-v200-osx/compiler/bin/../lib/gcc/riscv64-unknown-elf/8.3.0/rv32imac/ilp32/libgcc.a(floatundidf.o)
 .debug_ranges  0x0000000000001f30       0x20 /Users/gulda/Documents/risc-v/toolchain-gd32v-v200-osx/compiler/bin/../lib/gcc/riscv64-unknown-elf/8.3.0/rv32imac/ilp32/libgcc.a(_clzsi2.o)

.debug_line     0x0000000000000000    0x22ca9
 .debug_line    0x0000000000000000     0x1495 build/gd32vf103_adc.o
 .debug_line    0x0000000000001495     0x1121 build/gd32vf103_dma.o
 .debug_line    0x00000000000025b6      0x340 build/gd32vf103_eclic.o
 .debug_line    0x00000000000028f6      0x58e build/gd32vf103_exti.o
 .debug_line    0x0000000000002e84      0xb24 build/gd32vf103_gpio.o
 .debug_line    0x00000000000039a8      0xf9d build/gd32vf103_i2c.o
 .debug_line    0x0000000000004945     0x1517 build/gd32vf103_rcu.o
 .debug_line    0x0000000000005e5c      0xe39 build/gd32vf103_spi.o
 .debug_line    0x0000000000006c95     0x2b03 build/gd32vf103_timer.o
 .debug_line    0x0000000000009798      0xe26 build/gd32vf103_usart.o
 .debug_line    0x000000000000a5be      0x6bd build/system_gd32vf103.o
 .debug_line    0x000000000000ac7b      0x14b build/_exit.o
 .debug_line    0x000000000000adc6      0x13b build/sbrk.o
 .debug_line    0x000000000000af01      0x245 build/write_hex.o
 .debug_line    0x000000000000b146     0x12d5 build/n200_func.o
 .debug_line    0x000000000000c41b      0x276 build/handlers.o
 .debug_line    0x000000000000c691      0x2b5 build/init.o
 .debug_line    0x000000000000c946      0x53c build/dma.o
 .debug_line    0x000000000000ce82      0x2ee build/eclicw.o
 .debug_line    0x000000000000d170     0x462b build/ff.o
 .debug_line    0x000000000001179b      0x34c build/gd32v_tf_card_if.o
 .debug_line    0x0000000000011ae7     0x1740 build/tf_card.o
 .debug_line    0x0000000000013227      0x27b build/tf_delay.o
 .debug_line    0x00000000000134a2      0xb04 build/gd32v_mpu6500_if.o
 .debug_line    0x0000000000013fa6      0x7d1 build/mpu6500_driver.o
 .debug_line    0x0000000000014777      0x705 build/queue.o
 .debug_line    0x0000000000014e7c      0x3a4 build/systick.o
 .debug_line    0x0000000000015220      0x7c7 build/cdc_acm_core.o
 .debug_line    0x00000000000159e7      0x915 build/drv_usb_core.o
 .debug_line    0x00000000000162fc     0x153d build/drv_usb_dev.o
 .debug_line    0x0000000000017839     0x1047 build/drv_usbd_int.o
 .debug_line    0x0000000000018880      0x51d build/gd32vf103_hw.o
 .debug_line    0x0000000000018d9d      0x3f7 build/gd32vf103_usb_it.o
 .debug_line    0x0000000000019194      0x35d build/usb_delay.o
 .debug_line    0x00000000000194f1      0xa3a build/usb_serial_if.o
 .debug_line    0x0000000000019f2b      0x7fa build/usbd_core.o
 .debug_line    0x000000000001a725     0x1076 build/usbd_enum.o
 .debug_line    0x000000000001b79b      0x885 build/usbd_transc.o
 .debug_line    0x000000000001c020     0x1847 build/main.o
 .debug_line    0x000000000001d867      0x6b7 build/radioHead.o
 .debug_line    0x000000000001df1e     0x10ab build/rn4871.o
 .debug_line    0x000000000001efc9      0x1de build/state.o
 .debug_line    0x000000000001f1a7      0x187 build/start.o
 .debug_line    0x000000000001f32e       0xe3 build/entry.o
 .debug_line    0x000000000001f411      0xe35 /Users/gulda/Documents/risc-v/toolchain-gd32v-v200-osx/compiler/bin/../lib/gcc/riscv64-unknown-elf/8.3.0/rv32imac/ilp32/libgcc.a(divdf3.o)
 .debug_line    0x0000000000020246      0x303 /Users/gulda/Documents/risc-v/toolchain-gd32v-v200-osx/compiler/bin/../lib/gcc/riscv64-unknown-elf/8.3.0/rv32imac/ilp32/libgcc.a(ledf2.o)
 .debug_line    0x0000000000020549      0xbf8 /Users/gulda/Documents/risc-v/toolchain-gd32v-v200-osx/compiler/bin/../lib/gcc/riscv64-unknown-elf/8.3.0/rv32imac/ilp32/libgcc.a(muldf3.o)